<html>
<body>
<pre>
<h1>礦ision Build Log</h1>
<h2>Tool Versions:</h2>
IDE-Version: μVision V5.29.0.0
Copyright (C) 2019 ARM Ltd and ARM Germany GmbH. All rights reserved.
License Information: tang BaCheng, BaCheng, LIC=EXJII-TL0FM-6QZ0X-HXF9W-24WUN-VBSA2
 
Tool Versions:
Toolchain:       MDK-ARM Plus  Version: 5.29.0.0
Toolchain Path:  C:\Keil_v5\ARM\ARMCC\Bin
C Compiler:      Armcc.exe V5.06 update 6 (build 750)
Assembler:       Armasm.exe V5.06 update 6 (build 750)
Linker/Locator:  ArmLink.exe V5.06 update 6 (build 750)
Library Manager: ArmAr.exe V5.06 update 6 (build 750)
Hex Converter:   FromElf.exe V5.06 update 6 (build 750)
CPU DLL:         SARMCM3.DLL V5.29.0.0
Dialog DLL:      DCM.DLL V1.17.3.0
Target DLL:      STLink\ST-LINKIII-KEIL_SWO.dll V3.0.7.0
Dialog DLL:      TCM.DLL V1.36.5.0
 
<h2>Project:</h2>
E:\aiotcode-master\射频识别(RFID)实验装置\4.综合实验\6.NFC_Memory_ReadWrite\TFT\USER\TFT.uvprojx
Project File Date:  08/11/2020

<h2>Output:</h2>
*** Using Compiler 'V5.06 update 6 (build 750)', folder: 'C:\Keil_v5\ARM\ARMCC\Bin'
Build target 'TFT'
compiling stm32f1xx_hal_msp.c...
compiling main.c...
main.c(96): warning:  #173-D: floating-point value does not fit in required integral type
      LCD_ShowString(BOX_2_X_START-10*8,BOX_2_Y_String,"memory:",1);     
main.c(74): warning:  #177-D: variable "i"  was declared but never referenced
      uint8_t i = 0;
main.c(188): warning:  #177-D: variable "nextstate"  was declared but never referenced
      static uint8_t state = 0,nextstate = 0,_10Hz_Count=0;
main.c(188): warning:  #177-D: variable "_10Hz_Count"  was declared but never referenced
      static uint8_t state = 0,nextstate = 0,_10Hz_Count=0;
main.c: 4 warnings, 0 errors
compiling stm32f1xx_it.c...
compiling system_stm32f1xx.c...
assembling startup_stm32f103xe.s...
compiling stm32f1xx_hal.c...
compiling stm32f1xx_hal_cortex.c...
compiling stm32f1xx_hal_gpio.c...
compiling stm32f1xx_hal_gpio_ex.c...
compiling stm32f1xx_hal_pwr.c...
compiling stm32f1xx_hal_rcc_ex.c...
compiling stm32f1xx_hal_uart.c...
compiling stm32f1xx_hal_rcc.c...
compiling stm32f1xx_hal_usart.c...
compiling stm32f1xx_hal_flash.c...
compiling stm32f1xx_hal_flash_ex.c...
compiling stm32f1xx_hal_dma.c...
compiling delay.c...
compiling stm32f1xx_hal_tim_ex.c...
compiling TFT.c...
compiling stm32f1xx_hal_tim.c...
compiling font.c...
compiling Rs485.c...
compiling usart.c...
compiling timer.c...
linking...
Program Size: Code=10504 RO-data=420 RW-data=1568 ZI-data=2856  
FromELF: creating hex file...
"..\OBJ\Template.axf" - 0 Error(s), 4 Warning(s).

<h2>Software Packages used:</h2>

Package Vendor: Keil
                http://www.keil.com/pack/Keil.STM32F1xx_DFP.2.3.0.pack
                Keil.STM32F1xx_DFP.2.3.0
                STMicroelectronics STM32F1 Series Device Support, Drivers and Examples

<h2>Collection of Component include folders:</h2>
  .\RTE\_TFT
  C:\Keil_v5\ARM\PACK\Keil\STM32F1xx_DFP\2.3.0\Device\Include

<h2>Collection of Component Files used:</h2>
Build Time Elapsed:  00:01:53
</pre>
</body>
</html>
