Component: ARM Compiler 5.06 update 6 (build 750) Tool: armlink [4d35ed]

==============================================================================

Section Cross References

    main.o(i.RS485_HandlerCb) refers to _printf_percent.o(.ARM.Collect$$_printf_percent$$00000000) for _printf_percent
    main.o(i.RS485_HandlerCb) refers to _printf_d.o(.ARM.Collect$$_printf_percent$$00000009) for _printf_d
    main.o(i.RS485_HandlerCb) refers to _printf_dec.o(.text) for _printf_int_dec
    main.o(i.RS485_HandlerCb) refers to rs485.o(i.DataHandling_485) for DataHandling_485
    main.o(i.RS485_HandlerCb) refers to rs485.o(i.Rs485_Send) for Rs485_Send
    main.o(i.RS485_HandlerCb) refers to __2printf.o(.text) for __2printf
    main.o(i.RS485_HandlerCb) refers to rt_memcpy_v6.o(.text) for __aeabi_memcpy
    main.o(i.RS485_HandlerCb) refers to main.o(.data) for .data
    main.o(i.RS485_HandlerCb) refers to rs485.o(.bss) for Rx_Stack
    main.o(i.RS485_HandlerCb) refers to main.o(.bss) for .bss
    main.o(i.main) refers to _printf_percent.o(.ARM.Collect$$_printf_percent$$00000000) for _printf_percent
    main.o(i.main) refers to _printf_d.o(.ARM.Collect$$_printf_percent$$00000009) for _printf_d
    main.o(i.main) refers to _printf_dec.o(.text) for _printf_int_dec
    main.o(i.main) refers to stm32f1xx_hal.o(i.HAL_Init) for HAL_Init
    main.o(i.main) refers to stm32f1xx_hal.o(i.HAL_Delay) for HAL_Delay
    main.o(i.main) refers to usart.o(i.UART1_Init) for UART1_Init
    main.o(i.main) refers to usart.o(i.UART2_Init) for UART2_Init
    main.o(i.main) refers to usart.o(i.USART3_Init) for USART3_Init
    main.o(i.main) refers to rs485.o(i.Rs485_Init) for Rs485_Init
    main.o(i.main) refers to _timer.o(i.TIM3_Init) for TIM3_Init
    main.o(i.main) refers to spi_enc28j60.o(i.SPI_Enc28j60_Init) for SPI_Enc28j60_Init
    main.o(i.main) refers to uip_app.o(i.uIP_Net_Init) for uIP_Net_Init
    main.o(i.main) refers to uip.o(i.htons) for htons
    main.o(i.main) refers to uip.o(i.uip_connect) for uip_connect
    main.o(i.main) refers to stm32f1xx_hal.o(i.HAL_GetTick) for HAL_GetTick
    main.o(i.main) refers to __2printf.o(.text) for __2printf
    main.o(i.main) refers to enc28j60.o(i.enc28j60ReadOp) for enc28j60ReadOp
    main.o(i.main) refers to enc28j60.o(i.ENC28J60_ReadPhy) for ENC28J60_ReadPhy
    main.o(i.main) refers to uip_app.o(i.eth_poll) for eth_poll
    main.o(i.main) refers to uip_app.o(i.UipPro) for UipPro
    main.o(i.main) refers to rt_memcpy_v6.o(.text) for __aeabi_memcpy
    main.o(i.main) refers to __2sprintf.o(.text) for __2sprintf
    main.o(i.main) refers to strlen.o(.text) for strlen
    main.o(i.main) refers to main.o(i.RS485_HandlerCb) for RS485_HandlerCb
    main.o(i.main) refers to uip.o(.data) for uip_hostaddr
    main.o(i.main) refers to uip.o(.data) for uip_draddr
    main.o(i.main) refers to uip.o(.data) for uip_netmask
    main.o(i.main) refers to uip_app.o(.data) for pxConnectServerConn
    main.o(i.main) refers to main.o(.data) for .data
    main.o(i.main) refers to clock-arch.o(.data) for uIP_RunTime
    main.o(i.main) refers to main.o(.bss) for .bss
    main.o(i.tcp_appcall) refers to __2printf.o(.text) for __2printf
    main.o(i.tcp_appcall) refers to rt_memcpy_v6.o(.text) for __aeabi_memcpy
    main.o(i.tcp_appcall) refers to uip.o(i.uip_send) for uip_send
    main.o(i.tcp_appcall) refers to uip.o(.data) for uip_conn
    main.o(i.tcp_appcall) refers to uip_app.o(.data) for pxConnectServerConn
    main.o(i.tcp_appcall) refers to main.o(.data) for .data
    main.o(i.tcp_appcall) refers to main.o(.bss) for .bss
    stm32f1xx_it.o(i.SysTick_Handler) refers to stm32f1xx_hal.o(i.HAL_IncTick) for HAL_IncTick
    system_stm32f1xx.o(i.SystemClock_Config) refers to stm32f1xx_hal_rcc.o(i.HAL_RCC_OscConfig) for HAL_RCC_OscConfig
    system_stm32f1xx.o(i.SystemClock_Config) refers to stm32f1xx_hal_rcc.o(i.HAL_RCC_ClockConfig) for HAL_RCC_ClockConfig
    system_stm32f1xx.o(i.SystemClock_Config) refers to stm32f1xx_hal_rcc.o(i.HAL_RCC_GetHCLKFreq) for HAL_RCC_GetHCLKFreq
    system_stm32f1xx.o(i.SystemClock_Config) refers to stm32f1xx_hal_cortex.o(i.HAL_SYSTICK_Config) for HAL_SYSTICK_Config
    system_stm32f1xx.o(i.SystemClock_Config) refers to stm32f1xx_hal_cortex.o(i.HAL_SYSTICK_CLKSourceConfig) for HAL_SYSTICK_CLKSourceConfig
    system_stm32f1xx.o(i.SystemClock_Config) refers to stm32f1xx_hal_cortex.o(i.HAL_NVIC_SetPriority) for HAL_NVIC_SetPriority
    system_stm32f1xx.o(i.SystemCoreClockUpdate) refers to system_stm32f1xx.o(.data) for .data
    system_stm32f1xx.o(i.SystemCoreClockUpdate) refers to system_stm32f1xx.o(.constdata) for .constdata
    system_stm32f1xx.o(i.SystemInit) refers to system_stm32f1xx.o(i.SystemClock_Config) for SystemClock_Config
    startup_stm32f103xe.o(STACK) refers (Special) to heapauxi.o(.text) for __use_two_region_memory
[...]
    .text                                    0x0800044a   Section      138  rt_memcpy_v6.o(.text)
    .text                                    0x080004d4   Section       16  aeabi_memset.o(.text)
    .text                                    0x080004e4   Section       68  rt_memclr.o(.text)
    .text                                    0x08000528   Section       78  rt_memclr_w.o(.text)
    .text                                    0x08000576   Section        0  heapauxi.o(.text)
    .text                                    0x0800057c   Section        2  use_no_semi.o(.text)
    .text                                    0x0800057e   Section        0  _printf_intcommon.o(.text)
    .text                                    0x08000630   Section        0  _printf_char_common.o(.text)
    _printf_input_char                       0x08000631   Thumb Code    10  _printf_char_common.o(.text)
    .text                                    0x08000660   Section        0  _sputc.o(.text)
    .text                                    0x0800066c   Section        0  _printf_char_file.o(.text)
    .text                                    0x08000690   Section      100  rt_memcpy_w.o(.text)
    .text                                    0x080006f4   Section        0  ferror.o(.text)
    .text                                    0x080006fc   Section       74  sys_stackheap_outer.o(.text)
    .text                                    0x08000746   Section        0  exit.o(.text)
    .text                                    0x08000758   Section        8  libspace.o(.text)
    i.BusFault_Handler                       0x08000760   Section        0  stm32f1xx_it.o(i.BusFault_Handler)
    i.CRC_16                                 0x08000762   Section        0  rs485.o(i.CRC_16)
    i.DataHandling_485                       0x08000790   Section        0  rs485.o(i.DataHandling_485)
    i.DebugMon_Handler                       0x08000848   Section        0  stm32f1xx_it.o(i.DebugMon_Handler)
    i.ENC28J60_ReadPhy                       0x0800084a   Section        0  enc28j60.o(i.ENC28J60_ReadPhy)
    i.ENC28J60_SelectBank                    0x0800089a   Section        0  enc28j60.o(i.ENC28J60_SelectBank)
    i.ENC28J60_SetBits                       0x080008c4   Section        0  enc28j60.o(i.ENC28J60_SetBits)
    i.HAL_Delay                              0x080008ec   Section        0  stm32f1xx_hal.o(i.HAL_Delay)
    i.HAL_GPIO_Init                          0x08000904   Section        0  stm32f1xx_hal_gpio.o(i.HAL_GPIO_Init)
    i.HAL_GPIO_WritePin                      0x08000af0   Section        0  stm32f1xx_hal_gpio.o(i.HAL_GPIO_WritePin)
    i.HAL_GetTick                            0x08000afc   Section        0  stm32f1xx_hal.o(i.HAL_GetTick)
    i.HAL_IncTick                            0x08000b08   Section        0  stm32f1xx_hal.o(i.HAL_IncTick)
    i.HAL_Init                               0x08000b18   Section        0  stm32f1xx_hal.o(i.HAL_Init)
    i.HAL_InitTick                           0x08000b3c   Section        0  stm32f1xx_hal.o(i.HAL_InitTick)
    i.HAL_MspInit                            0x08000b5e   Section        0  stm32f1xx_hal_msp.o(i.HAL_MspInit)
    i.HAL_NVIC_EnableIRQ                     0x08000b60   Section        0  stm32f1xx_hal_cortex.o(i.HAL_NVIC_EnableIRQ)
    i.HAL_NVIC_SetPriority                   0x08000b78   Section        0  stm32f1xx_hal_cortex.o(i.HAL_NVIC_SetPriority)
    i.HAL_NVIC_SetPriorityGrouping           0x08000bb8   Section        0  stm32f1xx_hal_cortex.o(i.HAL_NVIC_SetPriorityGrouping)
    i.HAL_RCC_ClockConfig                    0x08000bdc   Section        0  stm32f1xx_hal_rcc.o(i.HAL_RCC_ClockConfig)
    i.HAL_RCC_GetHCLKFreq                    0x08000d5c   Section        0  stm32f1xx_hal_rcc.o(i.HAL_RCC_GetHCLKFreq)
    i.HAL_RCC_GetPCLK1Freq                   0x08000d68   Section        0  stm32f1xx_hal_rcc.o(i.HAL_RCC_GetPCLK1Freq)
    i.HAL_RCC_GetPCLK2Freq                   0x08000d98   Section        0  stm32f1xx_hal_rcc.o(i.HAL_RCC_GetPCLK2Freq)
    i.HAL_RCC_GetSysClockFreq                0x08000dc8   Section        0  stm32f1xx_hal_rcc.o(i.HAL_RCC_GetSysClockFreq)
    i.HAL_RCC_OscConfig                      0x08000e50   Section        0  stm32f1xx_hal_rcc.o(i.HAL_RCC_OscConfig)
    i.HAL_SPI_Init                           0x080013ca   Section        0  stm32f1xx_hal_spi.o(i.HAL_SPI_Init)
    i.HAL_SPI_MspInit                        0x08001444   Section        0  spi_enc28j60.o(i.HAL_SPI_MspInit)
    i.HAL_SPI_TransmitReceive                0x080014ac   Section        0  stm32f1xx_hal_spi.o(i.HAL_SPI_TransmitReceive)
    i.HAL_SYSTICK_CLKSourceConfig            0x0800175e   Section        0  stm32f1xx_hal_cortex.o(i.HAL_SYSTICK_CLKSourceConfig)
    i.HAL_SYSTICK_Config                     0x08001776   Section        0  stm32f1xx_hal_cortex.o(i.HAL_SYSTICK_Config)
    i.HAL_TIMEx_BreakCallback                0x0800179e   Section        0  stm32f1xx_hal_tim_ex.o(i.HAL_TIMEx_BreakCallback)
    i.HAL_TIMEx_CommutationCallback          0x080017a0   Section        0  stm32f1xx_hal_tim_ex.o(i.HAL_TIMEx_CommutationCallback)
    i.HAL_TIM_Base_Init                      0x080017a2   Section        0  stm32f1xx_hal_tim.o(i.HAL_TIM_Base_Init)
    i.HAL_TIM_Base_MspInit                   0x080017d8   Section        0  _timer.o(i.HAL_TIM_Base_MspInit)
    i.HAL_TIM_Base_Start_IT                  0x08001814   Section        0  stm32f1xx_hal_tim.o(i.HAL_TIM_Base_Start_IT)
    i.HAL_TIM_IC_CaptureCallback             0x0800182c   Section        0  stm32f1xx_hal_tim.o(i.HAL_TIM_IC_CaptureCallback)
    i.HAL_TIM_IRQHandler                     0x0800182e   Section        0  stm32f1xx_hal_tim.o(i.HAL_TIM_IRQHandler)
    i.HAL_TIM_OC_DelayElapsedCallback        0x08001994   Section        0  stm32f1xx_hal_tim.o(i.HAL_TIM_OC_DelayElapsedCallback)
    i.HAL_TIM_PWM_PulseFinishedCallback      0x08001996   Section        0  stm32f1xx_hal_tim.o(i.HAL_TIM_PWM_PulseFinishedCallback)
    i.HAL_TIM_PeriodElapsedCallback          0x08001998   Section        0  stm32f1xx_hal_tim.o(i.HAL_TIM_PeriodElapsedCallback)
    i.HAL_TIM_TriggerCallback                0x0800199a   Section        0  stm32f1xx_hal_tim.o(i.HAL_TIM_TriggerCallback)
    i.HAL_UART_Init                          0x0800199c   Section        0  stm32f1xx_hal_uart.o(i.HAL_UART_Init)
    i.HAL_UART_MspInit                       0x080019fc   Section        0  usart.o(i.HAL_UART_MspInit)
    i.HAL_UART_Receive_IT                    0x08001b3c   Section        0  stm32f1xx_hal_uart.o(i.HAL_UART_Receive_IT)
    i.HAL_UART_Transmit                      0x08001ba4   Section        0  stm32f1xx_hal_uart.o(i.HAL_UART_Transmit)
    i.HardFault_Handler                      0x08001c6c   Section        0  stm32f1xx_it.o(i.HardFault_Handler)
    i.MX_SPI1_Init                           0x08001c70   Section        0  spi_enc28j60.o(i.MX_SPI1_Init)
    MX_SPI1_Init                             0x08001c71   Thumb Code    56  spi_enc28j60.o(i.MX_SPI1_Init)
    i.MemManage_Handler                      0x08001cb0   Section        0  stm32f1xx_it.o(i.MemManage_Handler)
    i.NMI_Handler                            0x08001cb2   Section        0  stm32f1xx_it.o(i.NMI_Handler)
    i.NVIC_SetPriority                       0x08001cb4   Section        0  stm32f1xx_hal_cortex.o(i.NVIC_SetPriority)
    NVIC_SetPriority                         0x08001cb5   Thumb Code    32  stm32f1xx_hal_cortex.o(i.NVIC_SetPriority)
    i.PendSV_Handler                         0x08001cd4   Section        0  stm32f1xx_it.o(i.PendSV_Handler)
    i.RS485_HandlerCb                        0x08001cd8   Section        0  main.o(i.RS485_HandlerCb)
    i.Rs485_ClearReceiveBuffer               0x08001de8   Section        0  rs485.o(i.Rs485_ClearReceiveBuffer)
    i.Rs485_Init                             0x08001e00   Section        0  rs485.o(i.Rs485_Init)
    i.Rs485_Receive                          0x08001e4c   Section        0  rs485.o(i.Rs485_Receive)
    i.Rs485_Send                             0x08001f04   Section        0  rs485.o(i.Rs485_Send)
    i.Rx_Stack_Init                          0x08001fd4   Section        0  rs485.o(i.Rx_Stack_Init)
    i.SPI1_ReadWrite                         0x0800200c   Section        0  spi_enc28j60.o(i.SPI1_ReadWrite)
    i.SPI_Enc28j60_Init                      0x0800202c   Section        0  spi_enc28j60.o(i.SPI_Enc28j60_Init)
    i.SPI_WaitOnFlagUntilTimeout             0x080020b8   Section        0  stm32f1xx_hal_spi.o(i.SPI_WaitOnFlagUntilTimeout)
    SPI_WaitOnFlagUntilTimeout               0x080020b9   Thumb Code   158  stm32f1xx_hal_spi.o(i.SPI_WaitOnFlagUntilTimeout)
    i.SVC_Handler                            0x08002156   Section        0  stm32f1xx_it.o(i.SVC_Handler)
    i.SysTick_Handler                        0x08002158   Section        0  stm32f1xx_it.o(i.SysTick_Handler)
    i.SystemClock_Config                     0x0800215c   Section        0  system_stm32f1xx.o(i.SystemClock_Config)
    i.SystemInit                             0x080021c4   Section        0  system_stm32f1xx.o(i.SystemInit)
    i.TIM3_IRQHandler                        0x08002214   Section        0  _timer.o(i.TIM3_IRQHandler)
    i.TIM3_Init                              0x08002230   Section        0  _timer.o(i.TIM3_Init)
    i.TIM_Base_SetConfig                     0x08002264   Section        0  stm32f1xx_hal_tim.o(i.TIM_Base_SetConfig)
    i.Tx_Stack_Init                          0x080022e8   Section        0  rs485.o(i.Tx_Stack_Init)
    i.UART1_Init                             0x08002320   Section        0  usart.o(i.UART1_Init)
    i.UART2_Init                             0x08002358   Section        0  usart.o(i.UART2_Init)
    i.UART_SetConfig                         0x0800238c   Section        0  stm32f1xx_hal_uart.o(i.UART_SetConfig)
    UART_SetConfig                           0x0800238d   Thumb Code   364  stm32f1xx_hal_uart.o(i.UART_SetConfig)
    i.UART_WaitOnFlagUntilTimeout            0x080024fc   Section        0  stm32f1xx_hal_uart.o(i.UART_WaitOnFlagUntilTimeout)
    UART_WaitOnFlagUntilTimeout              0x080024fd   Thumb Code   146  stm32f1xx_hal_uart.o(i.UART_WaitOnFlagUntilTimeout)
    i.USART1_IRQHandler                      0x08002590   Section        0  usart.o(i.USART1_IRQHandler)
    i.USART2_IRQHandler                      0x080025d8   Section        0  usart.o(i.USART2_IRQHandler)
    i.USART3_Init                            0x08002600   Section        0  usart.o(i.USART3_Init)
    i.UipPro                                 0x08002630   Section        0  uip_app.o(i.UipPro)
    i.UsageFault_Handler                     0x0800268c   Section        0  stm32f1xx_it.o(i.UsageFault_Handler)
    i._is_digit                              0x0800268e   Section        0  __printf_wp.o(i._is_digit)
    i._sys_exit                              0x0800269c   Section        0  usart.o(i._sys_exit)
    i.calcByte                               0x0800269e   Section        0  rs485.o(i.calcByte)
    i.chksum                                 0x080026c8   Section        0  uip.o(i.chksum)
    chksum                                   0x080026c9   Thumb Code    58  uip.o(i.chksum)
    i.clock_time                             0x08002704   Section        0  clock-arch.o(i.clock_time)
    i.delay_ms                               0x08002710   Section        0  delay.o(i.delay_ms)
    i.delay_us                               0x08002728   Section        0  rs485.o(i.delay_us)
    delay_us                                 0x08002729   Thumb Code    14  rs485.o(i.delay_us)
    i.enc28j60Init                           0x08002738   Section        0  enc28j60.o(i.enc28j60Init)
    i.enc28j60PacketReceive                  0x080028ac   Section        0  enc28j60.o(i.enc28j60PacketReceive)
    i.enc28j60PacketSend                     0x0800295c   Section        0  enc28j60.o(i.enc28j60PacketSend)
    i.enc28j60PhyWrite                       0x080029c0   Section        0  enc28j60.o(i.enc28j60PhyWrite)
    i.enc28j60Read                           0x080029ea   Section        0  enc28j60.o(i.enc28j60Read)
    i.enc28j60ReadBuffer                     0x08002a00   Section        0  enc28j60.o(i.enc28j60ReadBuffer)
    i.enc28j60ReadOp                         0x08002a38   Section        0  enc28j60.o(i.enc28j60ReadOp)
    i.enc28j60SetBank                        0x08002a68   Section        0  enc28j60.o(i.enc28j60SetBank)
    i.enc28j60Write                          0x08002a98   Section        0  enc28j60.o(i.enc28j60Write)
    i.enc28j60WriteBuffer                    0x08002ab0   Section        0  enc28j60.o(i.enc28j60WriteBuffer)
    i.enc28j60WriteOp                        0x08002ae0   Section        0  enc28j60.o(i.enc28j60WriteOp)
    i.enc28j60clkout                         0x08002b08   Section        0  enc28j60.o(i.enc28j60clkout)
    i.eth_poll                               0x08002b14   Section        0  uip_app.o(i.eth_poll)
    i.etherdev_init                          0x08002bb4   Section        0  uip_appcall.o(i.etherdev_init)
    i.fputc                                  0x08002bec   Section        0  usart.o(i.fputc)
    i.htons                                  0x08002c04   Section        0  uip.o(i.htons)
    i.main                                   0x08002c10   Section        0  main.o(i.main)
    i.myudp_appcall                          0x08002e08   Section        0  uip_appcall.o(i.myudp_appcall)
    i.tapdev_init                            0x08002e88   Section        0  tapdev.o(i.tapdev_init)
    i.tapdev_read                            0x08002e8c   Section        0  tapdev.o(i.tapdev_read)
    i.tapdev_send                            0x08002ea0   Section        0  tapdev.o(i.tapdev_send)
    i.tcp_appcall                            0x08002eb4   Section        0  main.o(i.tcp_appcall)
    i.timer_expired                          0x08003008   Section        0  timer.o(i.timer_expired)
    i.timer_reset                            0x08003022   Section        0  timer.o(i.timer_reset)
    i.timer_set                              0x0800302c   Section        0  timer.o(i.timer_set)
    i.uIP_Net_Init                           0x0800303c   Section        0  uip_app.o(i.uIP_Net_Init)
    i.uip_add32                              0x08003060   Section        0  uip.o(i.uip_add32)
    i.uip_add_rcv_nxt                        0x080030bc   Section        0  uip.o(i.uip_add_rcv_nxt)
    uip_add_rcv_nxt                          0x080030bd   Thumb Code    38  uip.o(i.uip_add_rcv_nxt)
    i.uip_arp_arpin                          0x080030e8   Section        0  uip_arp.o(i.uip_arp_arpin)
    i.uip_arp_out                            0x08003190   Section        0  uip_arp.o(i.uip_arp_out)
    i.uip_arp_timer                          0x080032ec   Section        0  uip_arp.o(i.uip_arp_timer)
    i.uip_arp_update                         0x08003330   Section        0  uip_arp.o(i.uip_arp_update)
    uip_arp_update                           0x08003331   Thumb Code   174  uip_arp.o(i.uip_arp_update)
    i.uip_connect                            0x080033e8   Section        0  uip.o(i.uip_connect)
    i.uip_init                               0x080034c4   Section        0  uip.o(i.uip_init)
    i.uip_ipchksum                           0x08003524   Section        0  uip.o(i.uip_ipchksum)
    i.uip_log                                0x08003544   Section        0  uip_appcall.o(i.uip_log)
    i.uip_process                            0x08003548   Section        0  uip.o(i.uip_process)
    i.uip_send                               0x080040e8   Section        0  uip.o(i.uip_send)
    i.uip_tcpchksum                          0x08004104   Section        0  uip.o(i.uip_tcpchksum)
    i.uip_udpchksum                          0x0800410a   Section        0  uip.o(i.uip_udpchksum)
    i.upper_layer_chksum                     0x08004110   Section        0  uip.o(i.upper_layer_chksum)
    upper_layer_chksum                       0x08004111   Thumb Code    60  uip.o(i.upper_layer_chksum)
    .constdata                               0x08004150   Section       16  system_stm32f1xx.o(.constdata)
    .constdata                               0x08004160   Section        8  system_stm32f1xx.o(.constdata)
    .constdata                               0x08004168   Section        6  uip_arp.o(.constdata)
    broadcast_ethaddr                        0x08004168   Data           6  uip_arp.o(.constdata)
    .constdata                               0x0800416e   Section       17  __printf_flags_wp.o(.constdata)
    maptable                                 0x0800416e   Data          17  __printf_flags_wp.o(.constdata)
    .data                                    0x20000000   Section       52  main.o(.data)
    rEIR                                     0x20000000   Data           1  main.o(.data)
    state                                    0x2000000a   Data           1  main.o(.data)
    PollCounter                              0x20000020   Data           4  main.o(.data)
    .data                                    0x20000034   Section        1  main.o(.data)
    .data                                    0x20000038   Section        4  system_stm32f1xx.o(.data)
    .data                                    0x2000003c   Section        4  stm32f1xx_hal.o(.data)
    uwTick                                   0x2000003c   Data           4  stm32f1xx_hal.o(.data)
    .data                                    0x20000040   Section        8  usart.o(.data)
    .data                                    0x20000048   Section        4  usart.o(.data)
    .data                                    0x2000004c   Section        8  rs485.o(.data)
    End_Flag                                 0x2000004c   Data           1  rs485.o(.data)
    Header_Flag                              0x2000004d   Data           1  rs485.o(.data)
    Receive_Flag                             0x2000004e   Data           1  rs485.o(.data)
    Return_Value                             0x2000004f   Data           1  rs485.o(.data)
    i                                        0x20000050   Data           2  rs485.o(.data)
    Crc16Check                               0x20000052   Data           2  rs485.o(.data)
    .data                                    0x20000054   Section        4  _timer.o(.data)
    TIMCb                                    0x20000054   Data           4  _timer.o(.data)
    .data                                    0x20000058   Section       44  uip.o(.data)
    c                                        0x20000059   Data           1  uip.o(.data)
    opt                                      0x2000005a   Data           1  uip.o(.data)
    ipid                                     0x20000062   Data           2  uip.o(.data)
    lastport                                 0x20000064   Data           2  uip.o(.data)
    tmp16                                    0x20000066   Data           2  uip.o(.data)
    iss                                      0x2000007c   Data           4  uip.o(.data)
    .data                                    0x20000084   Section        6  uip.o(.data)
    .data                                    0x2000008a   Section        4  uip.o(.data)
    .data                                    0x2000008e   Section        4  uip.o(.data)
    .data                                    0x20000092   Section        8  uip_arp.o(.data)
    i                                        0x20000092   Data           1  uip_arp.o(.data)
    c                                        0x20000093   Data           1  uip_arp.o(.data)
    arptime                                  0x20000094   Data           1  uip_arp.o(.data)
    tmpage                                   0x20000095   Data           1  uip_arp.o(.data)
    ipaddr                                   0x20000096   Data           4  uip_arp.o(.data)
    .data                                    0x2000009c   Section        4  clock-arch.o(.data)
    .data                                    0x200000a0   Section        4  uip_app.o(.data)
    .data                                    0x200000a4   Section        4  uip_app.o(.data)
    .data                                    0x200000a8   Section       16  uip_app.o(.data)
    .data                                    0x200000b8   Section       10  uip_appcall.o(.data)
    mymac                                    0x200000bc   Data           6  uip_appcall.o(.data)
    .data                                    0x200000c4   Section       12  enc28j60.o(.data)
    Enc28j60Bank                             0x200000c4   Data           1  enc28j60.o(.data)
    NextPacketPtr                            0x200000cc   Data           4  enc28j60.o(.data)
    .bss                                     0x200000d0   Section       50  main.o(.bss)
    .bss                                     0x20000102   Section      242  main.o(.bss)
    .bss                                     0x200001f4   Section      192  usart.o(.bss)
    .bss                                     0x200002b4   Section      840  rs485.o(.bss)
    .bss                                     0x200005fc   Section       60  _timer.o(.bss)
    .bss                                     0x20000638   Section     2136  uip.o(.bss)
    .bss                                     0x20000e90   Section       96  uip_arp.o(.bss)
    arp_table                                0x20000e90   Data          96  uip_arp.o(.bss)
    .bss                                     0x20000ef0   Section       88  spi_enc28j60.o(.bss)
    .bss                                     0x20000f48   Section       96  libspace.o(.bss)
    HEAP                                     0x20000fa8   Section      512  startup_stm32f103xe.o(HEAP)
    Heap_Mem                                 0x20000fa8   Data         512  startup_stm32f103xe.o(HEAP)
    STACK                                    0x200011a8   Section     1024  startup_stm32f103xe.o(STACK)
    Stack_Mem                                0x200011a8   Data        1024  startup_stm32f103xe.o(STACK)
    __initial_sp                             0x200015a8   Data           0  startup_stm32f103xe.o(STACK)

    Global Symbols

    Symbol Name                              Value     Ov Type        Size  Object(Section)

    BuildAttributes$$THM_ISAv4$P$D$K$B$S$PE$A:L22UL41UL21$X:L11$S22US41US21$IEEE1$IW$USESV6$~STKCKD$USESV7$~SHL$OSPACE$ROPI$EBA8$UX$STANDARDLIB$REQ8$PRES8$EABIv2 0x00000000   Number         0  anon$$obj.o ABSOLUTE
    __ARM_use_no_argv                        0x00000000   Number         0  main.o ABSOLUTE
    _printf_flags                            0x00000000   Number         0  printf_stubs.o ABSOLUTE
    _printf_return_value                     0x00000000   Number         0  printf_stubs.o ABSOLUTE
    _printf_sizespec                         0x00000000   Number         0  printf_stubs.o ABSOLUTE
    _printf_widthprec                        0x00000000   Number         0  printf_stubs.o ABSOLUTE
    __ARM_exceptions_init                     - Undefined Weak Reference
    __alloca_initialize                       - Undefined Weak Reference
    __arm_preinit_                            - Undefined Weak Reference
    __cpp_initialize__aeabi_                  - Undefined Weak Reference
    __cxa_finalize                            - Undefined Weak Reference
    __rt_locale                               - Undefined Weak Reference
    __sigvec_lookup                           - Undefined Weak Reference
    _atexit_init                              - Undefined Weak Reference
    _call_atexit_fns                          - Undefined Weak Reference
    _clock_init                               - Undefined Weak Reference
    _fp_trap_init                             - Undefined Weak Reference
    _fp_trap_shutdown                         - Undefined Weak Reference
    _get_lc_collate                           - Undefined Weak Reference
    _get_lc_ctype                             - Undefined Weak Reference
    _get_lc_monetary                          - Undefined Weak Reference
    _get_lc_numeric                           - Undefined Weak Reference
    _get_lc_time                              - Undefined Weak Reference
    _getenv_init                              - Undefined Weak Reference
    _handle_redirection                       - Undefined Weak Reference
    _init_alloc                               - Undefined Weak Reference
    _init_user_alloc                          - Undefined Weak Reference
    _initio                                   - Undefined Weak Reference
    _mutex_acquire                            - Undefined Weak Reference
    _mutex_release                            - Undefined Weak Reference
    _printf_mbtowc                            - Undefined Weak Reference
    _printf_truncate_signed                   - Undefined Weak Reference
    _printf_truncate_unsigned                 - Undefined Weak Reference
    _rand_init                                - Undefined Weak Reference
    _signal_finish                            - Undefined Weak Reference
    _signal_init                              - Undefined Weak Reference
    _terminate_alloc                          - Undefined Weak Reference
    _terminate_user_alloc                     - Undefined Weak Reference
    _terminateio                              - Undefined Weak Reference
    __Vectors_Size                           0x00000130   Number         0  startup_stm32f103xe.o ABSOLUTE
    __Vectors                                0x08000000   Data           4  startup_stm32f103xe.o(RESET)
    __Vectors_End                            0x08000130   Data           0  startup_stm32f103xe.o(RESET)
    __main                                   0x08000131   Thumb Code     8  __main.o(!!!main)
    __scatterload                            0x08000139   Thumb Code     0  __scatter.o(!!!scatter)
    __scatterload_rt2                        0x08000139   Thumb Code    44  __scatter.o(!!!scatter)
    __scatterload_rt2_thumb_only             0x08000139   Thumb Code     0  __scatter.o(!!!scatter)
    __scatterload_null                       0x08000147   Thumb Code     0  __scatter.o(!!!scatter)
    __scatterload_copy                       0x0800016d   Thumb Code    26  __scatter_copy.o(!!handler_copy)
    __scatterload_zeroinit                   0x08000189   Thumb Code    28  __scatter_zi.o(!!handler_zi)
    _printf_d                                0x080001a5   Thumb Code     0  _printf_d.o(.ARM.Collect$$_printf_percent$$00000009)
    _printf_percent                          0x080001a5   Thumb Code     0  _printf_percent.o(.ARM.Collect$$_printf_percent$$00000000)
    _printf_percent_end                      0x080001ab   Thumb Code     0  _printf_percent_end.o(.ARM.Collect$$_printf_percent$$00000017)
    __rt_lib_init                            0x080001af   Thumb Code     0  libinit.o(.ARM.Collect$$libinit$$00000000)
    __rt_lib_init_alloca_1                   0x080001b1   Thumb Code     0  libinit2.o(.ARM.Collect$$libinit$$0000002E)
    __rt_lib_init_argv_1                     0x080001b1   Thumb Code     0  libinit2.o(.ARM.Collect$$libinit$$0000002C)
    __rt_lib_init_atexit_1                   0x080001b1   Thumb Code     0  libinit2.o(.ARM.Collect$$libinit$$0000001B)
    __rt_lib_init_clock_1                    0x080001b1   Thumb Code     0  libinit2.o(.ARM.Collect$$libinit$$00000021)
    __rt_lib_init_cpp_1                      0x080001b1   Thumb Code     0  libinit2.o(.ARM.Collect$$libinit$$00000032)
    __rt_lib_init_exceptions_1               0x080001b1   Thumb Code     0  libinit2.o(.ARM.Collect$$libinit$$00000030)
    __rt_lib_init_fp_1                       0x080001b1   Thumb Code     0  libinit2.o(.ARM.Collect$$libinit$$00000002)
    __rt_lib_init_fp_trap_1                  0x080001b1   Thumb Code     0  libinit2.o(.ARM.Collect$$libinit$$0000001F)
    __rt_lib_init_getenv_1                   0x080001b1   Thumb Code     0  libinit2.o(.ARM.Collect$$libinit$$00000023)
    __rt_lib_init_heap_1                     0x080001b1   Thumb Code     0  libinit2.o(.ARM.Collect$$libinit$$0000000A)
    __rt_lib_init_lc_collate_1               0x080001b1   Thumb Code     0  libinit2.o(.ARM.Collect$$libinit$$00000011)
    __rt_lib_init_lc_ctype_1                 0x080001b1   Thumb Code     0  libinit2.o(.ARM.Collect$$libinit$$00000013)
    __rt_lib_init_lc_monetary_1              0x080001b1   Thumb Code     0  libinit2.o(.ARM.Collect$$libinit$$00000015)
    __rt_lib_init_lc_numeric_1               0x080001b1   Thumb Code     0  libinit2.o(.ARM.Collect$$libinit$$00000017)
    __rt_lib_init_lc_time_1                  0x080001b1   Thumb Code     0  libinit2.o(.ARM.Collect$$libinit$$00000019)
    __rt_lib_init_preinit_1                  0x080001b1   Thumb Code     0  libinit2.o(.ARM.Collect$$libinit$$00000004)
    __rt_lib_init_rand_1                     0x080001b1   Thumb Code     0  libinit2.o(.ARM.Collect$$libinit$$0000000E)
    __rt_lib_init_return                     0x080001b1   Thumb Code     0  libinit2.o(.ARM.Collect$$libinit$$00000033)
    __rt_lib_init_signal_1                   0x080001b1   Thumb Code     0  libinit2.o(.ARM.Collect$$libinit$$0000001D)
    __rt_lib_init_stdio_1                    0x080001b1   Thumb Code     0  libinit2.o(.ARM.Collect$$libinit$$00000025)
    __rt_lib_init_user_alloc_1               0x080001b1   Thumb Code     0  libinit2.o(.ARM.Collect$$libinit$$0000000C)
    __rt_lib_shutdown                        0x080001b3   Thumb Code     0  libshutdown.o(.ARM.Collect$$libshutdown$$00000000)
    __rt_lib_shutdown_cpp_1                  0x080001b5   Thumb Code     0  libshutdown2.o(.ARM.Collect$$libshutdown$$00000002)
    __rt_lib_shutdown_fp_trap_1              0x080001b5   Thumb Code     0  libshutdown2.o(.ARM.Collect$$libshutdown$$00000007)
    __rt_lib_shutdown_heap_1                 0x080001b5   Thumb Code     0  libshutdown2.o(.ARM.Collect$$libshutdown$$0000000F)
    __rt_lib_shutdown_return                 0x080001b5   Thumb Code     0  libshutdown2.o(.ARM.Collect$$libshutdown$$00000010)
    __rt_lib_shutdown_signal_1               0x080001b5   Thumb Code     0  libshutdown2.o(.ARM.Collect$$libshutdown$$0000000A)
    __rt_lib_shutdown_stdio_1                0x080001b5   Thumb Code     0  libshutdown2.o(.ARM.Collect$$libshutdown$$00000004)
    __rt_lib_shutdown_user_alloc_1           0x080001b5   Thumb Code     0  libshutdown2.o(.ARM.Collect$$libshutdown$$0000000C)
    __rt_entry                               0x080001b7   Thumb Code     0  __rtentry.o(.ARM.Collect$$rtentry$$00000000)
    __rt_entry_presh_1                       0x080001b7   Thumb Code     0  __rtentry2.o(.ARM.Collect$$rtentry$$00000002)
    __rt_entry_sh                            0x080001b7   Thumb Code     0  __rtentry4.o(.ARM.Collect$$rtentry$$00000004)
    __rt_entry_li                            0x080001bd   Thumb Code     0  __rtentry2.o(.ARM.Collect$$rtentry$$0000000A)
    __rt_entry_postsh_1                      0x080001bd   Thumb Code     0  __rtentry2.o(.ARM.Collect$$rtentry$$00000009)
    __rt_entry_main                          0x080001c1   Thumb Code     0  __rtentry2.o(.ARM.Collect$$rtentry$$0000000D)
    __rt_entry_postli_1                      0x080001c1   Thumb Code     0  __rtentry2.o(.ARM.Collect$$rtentry$$0000000C)
    __rt_exit                                0x080001c9   Thumb Code     0  rtexit.o(.ARM.Collect$$rtexit$$00000000)
    __rt_exit_ls                             0x080001cb   Thumb Code     0  rtexit2.o(.ARM.Collect$$rtexit$$00000003)
    __rt_exit_prels_1                        0x080001cb   Thumb Code     0  rtexit2.o(.ARM.Collect$$rtexit$$00000002)
    __rt_exit_exit                           0x080001cf   Thumb Code     0  rtexit2.o(.ARM.Collect$$rtexit$$00000004)
    Reset_Handler                            0x080001d5   Thumb Code     8  startup_stm32f103xe.o(.text)
    ADC1_2_IRQHandler                        0x080001ef   Thumb Code     0  startup_stm32f103xe.o(.text)
    ADC3_IRQHandler                          0x080001ef   Thumb Code     0  startup_stm32f103xe.o(.text)
    CAN1_RX1_IRQHandler                      0x080001ef   Thumb Code     0  startup_stm32f103xe.o(.text)
    CAN1_SCE_IRQHandler                      0x080001ef   Thumb Code     0  startup_stm32f103xe.o(.text)
    DMA1_Channel1_IRQHandler                 0x080001ef   Thumb Code     0  startup_stm32f103xe.o(.text)
    DMA1_Channel2_IRQHandler                 0x080001ef   Thumb Code     0  startup_stm32f103xe.o(.text)
    DMA1_Channel3_IRQHandler                 0x080001ef   Thumb Code     0  startup_stm32f103xe.o(.text)
    DMA1_Channel4_IRQHandler                 0x080001ef   Thumb Code     0  startup_stm32f103xe.o(.text)
    DMA1_Channel5_IRQHandler                 0x080001ef   Thumb Code     0  startup_stm32f103xe.o(.text)
    DMA1_Channel6_IRQHandler                 0x080001ef   Thumb Code     0  startup_stm32f103xe.o(.text)
    DMA1_Channel7_IRQHandler                 0x080001ef   Thumb Code     0  startup_stm32f103xe.o(.text)
    DMA2_Channel1_IRQHandler                 0x080001ef   Thumb Code     0  startup_stm32f103xe.o(.text)
    DMA2_Channel2_IRQHandler                 0x080001ef   Thumb Code     0  startup_stm32f103xe.o(.text)
    DMA2_Channel3_IRQHandler                 0x080001ef   Thumb Code     0  startup_stm32f103xe.o(.text)
    DMA2_Channel4_5_IRQHandler               0x080001ef   Thumb Code     0  startup_stm32f103xe.o(.text)
    EXTI0_IRQHandler                         0x080001ef   Thumb Code     0  startup_stm32f103xe.o(.text)
    EXTI15_10_IRQHandler                     0x080001ef   Thumb Code     0  startup_stm32f103xe.o(.text)
    EXTI1_IRQHandler                         0x080001ef   Thumb Code     0  startup_stm32f103xe.o(.text)
    EXTI2_IRQHandler                         0x080001ef   Thumb Code     0  startup_stm32f103xe.o(.text)
    EXTI3_IRQHandler                         0x080001ef   Thumb Code     0  startup_stm32f103xe.o(.text)
    EXTI4_IRQHandler                         0x080001ef   Thumb Code     0  startup_stm32f103xe.o(.text)
    EXTI9_5_IRQHandler                       0x080001ef   Thumb Code     0  startup_stm32f103xe.o(.text)
    FLASH_IRQHandler                         0x080001ef   Thumb Code     0  startup_stm32f103xe.o(.text)
    FSMC_IRQHandler                          0x080001ef   Thumb Code     0  startup_stm32f103xe.o(.text)
    I2C1_ER_IRQHandler                       0x080001ef   Thumb Code     0  startup_stm32f103xe.o(.text)
    I2C1_EV_IRQHandler                       0x080001ef   Thumb Code     0  startup_stm32f103xe.o(.text)
    I2C2_ER_IRQHandler                       0x080001ef   Thumb Code     0  startup_stm32f103xe.o(.text)
    I2C2_EV_IRQHandler                       0x080001ef   Thumb Code     0  startup_stm32f103xe.o(.text)
    PVD_IRQHandler                           0x080001ef   Thumb Code     0  startup_stm32f103xe.o(.text)
    RCC_IRQHandler                           0x080001ef   Thumb Code     0  startup_stm32f103xe.o(.text)
    RTC_Alarm_IRQHandler                     0x080001ef   Thumb Code     0  startup_stm32f103xe.o(.text)
    RTC_IRQHandler                           0x080001ef   Thumb Code     0  startup_stm32f103xe.o(.text)
    SDIO_IRQHandler                          0x080001ef   Thumb Code     0  startup_stm32f103xe.o(.text)
    SPI1_IRQHandler                          0x080001ef   Thumb Code     0  startup_stm32f103xe.o(.text)
    SPI2_IRQHandler                          0x080001ef   Thumb Code     0  startup_stm32f103xe.o(.text)
    SPI3_IRQHandler                          0x080001ef   Thumb Code     0  startup_stm32f103xe.o(.text)
    TAMPER_IRQHandler                        0x080001ef   Thumb Code     0  startup_stm32f103xe.o(.text)
    TIM1_BRK_IRQHandler                      0x080001ef   Thumb Code     0  startup_stm32f103xe.o(.text)
    TIM1_CC_IRQHandler                       0x080001ef   Thumb Code     0  startup_stm32f103xe.o(.text)
    TIM1_TRG_COM_IRQHandler                  0x080001ef   Thumb Code     0  startup_stm32f103xe.o(.text)
    TIM1_UP_IRQHandler                       0x080001ef   Thumb Code     0  startup_stm32f103xe.o(.text)
    TIM2_IRQHandler                          0x080001ef   Thumb Code     0  startup_stm32f103xe.o(.text)
    TIM4_IRQHandler                          0x080001ef   Thumb Code     0  startup_stm32f103xe.o(.text)
    TIM5_IRQHandler                          0x080001ef   Thumb Code     0  startup_stm32f103xe.o(.text)
    TIM6_IRQHandler                          0x080001ef   Thumb Code     0  startup_stm32f103xe.o(.text)
    TIM7_IRQHandler                          0x080001ef   Thumb Code     0  startup_stm32f103xe.o(.text)
    TIM8_BRK_IRQHandler                      0x080001ef   Thumb Code     0  startup_stm32f103xe.o(.text)
    TIM8_CC_IRQHandler                       0x080001ef   Thumb Code     0  startup_stm32f103xe.o(.text)
    TIM8_TRG_COM_IRQHandler                  0x080001ef   Thumb Code     0  startup_stm32f103xe.o(.text)
    TIM8_UP_IRQHandler                       0x080001ef   Thumb Code     0  startup_stm32f103xe.o(.text)
    UART4_IRQHandler                         0x080001ef   Thumb Code     0  startup_stm32f103xe.o(.text)
    UART5_IRQHandler                         0x080001ef   Thumb Code     0  startup_stm32f103xe.o(.text)
    USART3_IRQHandler                        0x080001ef   Thumb Code     0  startup_stm32f103xe.o(.text)
    USBWakeUp_IRQHandler                     0x080001ef   Thumb Code     0  startup_stm32f103xe.o(.text)
    USB_HP_CAN1_TX_IRQHandler                0x080001ef   Thumb Code     0  startup_stm32f103xe.o(.text)
    USB_LP_CAN1_RX0_IRQHandler               0x080001ef   Thumb Code     0  startup_stm32f103xe.o(.text)
    WWDG_IRQHandler                          0x080001ef   Thumb Code     0  startup_stm32f103xe.o(.text)
    __user_initial_stackheap                 0x080001f1   Thumb Code     0  startup_stm32f103xe.o(.text)
    __use_no_semihosting                     0x08000215   Thumb Code     2  use_no_semi_2.o(.text)
    __2printf                                0x08000219   Thumb Code    20  __2printf.o(.text)
    __2sprintf                               0x08000231   Thumb Code    38  __2sprintf.o(.text)
    _printf_int_dec                          0x0800025d   Thumb Code   104  _printf_dec.o(.text)
    __printf                                 0x080002d5   Thumb Code   308  __printf_flags_wp.o(.text)
    strlen                                   0x0800040d   Thumb Code    62  strlen.o(.text)
    __aeabi_memcpy                           0x0800044b   Thumb Code     0  rt_memcpy_v6.o(.text)
    __rt_memcpy                              0x0800044b   Thumb Code   138  rt_memcpy_v6.o(.text)
    _memcpy_lastbytes                        0x080004b1   Thumb Code     0  rt_memcpy_v6.o(.text)
    __aeabi_memset                           0x080004d5   Thumb Code    16  aeabi_memset.o(.text)
    __aeabi_memclr                           0x080004e5   Thumb Code     0  rt_memclr.o(.text)
    __rt_memclr                              0x080004e5   Thumb Code    68  rt_memclr.o(.text)
    _memset                                  0x080004e9   Thumb Code     0  rt_memclr.o(.text)
    __aeabi_memclr4                          0x08000529   Thumb Code     0  rt_memclr_w.o(.text)
    __aeabi_memclr8                          0x08000529   Thumb Code     0  rt_memclr_w.o(.text)
    __rt_memclr_w                            0x08000529   Thumb Code    78  rt_memclr_w.o(.text)
    _memset_w                                0x0800052d   Thumb Code     0  rt_memclr_w.o(.text)
    __use_two_region_memory                  0x08000577   Thumb Code     2  heapauxi.o(.text)
    __rt_heap_escrow$2region                 0x08000579   Thumb Code     2  heapauxi.o(.text)
    __rt_heap_expand$2region                 0x0800057b   Thumb Code     2  heapauxi.o(.text)
    __I$use$semihosting                      0x0800057d   Thumb Code     0  use_no_semi.o(.text)
    __use_no_semihosting_swi                 0x0800057d   Thumb Code     2  use_no_semi.o(.text)
    _printf_int_common                       0x0800057f   Thumb Code   178  _printf_intcommon.o(.text)
    _printf_char_common                      0x0800063b   Thumb Code    32  _printf_char_common.o(.text)
    _sputc                                   0x08000661   Thumb Code    10  _sputc.o(.text)
    _printf_char_file                        0x0800066d   Thumb Code    32  _printf_char_file.o(.text)
    __aeabi_memcpy4                          0x08000691   Thumb Code     0  rt_memcpy_w.o(.text)
    __aeabi_memcpy8                          0x08000691   Thumb Code     0  rt_memcpy_w.o(.text)
    __rt_memcpy_w                            0x08000691   Thumb Code   100  rt_memcpy_w.o(.text)
    _memcpy_lastbytes_aligned                0x080006d9   Thumb Code     0  rt_memcpy_w.o(.text)
    ferror                                   0x080006f5   Thumb Code     8  ferror.o(.text)
    __user_setup_stackheap                   0x080006fd   Thumb Code    74  sys_stackheap_outer.o(.text)
    exit                                     0x08000747   Thumb Code    18  exit.o(.text)
    __user_libspace                          0x08000759   Thumb Code     8  libspace.o(.text)
    __user_perproc_libspace                  0x08000759   Thumb Code     0  libspace.o(.text)
    __user_perthread_libspace                0x08000759   Thumb Code     0  libspace.o(.text)
    BusFault_Handler                         0x08000761   Thumb Code     2  stm32f1xx_it.o(i.BusFault_Handler)
    CRC_16                                   0x08000763   Thumb Code    44  rs485.o(i.CRC_16)
    DataHandling_485                         0x08000791   Thumb Code   170  rs485.o(i.DataHandling_485)
    DebugMon_Handler                         0x08000849   Thumb Code     2  stm32f1xx_it.o(i.DebugMon_Handler)
    ENC28J60_ReadPhy                         0x0800084b   Thumb Code    80  enc28j60.o(i.ENC28J60_ReadPhy)
    ENC28J60_SelectBank                      0x0800089b   Thumb Code    40  enc28j60.o(i.ENC28J60_SelectBank)
    ENC28J60_SetBits                         0x080008c5   Thumb Code    34  enc28j60.o(i.ENC28J60_SetBits)
    HAL_Delay                                0x080008ed   Thumb Code    22  stm32f1xx_hal.o(i.HAL_Delay)
    HAL_GPIO_Init                            0x08000905   Thumb Code   450  stm32f1xx_hal_gpio.o(i.HAL_GPIO_Init)
    HAL_GPIO_WritePin                        0x08000af1   Thumb Code    10  stm32f1xx_hal_gpio.o(i.HAL_GPIO_WritePin)
    HAL_GetTick                              0x08000afd   Thumb Code     6  stm32f1xx_hal.o(i.HAL_GetTick)
    HAL_IncTick                              0x08000b09   Thumb Code    10  stm32f1xx_hal.o(i.HAL_IncTick)
    HAL_Init                                 0x08000b19   Thumb Code    32  stm32f1xx_hal.o(i.HAL_Init)
    HAL_InitTick                             0x08000b3d   Thumb Code    34  stm32f1xx_hal.o(i.HAL_InitTick)
    HAL_MspInit                              0x08000b5f   Thumb Code     2  stm32f1xx_hal_msp.o(i.HAL_MspInit)
    HAL_NVIC_EnableIRQ                       0x08000b61   Thumb Code    22  stm32f1xx_hal_cortex.o(i.HAL_NVIC_EnableIRQ)
    HAL_NVIC_SetPriority                     0x08000b79   Thumb Code    60  stm32f1xx_hal_cortex.o(i.HAL_NVIC_SetPriority)
    HAL_NVIC_SetPriorityGrouping             0x08000bb9   Thumb Code    26  stm32f1xx_hal_cortex.o(i.HAL_NVIC_SetPriorityGrouping)
    HAL_RCC_ClockConfig                      0x08000bdd   Thumb Code   366  stm32f1xx_hal_rcc.o(i.HAL_RCC_ClockConfig)
    HAL_RCC_GetHCLKFreq                      0x08000d5d   Thumb Code     6  stm32f1xx_hal_rcc.o(i.HAL_RCC_GetHCLKFreq)
    HAL_RCC_GetPCLK1Freq                     0x08000d69   Thumb Code    34  stm32f1xx_hal_rcc.o(i.HAL_RCC_GetPCLK1Freq)
    HAL_RCC_GetPCLK2Freq                     0x08000d99   Thumb Code    34  stm32f1xx_hal_rcc.o(i.HAL_RCC_GetPCLK2Freq)
    HAL_RCC_GetSysClockFreq                  0x08000dc9   Thumb Code   102  stm32f1xx_hal_rcc.o(i.HAL_RCC_GetSysClockFreq)
    HAL_RCC_OscConfig                        0x08000e51   Thumb Code  1402  stm32f1xx_hal_rcc.o(i.HAL_RCC_OscConfig)
    HAL_SPI_Init                             0x080013cb   Thumb Code   122  stm32f1xx_hal_spi.o(i.HAL_SPI_Init)
    HAL_SPI_MspInit                          0x08001445   Thumb Code    90  spi_enc28j60.o(i.HAL_SPI_MspInit)
    HAL_SPI_TransmitReceive                  0x080014ad   Thumb Code   690  stm32f1xx_hal_spi.o(i.HAL_SPI_TransmitReceive)
    HAL_SYSTICK_CLKSourceConfig              0x0800175f   Thumb Code    24  stm32f1xx_hal_cortex.o(i.HAL_SYSTICK_CLKSourceConfig)
    HAL_SYSTICK_Config                       0x08001777   Thumb Code    40  stm32f1xx_hal_cortex.o(i.HAL_SYSTICK_Config)
    HAL_TIMEx_BreakCallback                  0x0800179f   Thumb Code     2  stm32f1xx_hal_tim_ex.o(i.HAL_TIMEx_BreakCallback)
    HAL_TIMEx_CommutationCallback            0x080017a1   Thumb Code     2  stm32f1xx_hal_tim_ex.o(i.HAL_TIMEx_CommutationCallback)
    HAL_TIM_Base_Init                        0x080017a3   Thumb Code    54  stm32f1xx_hal_tim.o(i.HAL_TIM_Base_Init)
    HAL_TIM_Base_MspInit                     0x080017d9   Thumb Code    50  _timer.o(i.HAL_TIM_Base_MspInit)
    HAL_TIM_Base_Start_IT                    0x08001815   Thumb Code    24  stm32f1xx_hal_tim.o(i.HAL_TIM_Base_Start_IT)
    HAL_TIM_IC_CaptureCallback               0x0800182d   Thumb Code     2  stm32f1xx_hal_tim.o(i.HAL_TIM_IC_CaptureCallback)
    HAL_TIM_IRQHandler                       0x0800182f   Thumb Code   358  stm32f1xx_hal_tim.o(i.HAL_TIM_IRQHandler)
    HAL_TIM_OC_DelayElapsedCallback          0x08001995   Thumb Code     2  stm32f1xx_hal_tim.o(i.HAL_TIM_OC_DelayElapsedCallback)
    HAL_TIM_PWM_PulseFinishedCallback        0x08001997   Thumb Code     2  stm32f1xx_hal_tim.o(i.HAL_TIM_PWM_PulseFinishedCallback)
    HAL_TIM_PeriodElapsedCallback            0x08001999   Thumb Code     2  stm32f1xx_hal_tim.o(i.HAL_TIM_PeriodElapsedCallback)
    HAL_TIM_TriggerCallback                  0x0800199b   Thumb Code     2  stm32f1xx_hal_tim.o(i.HAL_TIM_TriggerCallback)
    HAL_UART_Init                            0x0800199d   Thumb Code    94  stm32f1xx_hal_uart.o(i.HAL_UART_Init)
    HAL_UART_MspInit                         0x080019fd   Thumb Code   294  usart.o(i.HAL_UART_MspInit)
    HAL_UART_Receive_IT                      0x08001b3d   Thumb Code   104  stm32f1xx_hal_uart.o(i.HAL_UART_Receive_IT)
    HAL_UART_Transmit                        0x08001ba5   Thumb Code   200  stm32f1xx_hal_uart.o(i.HAL_UART_Transmit)
    HardFault_Handler                        0x08001c6d   Thumb Code     2  stm32f1xx_it.o(i.HardFault_Handler)
    MemManage_Handler                        0x08001cb1   Thumb Code     2  stm32f1xx_it.o(i.MemManage_Handler)
    NMI_Handler                              0x08001cb3   Thumb Code     2  stm32f1xx_it.o(i.NMI_Handler)
    PendSV_Handler                           0x08001cd5   Thumb Code     2  stm32f1xx_it.o(i.PendSV_Handler)
    RS485_HandlerCb                          0x08001cd9   Thumb Code   206  main.o(i.RS485_HandlerCb)
    Rs485_ClearReceiveBuffer                 0x08001de9   Thumb Code    14  rs485.o(i.Rs485_ClearReceiveBuffer)
    Rs485_Init                               0x08001e01   Thumb Code    68  rs485.o(i.Rs485_Init)
    Rs485_Receive                            0x08001e4d   Thumb Code   172  rs485.o(i.Rs485_Receive)
    Rs485_Send                               0x08001f05   Thumb Code   192  rs485.o(i.Rs485_Send)
    Rx_Stack_Init                            0x08001fd5   Thumb Code    42  rs485.o(i.Rx_Stack_Init)
    SPI1_ReadWrite                           0x0800200d   Thumb Code    26  spi_enc28j60.o(i.SPI1_ReadWrite)
    SPI_Enc28j60_Init                        0x0800202d   Thumb Code   126  spi_enc28j60.o(i.SPI_Enc28j60_Init)
    SVC_Handler                              0x08002157   Thumb Code     2  stm32f1xx_it.o(i.SVC_Handler)
    SysTick_Handler                          0x08002159   Thumb Code     4  stm32f1xx_it.o(i.SysTick_Handler)
    SystemClock_Config                       0x0800215d   Thumb Code   102  system_stm32f1xx.o(i.SystemClock_Config)
    SystemInit                               0x080021c5   Thumb Code    64  system_stm32f1xx.o(i.SystemInit)
    TIM3_IRQHandler                          0x08002215   Thumb Code    18  _timer.o(i.TIM3_IRQHandler)
    TIM3_Init                                0x08002231   Thumb Code    40  _timer.o(i.TIM3_Init)
    TIM_Base_SetConfig                       0x08002265   Thumb Code   112  stm32f1xx_hal_tim.o(i.TIM_Base_SetConfig)
    Tx_Stack_Init                            0x080022e9   Thumb Code    42  rs485.o(i.Tx_Stack_Init)
    UART1_Init                               0x08002321   Thumb Code    44  usart.o(i.UART1_Init)
    UART2_Init                               0x08002359   Thumb Code    44  usart.o(i.UART2_Init)
    USART1_IRQHandler                        0x08002591   Thumb Code    54  usart.o(i.USART1_IRQHandler)
    USART2_IRQHandler                        0x080025d9   Thumb Code    30  usart.o(i.USART2_IRQHandler)
    USART3_Init                              0x08002601   Thumb Code    40  usart.o(i.USART3_Init)
    UipPro                                   0x08002631   Thumb Code    82  uip_app.o(i.UipPro)
    UsageFault_Handler                       0x0800268d   Thumb Code     2  stm32f1xx_it.o(i.UsageFault_Handler)
    _is_digit                                0x0800268f   Thumb Code    14  __printf_wp.o(i._is_digit)
    _sys_exit                                0x0800269d   Thumb Code     2  usart.o(i._sys_exit)
    calcByte                                 0x0800269f   Thumb Code    42  rs485.o(i.calcByte)
    clock_time                               0x08002705   Thumb Code     6  clock-arch.o(i.clock_time)
    delay_ms                                 0x08002711   Thumb Code    24  delay.o(i.delay_ms)
    enc28j60Init                             0x08002739   Thumb Code   362  enc28j60.o(i.enc28j60Init)
    enc28j60PacketReceive                    0x080028ad   Thumb Code   172  enc28j60.o(i.enc28j60PacketReceive)
    enc28j60PacketSend                       0x0800295d   Thumb Code   100  enc28j60.o(i.enc28j60PacketSend)
    enc28j60PhyWrite                         0x080029c1   Thumb Code    42  enc28j60.o(i.enc28j60PhyWrite)
    enc28j60Read                             0x080029eb   Thumb Code    20  enc28j60.o(i.enc28j60Read)
    enc28j60ReadBuffer                       0x08002a01   Thumb Code    46  enc28j60.o(i.enc28j60ReadBuffer)
    enc28j60ReadOp                           0x08002a39   Thumb Code    44  enc28j60.o(i.enc28j60ReadOp)
    enc28j60SetBank                          0x08002a69   Thumb Code    42  enc28j60.o(i.enc28j60SetBank)
    enc28j60Write                            0x08002a99   Thumb Code    24  enc28j60.o(i.enc28j60Write)
    enc28j60WriteBuffer                      0x08002ab1   Thumb Code    42  enc28j60.o(i.enc28j60WriteBuffer)
    enc28j60WriteOp                          0x08002ae1   Thumb Code    34  enc28j60.o(i.enc28j60WriteOp)
    enc28j60clkout                           0x08002b09   Thumb Code    10  enc28j60.o(i.enc28j60clkout)
    eth_poll                                 0x08002b15   Thumb Code   134  uip_app.o(i.eth_poll)
    etherdev_init                            0x08002bb5   Thumb Code    46  uip_appcall.o(i.etherdev_init)
    fputc                                    0x08002bed   Thumb Code    18  usart.o(i.fputc)
    htons                                    0x08002c05   Thumb Code    10  uip.o(i.htons)
    main                                     0x08002c11   Thumb Code   382  main.o(i.main)
    myudp_appcall                            0x08002e09   Thumb Code    98  uip_appcall.o(i.myudp_appcall)
    tapdev_init                              0x08002e89   Thumb Code     4  tapdev.o(i.tapdev_init)
    tapdev_read                              0x08002e8d   Thumb Code    16  tapdev.o(i.tapdev_read)
    tapdev_send                              0x08002ea1   Thumb Code    10  tapdev.o(i.tapdev_send)
    tcp_appcall                              0x08002eb5   Thumb Code   202  main.o(i.tcp_appcall)
    timer_expired                            0x08003009   Thumb Code    26  timer.o(i.timer_expired)
    timer_reset                              0x08003023   Thumb Code    10  timer.o(i.timer_reset)
    timer_set                                0x0800302d   Thumb Code    14  timer.o(i.timer_set)
    uIP_Net_Init                             0x0800303d   Thumb Code    32  uip_app.o(i.uIP_Net_Init)
    uip_add32                                0x08003061   Thumb Code    86  uip.o(i.uip_add32)
    uip_arp_arpin                            0x080030e9   Thumb Code   152  uip_arp.o(i.uip_arp_arpin)
    uip_arp_out                              0x08003191   Thumb Code   308  uip_arp.o(i.uip_arp_out)
    uip_arp_timer                            0x080032ed   Thumb Code    58  uip_arp.o(i.uip_arp_timer)
    uip_connect                              0x080033e9   Thumb Code   210  uip.o(i.uip_connect)
    uip_init                                 0x080034c5   Thumb Code    84  uip.o(i.uip_init)
    uip_ipchksum                             0x08003525   Thumb Code    28  uip.o(i.uip_ipchksum)
    uip_log                                  0x08003545   Thumb Code     2  uip_appcall.o(i.uip_log)
    uip_process                              0x08003549   Thumb Code  2968  uip.o(i.uip_process)
    uip_send                                 0x080040e9   Thumb Code    24  uip.o(i.uip_send)
    uip_tcpchksum                            0x08004105   Thumb Code     6  uip.o(i.uip_tcpchksum)
    uip_udpchksum                            0x0800410b   Thumb Code     6  uip.o(i.uip_udpchksum)
    AHBPrescTable                            0x08004150   Data          16  system_stm32f1xx.o(.constdata)
    APBPrescTable                            0x08004160   Data           8  system_stm32f1xx.o(.constdata)
    Region$$Table$$Base                      0x08004180   Number         0  anon$$obj.o(Region$$Table)
    Region$$Table$$Limit                     0x080041a0   Number         0  anon$$obj.o(Region$$Table)
    ConndecServerFlg                         0x20000001   Data           1  main.o(.data)
    LoraChReceiveRxLen                       0x20000002   Data           1  main.o(.data)
    loraChReceive                            0x20000003   Data           1  main.o(.data)
    _24GChReceiveRxLen                       0x20000004   Data           1  main.o(.data)
    _24GChReceive                            0x20000005   Data           1  main.o(.data)
    zigBeeChReceiveRxLen                     0x20000006   Data           1  main.o(.data)
    zigBeeChReceive                          0x20000007   Data           1  main.o(.data)
    PollTargetIndex                          0x20000008   Data           1  main.o(.data)
    count                                    0x20000009   Data           1  main.o(.data)
    uip_tcp_client_send_len                  0x2000000b   Data           1  main.o(.data)
    UIP_RunTimeCounter                       0x2000000c   Data           4  main.o(.data)
    UIP_HanlderCounter                       0x20000010   Data           4  main.o(.data)
    uip_udp_client_send_counter              0x20000014   Data           4  main.o(.data)
    uip_tcp_client_send_counter              0x20000018   Data           4  main.o(.data)
    SendCount                                0x2000001c   Data           4  main.o(.data)
    PollTarget                               0x20000024   Data           6  main.o(.data)
    client_link_uip_conn                     0x2000002c   Data           8  main.o(.data)
    uip_udp_client_send_len                  0x20000034   Data           1  main.o(.data)
    SystemCoreClock                          0x20000038   Data           4  system_stm32f1xx.o(.data)
    UART1_RxBuffer                           0x20000040   Data           1  usart.o(.data)
    USART1_RX_STA                            0x20000044   Data           4  usart.o(.data)
    __stdout                                 0x20000048   Data           4  usart.o(.data)
    uip_flags                                0x20000058   Data           1  uip.o(.data)
    LPORT                                    0x2000005c   Data           2  uip.o(.data)
    uip_len                                  0x2000005e   Data           2  uip.o(.data)
    uip_slen                                 0x20000060   Data           2  uip.o(.data)
    uip_hostaddr                             0x20000068   Data           4  uip.o(.data)
    uip_appdata                              0x2000006c   Data           4  uip.o(.data)
    uip_sappdata                             0x20000070   Data           4  uip.o(.data)
    uip_conn                                 0x20000074   Data           4  uip.o(.data)
    uip_udp_conn                             0x20000078   Data           4  uip.o(.data)
    uip_acc32                                0x20000080   Data           4  uip.o(.data)
    uip_ethaddr                              0x20000084   Data           6  uip.o(.data)
    uip_draddr                               0x2000008a   Data           4  uip.o(.data)
    uip_netmask                              0x2000008e   Data           4  uip.o(.data)
    uIP_RunTime                              0x2000009c   Data           4  clock-arch.o(.data)
    pxConnectServerConn                      0x200000a0   Data           4  uip_app.o(.data)
    pxUDP_Conn                               0x200000a4   Data           4  uip_app.o(.data)
    periodic_timer                           0x200000a8   Data           8  uip_app.o(.data)
    arp_timer                                0x200000b0   Data           8  uip_app.o(.data)
    pxDataFromServer                         0x200000b8   Data           4  uip_appcall.o(.data)
    ret                                      0x200000c8   Data           4  enc28j60.o(.data)
    uip_udp_client_send_buf                  0x200000d0   Data          50  main.o(.bss)
    uip_tcp_client_send_buf                  0x20000102   Data          50  main.o(.bss)
    loraChReceiveBuffer                      0x20000134   Data          64  main.o(.bss)
    _24GChReceiveBuffer                      0x20000174   Data          64  main.o(.bss)
    zigBeeChReceiveBuffer                    0x200001b4   Data          64  main.o(.bss)
    UART1_Handler                            0x200001f4   Data          64  usart.o(.bss)
    huart3                                   0x20000234   Data          64  usart.o(.bss)
    UART2_Handler                            0x20000274   Data          64  usart.o(.bss)
    Tx_Stack                                 0x200002b4   Data         220  rs485.o(.bss)
    Rx_Stack                                 0x20000390   Data         220  rs485.o(.bss)
    Send_Data                                0x2000046c   Data         200  rs485.o(.bss)
    Receive_Data                             0x20000534   Data         200  rs485.o(.bss)
    TIM3_Handler                             0x200005fc   Data          60  _timer.o(.bss)
    uip_buf                                  0x20000638   Data        1502  uip.o(.bss)
    uip_conns                                0x20000c18   Data         400  uip.o(.bss)
    uip_listenports                          0x20000da8   Data          20  uip.o(.bss)
    uip_udp_conns                            0x20000dbc   Data         160  uip.o(.bss)
    uip_stat                                 0x20000e5c   Data          52  uip.o(.bss)
    hspi1                                    0x20000ef0   Data          88  spi_enc28j60.o(.bss)
    __libspace_start                         0x20000f48   Data          96  libspace.o(.bss)
    __temporary_stack_top$libspace           0x20000fa8   Data           0  libspace.o(.bss)



==============================================================================

Memory Map of the image

  Image Entry point : 0x08000131

  Load Region LR_IROM1 (Base: 0x08000000, Size: 0x00004270, Max: 0x00010000, ABSOLUTE)

    Execution Region ER_IROM1 (Exec base: 0x08000000, Load base: 0x08000000, Size: 0x000041a0, Max: 0x00010000, ABSOLUTE)

    Exec Addr    Load Addr    Size         Type   Attr      Idx    E Section Name        Object

    0x08000000   0x08000000   0x00000130   Data   RO          523    RESET               startup_stm32f103xe.o
    0x08000130   0x08000130   0x00000008   Code   RO         4735  * !!!main             c_w.l(__main.o)
    0x08000138   0x08000138   0x00000034   Code   RO         4911    !!!scatter          c_w.l(__scatter.o)
    0x0800016c   0x0800016c   0x0000001a   Code   RO         4913    !!handler_copy      c_w.l(__scatter_copy.o)
    0x08000186   0x08000186   0x00000002   PAD
    0x08000188   0x08000188   0x0000001c   Code   RO         4915    !!handler_zi        c_w.l(__scatter_zi.o)
    0x080001a4   0x080001a4   0x00000000   Code   RO         4710    .ARM.Collect$$_printf_percent$$00000000  c_w.l(_printf_percent.o)
    0x080001a4   0x080001a4   0x00000006   Code   RO         4708    .ARM.Collect$$_printf_percent$$00000009  c_w.l(_printf_d.o)
    0x080001aa   0x080001aa   0x00000004   Code   RO         4752    .ARM.Collect$$_printf_percent$$00000017  c_w.l(_printf_percent_end.o)
    0x080001ae   0x080001ae   0x00000002   Code   RO         4785    .ARM.Collect$$libinit$$00000000  c_w.l(libinit.o)
    0x080001b0   0x080001b0   0x00000000   Code   RO         4792    .ARM.Collect$$libinit$$00000002  c_w.l(libinit2.o)
    0x080001b0   0x080001b0   0x00000000   Code   RO         4794    .ARM.Collect$$libinit$$00000004  c_w.l(libinit2.o)
    0x080001b0   0x080001b0   0x00000000   Code   RO         4797    .ARM.Collect$$libinit$$0000000A  c_w.l(libinit2.o)
    0x080001b0   0x080001b0   0x00000000   Code   RO         4799    .ARM.Collect$$libinit$$0000000C  c_w.l(libinit2.o)
    0x080001b0   0x080001b0   0x00000000   Code   RO         4801    .ARM.Collect$$libinit$$0000000E  c_w.l(libinit2.o)
    0x080001b0   0x080001b0   0x00000000   Code   RO         4804    .ARM.Collect$$libinit$$00000011  c_w.l(libinit2.o)
    0x080001b0   0x080001b0   0x00000000   Code   RO         4806    .ARM.Collect$$libinit$$00000013  c_w.l(libinit2.o)
    0x080001b0   0x080001b0   0x00000000   Code   RO         4808    .ARM.Collect$$libinit$$00000015  c_w.l(libinit2.o)
    0x080001b0   0x080001b0   0x00000000   Code   RO         4810    .ARM.Collect$$libinit$$00000017  c_w.l(libinit2.o)
    0x080001b0   0x080001b0   0x00000000   Code   RO         4812    .ARM.Collect$$libinit$$00000019  c_w.l(libinit2.o)
    0x080001b0   0x080001b0   0x00000000   Code   RO         4814    .ARM.Collect$$libinit$$0000001B  c_w.l(libinit2.o)
    0x080001b0   0x080001b0   0x00000000   Code   RO         4816    .ARM.Collect$$libinit$$0000001D  c_w.l(libinit2.o)
    0x080001b0   0x080001b0   0x00000000   Code   RO         4818    .ARM.Collect$$libinit$$0000001F  c_w.l(libinit2.o)
    0x080001b0   0x080001b0   0x00000000   Code   RO         4820    .ARM.Collect$$libinit$$00000021  c_w.l(libinit2.o)
    0x080001b0   0x080001b0   0x00000000   Code   RO         4822    .ARM.Collect$$libinit$$00000023  c_w.l(libinit2.o)
    0x080001b0   0x080001b0   0x00000000   Code   RO         4824    .ARM.Collect$$libinit$$00000025  c_w.l(libinit2.o)
    0x080001b0   0x080001b0   0x00000000   Code   RO         4828    .ARM.Collect$$libinit$$0000002C  c_w.l(libinit2.o)
    0x080001b0   0x080001b0   0x00000000   Code   RO         4830    .ARM.Collect$$libinit$$0000002E  c_w.l(libinit2.o)
    0x080001b0   0x080001b0   0x00000000   Code   RO         4832    .ARM.Collect$$libinit$$00000030  c_w.l(libinit2.o)
    0x080001b0   0x080001b0   0x00000000   Code   RO         4834    .ARM.Collect$$libinit$$00000032  c_w.l(libinit2.o)
    0x080001b0   0x080001b0   0x00000002   Code   RO         4835    .ARM.Collect$$libinit$$00000033  c_w.l(libinit2.o)
    0x080001b2   0x080001b2   0x00000002   Code   RO         4853    .ARM.Collect$$libshutdown$$00000000  c_w.l(libshutdown.o)
    0x080001b4   0x080001b4   0x00000000   Code   RO         4863    .ARM.Collect$$libshutdown$$00000002  c_w.l(libshutdown2.o)
    0x080001b4   0x080001b4   0x00000000   Code   RO         4865    .ARM.Collect$$libshutdown$$00000004  c_w.l(libshutdown2.o)
    0x080001b4   0x080001b4   0x00000000   Code   RO         4868    .ARM.Collect$$libshutdown$$00000007  c_w.l(libshutdown2.o)
    0x080001b4   0x080001b4   0x00000000   Code   RO         4871    .ARM.Collect$$libshutdown$$0000000A  c_w.l(libshutdown2.o)
    0x080001b4   0x080001b4   0x00000000   Code   RO         4873    .ARM.Collect$$libshutdown$$0000000C  c_w.l(libshutdown2.o)
    0x080001b4   0x080001b4   0x00000000   Code   RO         4876    .ARM.Collect$$libshutdown$$0000000F  c_w.l(libshutdown2.o)
    0x080001b4   0x080001b4   0x00000002   Code   RO         4877    .ARM.Collect$$libshutdown$$00000010  c_w.l(libshutdown2.o)
    0x080001b6   0x080001b6   0x00000000   Code   RO         4739    .ARM.Collect$$rtentry$$00000000  c_w.l(__rtentry.o)
    0x080001b6   0x080001b6   0x00000000   Code   RO         4756    .ARM.Collect$$rtentry$$00000002  c_w.l(__rtentry2.o)
    0x080001b6   0x080001b6   0x00000006   Code   RO         4768    .ARM.Collect$$rtentry$$00000004  c_w.l(__rtentry4.o)
    0x080001bc   0x080001bc   0x00000000   Code   RO         4758    .ARM.Collect$$rtentry$$00000009  c_w.l(__rtentry2.o)
    0x080001bc   0x080001bc   0x00000004   Code   RO         4759    .ARM.Collect$$rtentry$$0000000A  c_w.l(__rtentry2.o)
    0x080001c0   0x080001c0   0x00000000   Code   RO         4761    .ARM.Collect$$rtentry$$0000000C  c_w.l(__rtentry2.o)
    0x080001c0   0x080001c0   0x00000008   Code   RO         4762    .ARM.Collect$$rtentry$$0000000D  c_w.l(__rtentry2.o)
    0x080001c8   0x080001c8   0x00000002   Code   RO         4789    .ARM.Collect$$rtexit$$00000000  c_w.l(rtexit.o)
    0x080001ca   0x080001ca   0x00000000   Code   RO         4837    .ARM.Collect$$rtexit$$00000002  c_w.l(rtexit2.o)
    0x080001ca   0x080001ca   0x00000004   Code   RO         4838    .ARM.Collect$$rtexit$$00000003  c_w.l(rtexit2.o)
    0x080001ce   0x080001ce   0x00000006   Code   RO         4839    .ARM.Collect$$rtexit$$00000004  c_w.l(rtexit2.o)
    0x080001d4   0x080001d4   0x00000040   Code   RO          524    .text               startup_stm32f103xe.o
    0x08000214   0x08000214   0x00000002   Code   RO         4642    .text               c_w.l(use_no_semi_2.o)
    0x08000216   0x08000216   0x00000002   PAD
    0x08000218   0x08000218   0x00000018   Code   RO         4644    .text               c_w.l(__2printf.o)
    0x08000230   0x08000230   0x0000002c   Code   RO         4646    .text               c_w.l(__2sprintf.o)
    0x0800025c   0x0800025c   0x00000078   Code   RO         4662    .text               c_w.l(_printf_dec.o)
    0x080002d4   0x080002d4   0x00000138   Code   RO         4697    .text               c_w.l(__printf_flags_wp.o)
    0x0800040c   0x0800040c   0x0000003e   Code   RO         4719    .text               c_w.l(strlen.o)
    0x0800044a   0x0800044a   0x0000008a   Code   RO         4723    .text               c_w.l(rt_memcpy_v6.o)
    0x080004d4   0x080004d4   0x00000010   Code   RO         4725    .text               c_w.l(aeabi_memset.o)
    0x080004e4   0x080004e4   0x00000044   Code   RO         4727    .text               c_w.l(rt_memclr.o)
    0x08000528   0x08000528   0x0000004e   Code   RO         4729    .text               c_w.l(rt_memclr_w.o)
    0x08000576   0x08000576   0x00000006   Code   RO         4733    .text               c_w.l(heapauxi.o)
    0x0800057c   0x0800057c   0x00000002   Code   RO         4737    .text               c_w.l(use_no_semi.o)
    0x0800057e   0x0800057e   0x000000b2   Code   RO         4740    .text               c_w.l(_printf_intcommon.o)
    0x08000630   0x08000630   0x00000030   Code   RO         4742    .text               c_w.l(_printf_char_common.o)
    0x08000660   0x08000660   0x0000000a   Code   RO         4744    .text               c_w.l(_sputc.o)
    0x0800066a   0x0800066a   0x00000002   PAD
    0x0800066c   0x0800066c   0x00000024   Code   RO         4750    .text               c_w.l(_printf_char_file.o)
    0x08000690   0x08000690   0x00000064   Code   RO         4753    .text               c_w.l(rt_memcpy_w.o)
    0x080006f4   0x080006f4   0x00000008   Code   RO         4772    .text               c_w.l(ferror.o)
    0x080006fc   0x080006fc   0x0000004a   Code   RO         4776    .text               c_w.l(sys_stackheap_outer.o)
    0x08000746   0x08000746   0x00000012   Code   RO         4778    .text               c_w.l(exit.o)
    0x08000758   0x08000758   0x00000008   Code   RO         4786    .text               c_w.l(libspace.o)
    0x08000760   0x08000760   0x00000002   Code   RO          286    i.BusFault_Handler  stm32f1xx_it.o
    0x08000762   0x08000762   0x0000002c   Code   RO         3190    i.CRC_16            rs485.o
    0x0800078e   0x0800078e   0x00000002   PAD
    0x08000790   0x08000790   0x000000b8   Code   RO         3191    i.DataHandling_485  rs485.o
    0x08000848   0x08000848   0x00000002   Code   RO          287    i.DebugMon_Handler  stm32f1xx_it.o
    0x0800084a   0x0800084a   0x00000050   Code   RO         4292    i.ENC28J60_ReadPhy  enc28j60.o
    0x0800089a   0x0800089a   0x00000028   Code   RO         4293    i.ENC28J60_SelectBank  enc28j60.o
    0x080008c2   0x080008c2   0x00000002   PAD
    0x080008c4   0x080008c4   0x00000028   Code   RO         4294    i.ENC28J60_SetBits  enc28j60.o
    0x080008ec   0x080008ec   0x00000016   Code   RO          538    i.HAL_Delay         stm32f1xx_hal.o
    0x08000902   0x08000902   0x00000002   PAD
    0x08000904   0x08000904   0x000001ec   Code   RO          785    i.HAL_GPIO_Init     stm32f1xx_hal_gpio.o
    0x08000af0   0x08000af0   0x0000000a   Code   RO          789    i.HAL_GPIO_WritePin  stm32f1xx_hal_gpio.o
    0x08000afa   0x08000afa   0x00000002   PAD
    0x08000afc   0x08000afc   0x0000000c   Code   RO          542    i.HAL_GetTick       stm32f1xx_hal.o
    0x08000b08   0x08000b08   0x00000010   Code   RO          543    i.HAL_IncTick       stm32f1xx_hal.o
    0x08000b18   0x08000b18   0x00000024   Code   RO          544    i.HAL_Init          stm32f1xx_hal.o
    0x08000b3c   0x08000b3c   0x00000022   Code   RO          545    i.HAL_InitTick      stm32f1xx_hal.o
    0x08000b5e   0x08000b5e   0x00000002   Code   RO          495    i.HAL_MspInit       stm32f1xx_hal_msp.o
    0x08000b60   0x08000b60   0x00000016   Code   RO          667    i.HAL_NVIC_EnableIRQ  stm32f1xx_hal_cortex.o
    0x08000b76   0x08000b76   0x00000002   PAD
    0x08000b78   0x08000b78   0x00000040   Code   RO          673    i.HAL_NVIC_SetPriority  stm32f1xx_hal_cortex.o
    0x08000bb8   0x08000bb8   0x00000024   Code   RO          674    i.HAL_NVIC_SetPriorityGrouping  stm32f1xx_hal_cortex.o
    0x08000bdc   0x08000bdc   0x00000180   Code   RO         1010    i.HAL_RCC_ClockConfig  stm32f1xx_hal_rcc.o
    0x08000d5c   0x08000d5c   0x0000000c   Code   RO         1015    i.HAL_RCC_GetHCLKFreq  stm32f1xx_hal_rcc.o
    0x08000d68   0x08000d68   0x00000030   Code   RO         1017    i.HAL_RCC_GetPCLK1Freq  stm32f1xx_hal_rcc.o
    0x08000d98   0x08000d98   0x00000030   Code   RO         1018    i.HAL_RCC_GetPCLK2Freq  stm32f1xx_hal_rcc.o
    0x08000dc8   0x08000dc8   0x00000088   Code   RO         1019    i.HAL_RCC_GetSysClockFreq  stm32f1xx_hal_rcc.o
    0x08000e50   0x08000e50   0x0000057a   Code   RO         1022    i.HAL_RCC_OscConfig  stm32f1xx_hal_rcc.o
    0x080013ca   0x080013ca   0x0000007a   Code   RO         1963    i.HAL_SPI_Init      stm32f1xx_hal_spi.o
    0x08001444   0x08001444   0x00000068   Code   RO         4550    i.HAL_SPI_MspInit   spi_enc28j60.o
    0x080014ac   0x080014ac   0x000002b2   Code   RO         1972    i.HAL_SPI_TransmitReceive  stm32f1xx_hal_spi.o
    0x0800175e   0x0800175e   0x00000018   Code   RO          676    i.HAL_SYSTICK_CLKSourceConfig  stm32f1xx_hal_cortex.o
    0x08001776   0x08001776   0x00000028   Code   RO          678    i.HAL_SYSTICK_Config  stm32f1xx_hal_cortex.o
    0x0800179e   0x0800179e   0x00000002   Code   RO         2831    i.HAL_TIMEx_BreakCallback  stm32f1xx_hal_tim_ex.o
    0x080017a0   0x080017a0   0x00000002   Code   RO         2832    i.HAL_TIMEx_CommutationCallback  stm32f1xx_hal_tim_ex.o
    0x080017a2   0x080017a2   0x00000036   Code   RO         2202    i.HAL_TIM_Base_Init  stm32f1xx_hal_tim.o
    0x080017d8   0x080017d8   0x0000003c   Code   RO         3293    i.HAL_TIM_Base_MspInit  _timer.o
    0x08001814   0x08001814   0x00000018   Code   RO         2207    i.HAL_TIM_Base_Start_IT  stm32f1xx_hal_tim.o
    0x0800182c   0x0800182c   0x00000002   Code   RO         2231    i.HAL_TIM_IC_CaptureCallback  stm32f1xx_hal_tim.o
    0x0800182e   0x0800182e   0x00000166   Code   RO         2244    i.HAL_TIM_IRQHandler  stm32f1xx_hal_tim.o
    0x08001994   0x08001994   0x00000002   Code   RO         2247    i.HAL_TIM_OC_DelayElapsedCallback  stm32f1xx_hal_tim.o
    0x08001996   0x08001996   0x00000002   Code   RO         2274    i.HAL_TIM_PWM_PulseFinishedCallback  stm32f1xx_hal_tim.o
    0x08001998   0x08001998   0x00000002   Code   RO         2281    i.HAL_TIM_PeriodElapsedCallback  stm32f1xx_hal_tim.o
    0x0800199a   0x0800199a   0x00000002   Code   RO         2285    i.HAL_TIM_TriggerCallback  stm32f1xx_hal_tim.o
    0x0800199c   0x0800199c   0x0000005e   Code   RO         1163    i.HAL_UART_Init     stm32f1xx_hal_uart.o
    0x080019fa   0x080019fa   0x00000002   PAD
    0x080019fc   0x080019fc   0x00000140   Code   RO         3094    i.HAL_UART_MspInit  usart.o
    0x08001b3c   0x08001b3c   0x00000068   Code   RO         1168    i.HAL_UART_Receive_IT  stm32f1xx_hal_uart.o
    0x08001ba4   0x08001ba4   0x000000c8   Code   RO         1171    i.HAL_UART_Transmit  stm32f1xx_hal_uart.o
    0x08001c6c   0x08001c6c   0x00000002   Code   RO          288    i.HardFault_Handler  stm32f1xx_it.o
    0x08001c6e   0x08001c6e   0x00000002   PAD
    0x08001c70   0x08001c70   0x00000040   Code   RO         4551    i.MX_SPI1_Init      spi_enc28j60.o
    0x08001cb0   0x08001cb0   0x00000002   Code   RO          289    i.MemManage_Handler  stm32f1xx_it.o
    0x08001cb2   0x08001cb2   0x00000002   Code   RO          290    i.NMI_Handler       stm32f1xx_it.o
    0x08001cb4   0x08001cb4   0x00000020   Code   RO          680    i.NVIC_SetPriority  stm32f1xx_hal_cortex.o
    0x08001cd4   0x08001cd4   0x00000002   Code   RO          291    i.PendSV_Handler    stm32f1xx_it.o
    0x08001cd6   0x08001cd6   0x00000002   PAD
    0x08001cd8   0x08001cd8   0x00000110   Code   RO            4    i.RS485_HandlerCb   main.o
    0x08001de8   0x08001de8   0x00000018   Code   RO         3192    i.Rs485_ClearReceiveBuffer  rs485.o
    0x08001e00   0x08001e00   0x0000004c   Code   RO         3193    i.Rs485_Init        rs485.o
    0x08001e4c   0x08001e4c   0x000000b8   Code   RO         3194    i.Rs485_Receive     rs485.o
    0x08001f04   0x08001f04   0x000000d0   Code   RO         3195    i.Rs485_Send        rs485.o
    0x08001fd4   0x08001fd4   0x00000038   Code   RO         3197    i.Rx_Stack_Init     rs485.o
    0x0800200c   0x0800200c   0x00000020   Code   RO         4552    i.SPI1_ReadWrite    spi_enc28j60.o
    0x0800202c   0x0800202c   0x0000008c   Code   RO         4553    i.SPI_Enc28j60_Init  spi_enc28j60.o
    0x080020b8   0x080020b8   0x0000009e   Code   RO         1994    i.SPI_WaitOnFlagUntilTimeout  stm32f1xx_hal_spi.o
    0x08002156   0x08002156   0x00000002   Code   RO          292    i.SVC_Handler       stm32f1xx_it.o
    0x08002158   0x08002158   0x00000004   Code   RO          293    i.SysTick_Handler   stm32f1xx_it.o
    0x0800215c   0x0800215c   0x00000066   Code   RO          444    i.SystemClock_Config  system_stm32f1xx.o
    0x080021c2   0x080021c2   0x00000002   PAD
    0x080021c4   0x080021c4   0x00000050   Code   RO          446    i.SystemInit        system_stm32f1xx.o
    0x08002214   0x08002214   0x0000001c   Code   RO         3294    i.TIM3_IRQHandler   _timer.o
    0x08002230   0x08002230   0x00000034   Code   RO         3295    i.TIM3_Init         _timer.o
    0x08002264   0x08002264   0x00000084   Code   RO         2286    i.TIM_Base_SetConfig  stm32f1xx_hal_tim.o
    0x080022e8   0x080022e8   0x00000038   Code   RO         3198    i.Tx_Stack_Init     rs485.o
    0x08002320   0x08002320   0x00000038   Code   RO         3096    i.UART1_Init        usart.o
    0x08002358   0x08002358   0x00000034   Code   RO         3097    i.UART2_Init        usart.o
    0x0800238c   0x0800238c   0x00000170   Code   RO         1182    i.UART_SetConfig    stm32f1xx_hal_uart.o
    0x080024fc   0x080024fc   0x00000092   Code   RO         1184    i.UART_WaitOnFlagUntilTimeout  stm32f1xx_hal_uart.o
    0x0800258e   0x0800258e   0x00000002   PAD
    0x08002590   0x08002590   0x00000048   Code   RO         3098    i.USART1_IRQHandler  usart.o
    0x080025d8   0x080025d8   0x00000028   Code   RO         3099    i.USART2_IRQHandler  usart.o
    0x08002600   0x08002600   0x00000030   Code   RO         3100    i.USART3_Init       usart.o
    0x08002630   0x08002630   0x0000005c   Code   RO         4176    i.UipPro            uip_app.o
    0x0800268c   0x0800268c   0x00000002   Code   RO          294    i.UsageFault_Handler  stm32f1xx_it.o
    0x0800268e   0x0800268e   0x0000000e   Code   RO         4695    i._is_digit         c_w.l(__printf_wp.o)
    0x0800269c   0x0800269c   0x00000002   Code   RO         3101    i._sys_exit         usart.o
    0x0800269e   0x0800269e   0x0000002a   Code   RO         3199    i.calcByte          rs485.o
    0x080026c8   0x080026c8   0x0000003a   Code   RO         3482    i.chksum            uip.o
    0x08002702   0x08002702   0x00000002   PAD
    0x08002704   0x08002704   0x0000000c   Code   RO         4113    i.clock_time        clock-arch.o
    0x08002710   0x08002710   0x00000018   Code   RO         3064    i.delay_ms          delay.o
    0x08002728   0x08002728   0x0000000e   Code   RO         3200    i.delay_us          rs485.o
    0x08002736   0x08002736   0x00000002   PAD
    0x08002738   0x08002738   0x00000174   Code   RO         4295    i.enc28j60Init      enc28j60.o
    0x080028ac   0x080028ac   0x000000b0   Code   RO         4296    i.enc28j60PacketReceive  enc28j60.o
    0x0800295c   0x0800295c   0x00000064   Code   RO         4297    i.enc28j60PacketSend  enc28j60.o
    0x080029c0   0x080029c0   0x0000002a   Code   RO         4298    i.enc28j60PhyWrite  enc28j60.o
    0x080029ea   0x080029ea   0x00000014   Code   RO         4299    i.enc28j60Read      enc28j60.o
    0x080029fe   0x080029fe   0x00000002   PAD
    0x08002a00   0x08002a00   0x00000038   Code   RO         4300    i.enc28j60ReadBuffer  enc28j60.o
    0x08002a38   0x08002a38   0x00000030   Code   RO         4302    i.enc28j60ReadOp    enc28j60.o
    0x08002a68   0x08002a68   0x00000030   Code   RO         4303    i.enc28j60SetBank   enc28j60.o
    0x08002a98   0x08002a98   0x00000018   Code   RO         4304    i.enc28j60Write     enc28j60.o
    0x08002ab0   0x08002ab0   0x00000030   Code   RO         4305    i.enc28j60WriteBuffer  enc28j60.o
    0x08002ae0   0x08002ae0   0x00000028   Code   RO         4307    i.enc28j60WriteOp   enc28j60.o
    0x08002b08   0x08002b08   0x0000000a   Code   RO         4308    i.enc28j60clkout    enc28j60.o
    0x08002b12   0x08002b12   0x00000002   PAD
    0x08002b14   0x08002b14   0x000000a0   Code   RO         4177    i.eth_poll          uip_app.o
    0x08002bb4   0x08002bb4   0x00000038   Code   RO         4223    i.etherdev_init     uip_appcall.o
    0x08002bec   0x08002bec   0x00000018   Code   RO         3102    i.fputc             usart.o
    0x08002c04   0x08002c04   0x0000000a   Code   RO         3483    i.htons             uip.o
    0x08002c0e   0x08002c0e   0x00000002   PAD
    0x08002c10   0x08002c10   0x000001f8   Code   RO            5    i.main              main.o
    0x08002e08   0x08002e08   0x00000080   Code   RO         4224    i.myudp_appcall     uip_appcall.o
    0x08002e88   0x08002e88   0x00000004   Code   RO         4134    i.tapdev_init       tapdev.o
    0x08002e8c   0x08002e8c   0x00000014   Code   RO         4135    i.tapdev_read       tapdev.o
    0x08002ea0   0x08002ea0   0x00000014   Code   RO         4136    i.tapdev_send       tapdev.o
    0x08002eb4   0x08002eb4   0x00000154   Code   RO            6    i.tcp_appcall       main.o
    0x08003008   0x08003008   0x0000001a   Code   RO         3449    i.timer_expired     timer.o
    0x08003022   0x08003022   0x0000000a   Code   RO         3450    i.timer_reset       timer.o
    0x0800302c   0x0800302c   0x0000000e   Code   RO         3452    i.timer_set         timer.o
    0x0800303a   0x0800303a   0x00000002   PAD
    0x0800303c   0x0800303c   0x00000024   Code   RO         4178    i.uIP_Net_Init      uip_app.o
    0x08003060   0x08003060   0x0000005c   Code   RO         3484    i.uip_add32         uip.o
    0x080030bc   0x080030bc   0x0000002c   Code   RO         3485    i.uip_add_rcv_nxt   uip.o
    0x080030e8   0x080030e8   0x000000a8   Code   RO         3611    i.uip_arp_arpin     uip_arp.o
    0x08003190   0x08003190   0x0000015c   Code   RO         3613    i.uip_arp_out       uip_arp.o
    0x080032ec   0x080032ec   0x00000044   Code   RO         3614    i.uip_arp_timer     uip_arp.o
    0x08003330   0x08003330   0x000000b8   Code   RO         3615    i.uip_arp_update    uip_arp.o
    0x080033e8   0x080033e8   0x000000dc   Code   RO         3487    i.uip_connect       uip.o
    0x080034c4   0x080034c4   0x00000060   Code   RO         3488    i.uip_init          uip.o
    0x08003524   0x08003524   0x00000020   Code   RO         3489    i.uip_ipchksum      uip.o
    0x08003544   0x08003544   0x00000002   Code   RO         4228    i.uip_log           uip_appcall.o
    0x08003546   0x08003546   0x00000002   PAD
    0x08003548   0x08003548   0x00000ba0   Code   RO         3491    i.uip_process       uip.o
    0x080040e8   0x080040e8   0x0000001c   Code   RO         3492    i.uip_send          uip.o
    0x08004104   0x08004104   0x00000006   Code   RO         3494    i.uip_tcpchksum     uip.o
    0x0800410a   0x0800410a   0x00000006   Code   RO         3496    i.uip_udpchksum     uip.o
    0x08004110   0x08004110   0x00000040   Code   RO         3498    i.upper_layer_chksum  uip.o
    0x08004150   0x08004150   0x00000010   Data   RO          448    .constdata          system_stm32f1xx.o
    0x08004160   0x08004160   0x00000008   Data   RO          449    .constdata          system_stm32f1xx.o
    0x08004168   0x08004168   0x00000006   Data   RO         3617    .constdata          uip_arp.o
    0x0800416e   0x0800416e   0x00000011   Data   RO         4698    .constdata          c_w.l(__printf_flags_wp.o)
    0x0800417f   0x0800417f   0x00000001   PAD
    0x08004180   0x08004180   0x00000020   Data   RO         4909    Region$$Table       anon$$obj.o


    Execution Region RW_IRAM1 (Exec base: 0x20000000, Load base: 0x080041a0, Size: 0x000015a8, Max: 0x00005000, ABSOLUTE)

    Exec Addr    Load Addr    Size         Type   Attr      Idx    E Section Name        Object

    0x20000000   0x080041a0   0x00000034   Data   RW            9    .data               main.o
    0x20000034   0x080041d4   0x00000001   Data   RW           10    .data               main.o
    0x20000035   0x080041d5   0x00000003   PAD
    0x20000038   0x080041d8   0x00000004   Data   RW          450    .data               system_stm32f1xx.o
    0x2000003c   0x080041dc   0x00000004   Data   RW          550    .data               stm32f1xx_hal.o
    0x20000040   0x080041e0   0x00000008   Data   RW         3107    .data               usart.o
    0x20000048   0x080041e8   0x00000004   Data   RW         3113    .data               usart.o
    0x2000004c   0x080041ec   0x00000008   Data   RW         3202    .data               rs485.o
    0x20000054   0x080041f4   0x00000004   Data   RW         3297    .data               _timer.o
    0x20000058   0x080041f8   0x0000002c   Data   RW         3502    .data               uip.o
    0x20000084   0x08004224   0x00000006   Data   RW         3503    .data               uip.o
    0x2000008a   0x0800422a   0x00000004   Data   RW         3504    .data               uip.o
    0x2000008e   0x0800422e   0x00000004   Data   RW         3505    .data               uip.o
    0x20000092   0x08004232   0x00000008   Data   RW         3619    .data               uip_arp.o
    0x2000009a   0x0800423a   0x00000002   PAD
    0x2000009c   0x0800423c   0x00000004   Data   RW         4114    .data               clock-arch.o
    0x200000a0   0x08004240   0x00000004   Data   RW         4179    .data               uip_app.o
    0x200000a4   0x08004244   0x00000004   Data   RW         4180    .data               uip_app.o
    0x200000a8   0x08004248   0x00000010   Data   RW         4181    .data               uip_app.o
    0x200000b8   0x08004258   0x0000000a   Data   RW         4230    .data               uip_appcall.o
    0x200000c2   0x08004262   0x00000002   PAD
    0x200000c4   0x08004264   0x0000000c   Data   RW         4311    .data               enc28j60.o
    0x200000d0        -       0x00000032   Zero   RW            7    .bss                main.o
    0x20000102        -       0x000000f2   Zero   RW            8    .bss                main.o
    0x200001f4        -       0x000000c0   Zero   RW         3104    .bss                usart.o
    0x200002b4        -       0x00000348   Zero   RW         3201    .bss                rs485.o
    0x200005fc        -       0x0000003c   Zero   RW         3296    .bss                _timer.o
    0x20000638        -       0x00000858   Zero   RW         3499    .bss                uip.o
    0x20000e90        -       0x00000060   Zero   RW         3616    .bss                uip_arp.o
    0x20000ef0        -       0x00000058   Zero   RW         4554    .bss                spi_enc28j60.o
    0x20000f48        -       0x00000060   Zero   RW         4787    .bss                c_w.l(libspace.o)
    0x20000fa8        -       0x00000200   Zero   RW          522    HEAP                startup_stm32f103xe.o
    0x200011a8        -       0x00000400   Zero   RW          521    STACK               startup_stm32f103xe.o


==============================================================================

Image component sizes


      Code (inc. data)   RO Data    RW Data    ZI Data      Debug   Object Name

       140         32          0          4         60       2908   _timer.o
        12          6          0          4          0       1207   clock-arch.o
        24          0          0          0          0        599   delay.o
      1144         52          0         12          0      10987   enc28j60.o
      1116        326          0         53        292      64956   main.o
       888         88          0          8        840      11849   rs485.o
       340         42          0          0         88       3323   spi_enc28j60.o
        64         26        304          0       1536        828   startup_stm32f103xe.o
       120         16          0          4          0       3930   stm32f1xx_hal.o
       218         14          0          0          0      26525   stm32f1xx_hal_cortex.o
       502         42          0          0          0       3196   stm32f1xx_hal_gpio.o
         2          0          0          0          0        454   stm32f1xx_hal_msp.o
      2030         98          0          0          0       6324   stm32f1xx_hal_rcc.o
       970          0          0          0          0       3809   stm32f1xx_hal_spi.o
       578         20          0          0          0       7427   stm32f1xx_hal_tim.o
         4          0          0          0          0       1746   stm32f1xx_hal_tim_ex.o
       912          4          0          0          0       5142   stm32f1xx_hal_uart.o
        20          0          0          0          0     456374   stm32f1xx_it.o
       182         16         24          4          0       2073   system_stm32f1xx.o
        44         14          0          0          0       1510   tapdev.o
        50          0          0          0          0       2106   timer.o
      3632        436          0         58       2136      19152   uip.o
       288         40          0         24          0       2977   uip_app.o
       186         40          0         10          0       3351   uip_appcall.o
       768         76          6          8         96       5238   uip_arp.o
       614         88          0         12        192       7459   usart.o

    ----------------------------------------------------------------------
     14882       1476        366        208       5240     655450   Object Totals
         0          0         32          0          0          0   (incl. Generated)
        34          0          0          7          0          0   (incl. Padding)

    ----------------------------------------------------------------------

      Code (inc. data)   RO Data    RW Data    ZI Data      Debug   Library Member Name

        24          4          0          0          0         84   __2printf.o
        44          6          0          0          0         84   __2sprintf.o
         8          0          0          0          0         68   __main.o
       312          4         17          0          0         92   __printf_flags_wp.o
        14          0          0          0          0         68   __printf_wp.o
         0          0          0          0          0          0   __rtentry.o
        12          0          0          0          0          0   __rtentry2.o
         6          0          0          0          0          0   __rtentry4.o
        52          8          0          0          0          0   __scatter.o
        26          0          0          0          0          0   __scatter_copy.o
        28          0          0          0          0          0   __scatter_zi.o
        48          6          0          0          0         96   _printf_char_common.o
        36          4          0          0          0         80   _printf_char_file.o
         6          0          0          0          0          0   _printf_d.o
       120         16          0          0          0         92   _printf_dec.o
       178          0          0          0          0         88   _printf_intcommon.o
         0          0          0          0          0          0   _printf_percent.o
         4          0          0          0          0          0   _printf_percent_end.o
        10          0          0          0          0         68   _sputc.o
        16          0          0          0          0         68   aeabi_memset.o
        18          0          0          0          0         80   exit.o
         8          0          0          0          0         68   ferror.o
         6          0          0          0          0        152   heapauxi.o
         2          0          0          0          0          0   libinit.o
         2          0          0          0          0          0   libinit2.o
         2          0          0          0          0          0   libshutdown.o
         2          0          0          0          0          0   libshutdown2.o
         8          4          0          0         96         68   libspace.o
        68          0          0          0          0         68   rt_memclr.o
        78          0          0          0          0         80   rt_memclr_w.o
       138          0          0          0          0         68   rt_memcpy_v6.o
       100          0          0          0          0         80   rt_memcpy_w.o
         2          0          0          0          0          0   rtexit.o
        10          0          0          0          0          0   rtexit2.o
        62          0          0          0          0         76   strlen.o
        74          0          0          0          0         80   sys_stackheap_outer.o
         2          0          0          0          0         68   use_no_semi.o
         2          0          0          0          0         68   use_no_semi_2.o

    ----------------------------------------------------------------------
      1534         52         18          0         96       1844   Library Totals
         6          0          1          0          0          0   (incl. Padding)

    ----------------------------------------------------------------------

      Code (inc. data)   RO Data    RW Data    ZI Data      Debug   Library Name

      1528         52         17          0         96       1844   c_w.l

    ----------------------------------------------------------------------
      1534         52         18          0         96       1844   Library Totals

    ----------------------------------------------------------------------

==============================================================================


      Code (inc. data)   RO Data    RW Data    ZI Data      Debug   

     16416       1528        384        208       5336     650166   Grand Totals
     16416       1528        384        208       5336     650166   ELF Image Totals
     16416       1528        384        208          0          0   ROM Totals

==============================================================================

    Total RO  Size (Code + RO Data)                16800 (  16.41kB)
    Total RW  Size (RW Data + ZI Data)              5544 (   5.41kB)
    Total ROM Size (Code + RO Data + RW Data)      17008 (  16.61kB)

==============================================================================

