<html>
<body>
<pre>
<h1>礦ision Build Log</h1>
<h2>Tool Versions:</h2>
IDE-Version: μVision V5.29.0.0
Copyright (C) 2019 ARM Ltd and ARM Germany GmbH. All rights reserved.
License Information: tang BaCheng, BaCheng, LIC=EXJII-TL0FM-6QZ0X-HXF9W-24WUN-VBSA2
 
Tool Versions:
Toolchain:       MDK-ARM Plus  Version: 5.29.0.0
Toolchain Path:  C:\Keil_v5\ARM\ARMCC\Bin
C Compiler:      Armcc.exe V5.06 update 6 (build 750)
Assembler:       Armasm.exe V5.06 update 6 (build 750)
Linker/Locator:  ArmLink.exe V5.06 update 6 (build 750)
Library Manager: ArmAr.exe V5.06 update 6 (build 750)
Hex Converter:   FromElf.exe V5.06 update 6 (build 750)
CPU DLL:         SARMCM3.DLL V5.29.0.0
Dialog DLL:      DCM.DLL V1.17.3.0
Target DLL:      STLink\ST-LINKIII-KEIL_SWO.dll V3.0.7.0
Dialog DLL:      TCM.DLL V1.36.5.0
 
<h2>Project:</h2>
E:\aiotcode-master\射频识别(RFID)实验装置\2.基于Linux基础实验\exp11_linux_com_uhf_rfid\stm32_UHF_RFID_Receiver\USER\UHF_RFID.uvprojx
Project File Date:  08/11/2020

<h2>Output:</h2>
*** Using Compiler 'V5.06 update 6 (build 750)', folder: 'C:\Keil_v5\ARM\ARMCC\Bin'
Build target 'UHF_RFID_RECEIVER'
compiling stm32f1xx_hal_msp.c...
compiling stm32f1xx_it.c...
compiling system_stm32f1xx.c...
compiling main.c...
..\HARDWARE\Platform_RGB_LED\Platform_RGB_LED.h(9): warning:  #1-D: last line of file ends without a newline
  #endif
main.c: 1 warning, 0 errors
compiling stm32f1xx_hal.c...
compiling stm32f1xx_hal_gpio_ex.c...
compiling stm32f1xx_hal_cortex.c...
compiling stm32f1xx_hal_gpio.c...
compiling stm32f1xx_hal_pwr.c...
compiling stm32f1xx_hal_rcc_ex.c...
compiling stm32f1xx_hal_uart.c...
compiling stm32f1xx_hal_rcc.c...
compiling stm32f1xx_hal_usart.c...
compiling delay.c...
..\HARDWARE\delay\delay.c(59): warning:  #1-D: last line of file ends without a newline
  }
..\HARDWARE\delay\delay.c(54): warning:  #177-D: variable "j"  was declared but never referenced
  	unsigned int j = 0,i;
..\HARDWARE\delay\delay.c: 2 warnings, 0 errors
compiling stm32f1xx_hal_spi.c...
compiling stm32f1xx_hal_dma.c...
compiling Platform_RGB_LED.c...
..\HARDWARE\Platform_RGB_LED\Platform_RGB_LED.h(9): warning:  #1-D: last line of file ends without a newline
  #endif
..\HARDWARE\Platform_RGB_LED\Platform_RGB_LED.c: 1 warning, 0 errors
compiling Rs485.c...
compiling Usart.c...
..\HARDWARE\Usart\Usart.c(154): warning:  #550-D: variable "Res"  was set but never used
  	unsigned char Res;
..\HARDWARE\Usart\Usart.c: 1 warning, 0 errors
compiling CC2500.c...
..\HARDWARE\CC2500\CC2500.c(502): warning:  #188-D: enumerated type mixed with another type
      return ret;
..\HARDWARE\CC2500\CC2500.c: 1 warning, 0 errors
linking...
Program Size: Code=9180 RO-data=448 RW-data=76 ZI-data=2804  
FromELF: creating hex file...
"..\OBJ\Template.axf" - 0 Error(s), 6 Warning(s).

<h2>Software Packages used:</h2>

Package Vendor: Keil
                http://www.keil.com/pack/Keil.STM32F1xx_DFP.2.3.0.pack
                Keil.STM32F1xx_DFP.2.3.0
                STMicroelectronics STM32F1 Series Device Support, Drivers and Examples

<h2>Collection of Component include folders:</h2>
  .\RTE\_UHF_RFID_RECEIVER
  C:\Keil_v5\ARM\PACK\Keil\STM32F1xx_DFP\2.3.0\Device\Include

<h2>Collection of Component Files used:</h2>
Build Time Elapsed:  00:00:42
</pre>
</body>
</html>
