################################################################################
#                                                                              #
#      IAR Universal Linker V5.0.2.5/W32                                       #
#                                                                              #
#           Link time     =  06/Jan/2020  17:19:43                             #
#           Target CPU    =  x51                                               #
#           List file     =  "D:\OuYangDong\Project\ÊµÑéÏä½¨Éè\¶àÍøÈÚºÏÊµÑé×°Ö #
#                            Ã\µÚÈýÕÂ¡¢»ùÓÚÎÞÏß´«¸ÐÍøÂçµÄÊµÑé\3.2 RSSI²É¼¯ÊµÑé #
#                            \CC2530 BasicRF\ide\srf05_cc2530\iar\temp\per_tes #
#                            t.map"                                            #
#           Output file 1 =  "D:\OuYangDong\Project\ÊµÑéÏä½¨Éè\¶àÍøÈÚºÏÊµÑé×°Ö #
#                            Ã\µÚÈýÕÂ¡¢»ùÓÚÎÞÏß´«¸ÐÍøÂçµÄÊµÑé\3.2 RSSI²É¼¯ÊµÑé #
#                            \CC2530 BasicRF\ide\srf05_cc2530\iar\per_test.hex #
#                            "                                                 #
#                            Format: intel-extended                            #
#           Output file 2 =  "D:\OuYangDong\Project\ÊµÑéÏä½¨Éè\¶àÍøÈÚºÏÊµÑé×°Ö #
#                            Ã\µÚÈýÕÂ¡¢»ùÓÚÎÞÏß´«¸ÐÍøÂçµÄÊµÑé\3.2 RSSI²É¼¯ÊµÑé #
#                            \CC2530 BasicRF\ide\srf05_cc2530\iar\per_test.d51 #
#                            "                                                 #
#                            Format: debug                                     #
#                            UBROF version 10.0.3                              #
#                            Using library modules for C-SPY (-rt)             #
#           Command line  =  "-IC:\Program Files (x86)\IAR Systems\Embedded Wo #
#                            rkbench 6.0 Evaluation\8051\CONFIG\"              #
#                            -D_NR_OF_BANKS=0x07 -D_CODEBANK_END=0xFFFF        #
#                            -D_CODEBANK_START=0x8000 -D?CBANK_MASK=0xFF       #
#                            -D?CBANK=0x9F                                     #
#                            "D:\OuYangDong\Project\ÊµÑéÏä½¨Éè\¶àÍøÈÚºÏÊµÑé×°Ö #
#                            Ã\µÚÈýÕÂ¡¢»ùÓÚÎÞÏß´«¸ÐÍøÂçµÄÊµÑé\3.2 RSSI²É¼¯ÊµÑé #
#                            \CC2530 BasicRF\ide\srf05_cc2530\iar\temp\per_tes #
#                            t\IIC.r51"                                        #
#                            "D:\OuYangDong\Project\ÊµÑéÏä½¨Éè\¶àÍøÈÚºÏÊµÑé×°Ö #
#                            Ã\µÚÈýÕÂ¡¢»ùÓÚÎÞÏß´«¸ÐÍøÂçµÄÊµÑé\3.2 RSSI²É¼¯ÊµÑé #
#                            \CC2530 BasicRF\ide\srf05_cc2530\iar\temp\per_tes #
#                            t\OLED.r51"                                       #
#                            "D:\OuYangDong\Project\ÊµÑéÏä½¨Éè\¶àÍøÈÚºÏÊµÑé×°Ö #
#                            Ã\µÚÈýÕÂ¡¢»ùÓÚÎÞÏß´«¸ÐÍøÂçµÄÊµÑé\3.2 RSSI²É¼¯ÊµÑé #
#                            \CC2530 BasicRF\ide\srf05_cc2530\iar\temp\per_tes #
#                            t\adc.r51"                                        #
#                            "D:\OuYangDong\Project\ÊµÑéÏä½¨Éè\¶àÍøÈÚºÏÊµÑé×°Ö #
#                            Ã\µÚÈýÕÂ¡¢»ùÓÚÎÞÏß´«¸ÐÍøÂçµÄÊµÑé\3.2 RSSI²É¼¯ÊµÑé #
#                            \CC2530 BasicRF\ide\srf05_cc2530\iar\temp\per_tes #
#                            t\basic_rf.r51"                                   #
#                            "D:\OuYangDong\Project\ÊµÑéÏä½¨Éè\¶àÍøÈÚºÏÊµÑé×°Ö #
#                            Ã\µÚÈýÕÂ¡¢»ùÓÚÎÞÏß´«¸ÐÍøÂçµÄÊµÑé\3.2 RSSI²É¼¯ÊµÑé #
#                            \CC2530 BasicRF\ide\srf05_cc2530\iar\temp\per_tes #
#                            t\clock.r51"                                      #
#                            "D:\OuYangDong\Project\ÊµÑéÏä½¨Éè\¶àÍøÈÚºÏÊµÑé×°Ö #
#                            Ã\µÚÈýÕÂ¡¢»ùÓÚÎÞÏß´«¸ÐÍøÂçµÄÊµÑé\3.2 RSSI²É¼¯ÊµÑé #
#                            \CC2530 BasicRF\ide\srf05_cc2530\iar\temp\per_tes #
#                            t\delay.r51"                                      #
#                            "D:\OuYangDong\Project\ÊµÑéÏä½¨Éè\¶àÍøÈÚºÏÊµÑé×°Ö #
#                            Ã\µÚÈýÕÂ¡¢»ùÓÚÎÞÏß´«¸ÐÍøÂçµÄÊµÑé\3.2 RSSI²É¼¯ÊµÑé #
#                            \CC2530 BasicRF\ide\srf05_cc2530\iar\temp\per_tes #
#                            t\hal_assert.r51"                                 #
#                            "D:\OuYangDong\Project\ÊµÑéÏä½¨Éè\¶àÍøÈÚºÏÊµÑé×°Ö #
#                            Ã\µÚÈýÕÂ¡¢»ùÓÚÎÞÏß´«¸ÐÍøÂçµÄÊµÑé\3.2 RSSI²É¼¯ÊµÑé #
#                            \CC2530 BasicRF\ide\srf05_cc2530\iar\temp\per_tes #
#                            t\hal_board.r51"                                  #
#                            "D:\OuYangDong\Project\ÊµÑéÏä½¨Éè\¶àÍøÈÚºÏÊµÑé×°Ö #
#                            Ã\µÚÈýÕÂ¡¢»ùÓÚÎÞÏß´«¸ÐÍøÂçµÄÊµÑé\3.2 RSSI²É¼¯ÊµÑé #
#                            \CC2530 BasicRF\ide\srf05_cc2530\iar\temp\per_tes #
#                            t\hal_button.r51"                                 #
#                            "D:\OuYangDong\Project\ÊµÑéÏä½¨Éè\¶àÍøÈÚºÏÊµÑé×°Ö #
#                            Ã\µÚÈýÕÂ¡¢»ùÓÚÎÞÏß´«¸ÐÍøÂçµÄÊµÑé\3.2 RSSI²É¼¯ÊµÑé #
#                            \CC2530 BasicRF\ide\srf05_cc2530\iar\temp\per_tes #
#                            t\hal_digio.r51"                                  #
#                            "D:\OuYangDong\Project\ÊµÑéÏä½¨Éè\¶àÍøÈÚºÏÊµÑé×°Ö #
#                            Ã\µÚÈýÕÂ¡¢»ùÓÚÎÞÏß´«¸ÐÍøÂçµÄÊµÑé\3.2 RSSI²É¼¯ÊµÑé #
#                            \CC2530 BasicRF\ide\srf05_cc2530\iar\temp\per_tes #
#                            t\hal_int.r51"                                    #
#                            "D:\OuYangDong\Project\ÊµÑéÏä½¨Éè\¶àÍøÈÚºÏÊµÑé×°Ö #
#                            Ã\µÚÈýÕÂ¡¢»ùÓÚÎÞÏß´«¸ÐÍøÂçµÄÊµÑé\3.2 RSSI²É¼¯ÊµÑé #
#                            \CC2530 BasicRF\ide\srf05_cc2530\iar\temp\per_tes #
#                            t\hal_joystick.r51"                               #
#                            "D:\OuYangDong\Project\ÊµÑéÏä½¨Éè\¶àÍøÈÚºÏÊµÑé×°Ö #
#                            Ã\µÚÈýÕÂ¡¢»ùÓÚÎÞÏß´«¸ÐÍøÂçµÄÊµÑé\3.2 RSSI²É¼¯ÊµÑé #
#                            \CC2530 BasicRF\ide\srf05_cc2530\iar\temp\per_tes #
#                            t\hal_lcd_srf05.r51"                              #
#                            "D:\OuYangDong\Project\ÊµÑéÏä½¨Éè\¶àÍøÈÚºÏÊµÑé×°Ö #
#                            Ã\µÚÈýÕÂ¡¢»ùÓÚÎÞÏß´«¸ÐÍøÂçµÄÊµÑé\3.2 RSSI²É¼¯ÊµÑé #
#                            \CC2530 BasicRF\ide\srf05_cc2530\iar\temp\per_tes #
#                            t\hal_led.r51"                                    #
#                            "D:\OuYangDong\Project\ÊµÑéÏä½¨Éè\¶àÍøÈÚºÏÊµÑé×°Ö #
#                            Ã\µÚÈýÕÂ¡¢»ùÓÚÎÞÏß´«¸ÐÍøÂçµÄÊµÑé\3.2 RSSI²É¼¯ÊµÑé #
#                            \CC2530 BasicRF\ide\srf05_cc2530\iar\temp\per_tes #
#                            t\hal_mcu.r51"                                    #
#                            "D:\OuYangDong\Project\ÊµÑéÏä½¨Éè\¶àÍøÈÚºÏÊµÑé×°Ö #
#                            Ã\µÚÈýÕÂ¡¢»ùÓÚÎÞÏß´«¸ÐÍøÂçµÄÊµÑé\3.2 RSSI²É¼¯ÊµÑé #
#                            \CC2530 BasicRF\ide\srf05_cc2530\iar\temp\per_tes #
#                            t\hal_rf.r51"                                     #
#                            "D:\OuYangDong\Project\ÊµÑéÏä½¨Éè\¶àÍøÈÚºÏÊµÑé×°Ö #
#                            Ã\µÚÈýÕÂ¡¢»ùÓÚÎÞÏß´«¸ÐÍøÂçµÄÊµÑé\3.2 RSSI²É¼¯ÊµÑé #
#                            \CC2530 BasicRF\ide\srf05_cc2530\iar\temp\per_tes #
#                            t\hal_timer_32k.r51"                              #
#                            "D:\OuYangDong\Project\ÊµÑéÏä½¨Éè\¶àÍøÈÚºÏÊµÑé×°Ö #
#                            Ã\µÚÈýÕÂ¡¢»ùÓÚÎÞÏß´«¸ÐÍøÂçµÄÊµÑé\3.2 RSSI²É¼¯ÊµÑé #
#                            \CC2530 BasicRF\ide\srf05_cc2530\iar\temp\per_tes #
#                            t\per_test.r51"                                   #
#                            "D:\OuYangDong\Project\ÊµÑéÏä½¨Éè\¶àÍøÈÚºÏÊµÑé×°Ö #
#                            Ã\µÚÈýÕÂ¡¢»ùÓÚÎÞÏß´«¸ÐÍøÂçµÄÊµÑé\3.2 RSSI²É¼¯ÊµÑé #
#                            \CC2530 BasicRF\ide\srf05_cc2530\iar\temp\per_tes #
#                            t\per_test_menu.r51"                              #
#                            "D:\OuYangDong\Project\ÊµÑéÏä½¨Éè\¶àÍøÈÚºÏÊµÑé×°Ö #
#                            Ã\µÚÈýÕÂ¡¢»ùÓÚÎÞÏß´«¸ÐÍøÂçµÄÊµÑé\3.2 RSSI²É¼¯ÊµÑé #
#                            \CC2530 BasicRF\ide\srf05_cc2530\iar\temp\per_tes #
#                            t\util.r51"                                       #
#                            "D:\OuYangDong\Project\ÊµÑéÏä½¨Éè\¶àÍøÈÚºÏÊµÑé×°Ö #
#                            Ã\µÚÈýÕÂ¡¢»ùÓÚÎÞÏß´«¸ÐÍøÂçµÄÊµÑé\3.2 RSSI²É¼¯ÊµÑé #
#                            \CC2530 BasicRF\ide\srf05_cc2530\iar\temp\per_tes #
#                            t\util_buffer.r51"                                #
#                            "D:\OuYangDong\Project\ÊµÑéÏä½¨Éè\¶àÍøÈÚºÏÊµÑé×°Ö #
#                            Ã\µÚÈýÕÂ¡¢»ùÓÚÎÞÏß´«¸ÐÍøÂçµÄÊµÑé\3.2 RSSI²É¼¯ÊµÑé #
#                            \CC2530 BasicRF\ide\srf05_cc2530\iar\temp\per_tes #
#                            t\util_lcd.r51"                                   #
#                            -o                                                #
#                            "D:\OuYangDong\Project\ÊµÑéÏä½¨Éè\¶àÍøÈÚºÏÊµÑé×°Ö #
#                            Ã\µÚÈýÕÂ¡¢»ùÓÚÎÞÏß´«¸ÐÍøÂçµÄÊµÑé\3.2 RSSI²É¼¯ÊµÑé #
#                            \CC2530 BasicRF\ide\srf05_cc2530\iar\per_test.d51 #
#                            "                                                 #
#                            -l                                                #
#                            "D:\OuYangDong\Project\ÊµÑéÏä½¨Éè\¶àÍøÈÚºÏÊµÑé×°Ö #
#                            Ã\µÚÈýÕÂ¡¢»ùÓÚÎÞÏß´«¸ÐÍøÂçµÄÊµÑé\3.2 RSSI²É¼¯ÊµÑé #
#                            \CC2530 BasicRF\ide\srf05_cc2530\iar\temp\per_tes #
#                            t.map"                                            #
#                            -xmsn                                             #
#                            "-IC:\Program Files (x86)\IAR Systems\Embedded Wo #
#                            rkbench 6.0 Evaluation\8051\LIB\"                 #
#                            -f                                                #
#                            "C:\Program Files (x86)\IAR Systems\Embedded Work #
#                            bench 6.0 Evaluation\8051\config\devices\Texas In #
#                            struments\lnk51ew_cc2530F256_banked.xcl"          #
#                            (-D_IDATA0_START=0x00 -D_IDATA0_END=0xFF          #
#                            -D_PDATA0_START=0x1E00 -D_PDATA0_END=0x1EFF       #
#                            -D_IXDATA0_START=0x0001 -D_IXDATA0_END=0x1EFF     #
#                            -D_XDATA0_START=_IXDATA0_START                    #
#                            -D_XDATA0_END=_IXDATA0_END                        #
#                            -D_NEAR_CODE_START=0x0000                         #
#                            -D_FIRST_BANK_ADDR=0x10000 -D?REGISTER_BANK=0x0   #
#                            -D_REGISTER_BANK_START=0x0 -D_BREG_START=0x00     #
#                            -D?VB=0x20 -D?ESP=0x9B -Z(BIT)BREG=_BREG_START    #
#                            -Z(BIT)BIT_N=0-7F                                 #
#                            -Z(DATA)REGISTERS+8=_REGISTER_BANK_START          #
#                            -Z(DATA)BDATA_Z,BDATA_N,BDATA_I=20-2F             #
#                            -Z(DATA)VREG+_NR_OF_VIRTUAL_REGISTERS=08-7F       #
#                            -Z(DATA)PSP,XSP=08-7F -Z(DATA)DOVERLAY=08-7F      #
#                            -Z(DATA)DATA_I,DATA_Z,DATA_N=08-7F                #
#                            -U(IDATA)0-7F=(DATA)0-7F                          #
#                            -Z(IDATA)IDATA_I,IDATA_Z,IDATA_N=08-_IDATA0_END   #
#                            -Z(IDATA)ISTACK+_IDATA_STACK_SIZE#08-_IDATA0_END  #
#                            -Z(IDATA)IOVERLAY=08-FF -Z(CODE)INTVEC=0          #
#                            -Z(CODE)CSTART=_NEAR_CODE_START-(_CODEBANK_START- #
#                            1)                                                #
#                            -Z(CODE)BIT_ID,BDATA_ID,DATA_ID,IDATA_ID,IXDATA_I #
#                            D,PDATA_ID,XDATA_ID=_NEAR_CODE_START-(_CODEBANK_S #
#                            TART-1)                                           #
#                            -Z(CODE)BANK_RELAYS,RCODE,DIFUNCT,CODE_C,CODE_N,N #
#                            EAR_CODE=_NEAR_CODE_START-(_CODEBANK_START-1)     #
#                            -P(CODE)BANKED_CODE=_NEAR_CODE_START-(_CODEBANK_S #
#                            TART-1),[(_CODEBANK_START+_FIRST_BANK_ADDR)-(_COD #
#                            EBANK_END+_FIRST_BANK_ADDR)]*_NR_OF_BANKS+10000   #
#                            -Z(CODE)CHECKSUM#(_CODEBANK_START-1)              #
#                            -Z(XDATA)PDATA_Z,PDATA_I=_PDATA0_START-_PDATA0_EN #
#                            D                                                 #
#                            -P(XDATA)PDATA_N=_PDATA0_START-_PDATA0_END        #
#                            -Z(XDATA)PSTACK+_PDATA_STACK_SIZE=_PDATA0_START-_ #
#                            PDATA0_END                                        #
#                            -Z(XDATA)EXT_STACK+_EXTENDED_STACK_SIZE=_EXTENDED #
#                            _STACK_START                                      #
#                            -Z(XDATA)XSTACK+_XDATA_STACK_SIZE=_XDATA0_START-_ #
#                            XDATA0_END                                        #
#                            -Z(XDATA)IXDATA_Z,IXDATA_I=_IXDATA0_START-_IXDATA #
#                            0_END                                             #
#                            -P(XDATA)IXDATA_N=_IXDATA0_START-_IXDATA0_END     #
#                            -Z(XDATA)XDATA_Z,XDATA_I=_XDATA0_START-_XDATA0_EN #
#                            D                                                 #
#                            -P(XDATA)XDATA_N=_XDATA0_START-_XDATA0_END        #
#                            -Z(XDATA)XDATA_HEAP+_XDATA_HEAP_SIZE=_XDATA0_STAR #
#                            T-_XDATA0_END                                     #
#                            -Z(CONST)XDATA_ROM_C=_XDATA0_START-_XDATA0_END    #
#                            -cx51                                             #
#                            -M(CODE)[(_CODEBANK_START+_FIRST_BANK_ADDR)-(_COD #
#                            EBANK_END+_FIRST_BANK_ADDR)]*_NR_OF_BANKS+0x10000 #
#                            =0x8000                                           #
#                            -ww69=i -D_BANK0_START=0x00000                    #
#                            -D_BANK0_END=0x07FFF -D_BANK1_START=0x18000       #
#                            -D_BANK1_END=0x1FFFF -D_BANK2_START=0x28000       #
#                            -D_BANK2_END=0x2FFFF -D_BANK3_START=0x38000       #
#                            -D_BANK3_END=0x3FFFF -D_BANK4_START=0x48000       #
#                            -D_BANK4_END=0x4FFFF -D_BANK5_START=0x58000       #
#                            -D_BANK5_END=0x5FFFF -D_BANK6_START=0x68000       #
#                            -D_BANK6_END=0x6FFFF -D_BANK7_START=0x78000       #
#                            -D_BANK7_END=0x7FFFF                              #
#                            -P(CODE)BANK0=_BANK0_START-_BANK0_END             #
#                            -P(CODE)BANK1=_BANK1_START-_BANK1_END             #
#                            -P(CODE)BANK2=_BANK2_START-_BANK2_END             #
#                            -P(CODE)BANK3=_BANK3_START-_BANK3_END             #
#                            -P(CODE)BANK4=_BANK4_START-_BANK4_END             #
#                            -P(CODE)BANK5=_BANK5_START-_BANK5_END             #
#                            -P(CODE)BANK6=_BANK6_START-_BANK6_END             #
#                            -P(CODE)BANK7=_BANK7_START-_BANK7_END             #
#                            -D_FLASH_LOCK_BITS_START=0x7FFF0                  #
#                            -D_FLASH_LOCK_BITS_END=0x7FFFF                    #
#                            -Z(CODE)FLASH_LOCK_BITS=_FLASH_LOCK_BITS_START-_F #
#                            LASH_LOCK_BITS_END                                #
#                            -U(CODE)0x0000=(CODE)_FLASH_LOCK_BITS_START-_FLAS #
#                            H_LOCK_BITS_END)                                  #
#                            -e?BCALL_FF=?BCALL -e?BRET_FF=?BRET               #
#                            -e?BDISPATCH_FF=?BDISPATCH                        #
#                            -D_NR_OF_VIRTUAL_REGISTERS=8 -D?PBANK=0x93        #
#                            -e_medium_write=_formatted_write                  #
#                            -e_medium_read=_formatted_read -rt                #
#                            "-Ointel-extended=D:\OuYangDong\Project\ÊµÑéÏä½¨É #
#                            è\¶àÍøÈÚºÏÊµÑé×°ÖÃ\µÚÈýÕÂ¡¢»ùÓÚÎÞÏß´«¸ÐÍøÂçµÄÊµÑé #
#                            \3.2 RSSI²É¼¯ÊµÑé\CC2530 BasicRF\ide\srf05_cc2530 #
#                            \iar\per_test.hex"                                #
#                            -s __program_start                                #
#                            "C:\Program Files (x86)\IAR Systems\Embedded Work #
#                            bench 6.0 Evaluation\8051\LIB\CLIB\cl-pli-blxd-1e #
#                            16x01.r51"                                        #
#                            -D_IDATA_STACK_SIZE=0x40                          #
#                            -D_EXTENDED_STACK_START=0x00                      #
#                            -D_EXTENDED_STACK_SIZE=0x00                       #
#                            -D_PDATA_STACK_SIZE=0x80                          #
#                            -D_XDATA_STACK_SIZE=0x100                         #
#                            -D_XDATA_HEAP_SIZE=0xFF -D_FAR_HEAP_SIZE=0xFFF    #
#                            -D_HUGE_HEAP_SIZE=0xFFF                           #
#                            -D_FAR22_HEAP_SIZE=0xFFF                          #
#                                                                              #
#                           Copyright (C) 1987-2010 IAR Systems AB.            #
################################################################################





                ****************************************
                *                                      *
                *           CROSS REFERENCE            *
                *                                      *
                ****************************************

       Program entry at : CODE      000000E3  Relocatable, from module : CSTARTUP




                ****************************************
                *                                      *
                *            RUNTIME MODEL             *
                *                                      *
                ****************************************

  __SystemLibrary          = CLib
  __calling_convention     = xdata_reentrant
  __code_model             = banked
  __core                   = plain
  __data_model             = large
  __dptr_size              = 16
  __extended_stack         = disabled
  __location_for_constants = data
  __number_of_dptrs        = 1
  __rt_version             = 1



                ****************************************
                *                                      *
                *              MODULE MAP              *
                *                                      *
                ****************************************


  DEFINED ABSOLUTE ENTRIES
    *************************************************************************

  DEFINED ABSOLUTE ENTRIES
  PROGRAM MODULE, NAME : ?ABS_ENTRY_MOD

Absolute parts
           ENTRY                   ADDRESS         REF BY
           =====                   =======         ======
           _FAR22_HEAP_SIZE        00000FFF 
           _HUGE_HEAP_SIZE         00000FFF 
           _FAR_HEAP_SIZE          00000FFF 
           _XDATA_HEAP_SIZE        000000FF 
           _XDATA_STACK_SIZE       00000100 
           _PDATA_STACK_SIZE       00000080 
           _EXTENDED_STACK_SIZE    00000000 
           _EXTENDED_STACK_START   00000000 
           _IDATA_STACK_SIZE       00000040 
           ?PBANK                  00000093 
           _NR_OF_VIRTUAL_REGISTERS
                                   00000008 
           _FLASH_LOCK_BITS_END    0003FFFF 
           _FLASH_LOCK_BITS_START
                                   0003FFF0 
           _BANK7_END              0003FFFF 
           _BANK7_START            00038000 
           _BANK6_END              00037FFF 
           _BANK6_START            00030000 
           _BANK5_END              0002FFFF 
           _BANK5_START            00028000 
           _BANK4_END              00027FFF 
           _BANK4_START            00020000 
           _BANK3_END              0001FFFF 
           _BANK3_START            00018000 
           _BANK2_END              00017FFF 
           _BANK2_START            00010000 
           _BANK1_END              0000FFFF 
           _BANK1_START            00008000 
           _BANK0_END              00007FFF 
           _BANK0_START            00000000 
           ?ESP                    0000009B 
           ?VB                     00000020        ?BANKED_ENTER_XDATA (?BANKED_ENTER_XDATA)
                                                   ?BANKED_LEAVE_XDATA (?BANKED_LEAVE_XDATA)
                                                   ?INTERRUPT_ENTER_XSP (?INTERRUPT_ENTER_XSP)
                                                   ?INTERRUPT_LEAVE_XSP (?INTERRUPT_LEAVE_XSP)
           _BREG_START             00000000 
           _REGISTER_BANK_START    00000000 
           ?REGISTER_BANK          00000000        Segment part 6 (CSTARTUP)
           _FIRST_BANK_ADDR        00010000 
           _NEAR_CODE_START        00000000 
           _XDATA0_END             00001EFF 
           _XDATA0_START           00000001 
           _IXDATA0_END            00001EFF 
           _IXDATA0_START          00000001 
           _PDATA0_END             00001EFF 
           _PDATA0_START           00001E00 
           _IDATA0_END             000000FF 
           _IDATA0_START           00000000 
           ?CBANK                  0000009F        ?RESET_CODE_BANK (CSTARTUP)
                                                   Segment part 0 (?BANKED_CODE_SUPPORT)
           ?CBANK_MASK             000000FF 
           _CODEBANK_START         00008000 
           _CODEBANK_END           0000FFFF 
           _NR_OF_BANKS            00000007 
    *************************************************************************

  FILE NAME : D:\OuYangDong\Project\ÊµÑéÏä½¨Éè\¶àÍøÈÚºÏÊµÑé×°ÖÃ\µÚÈýÕÂ¡¢»ùÓÚÎÞÏß´«¸ÐÍøÂçµÄÊµÑé\3.2 RSSI²É¼¯ÊµÑé\CC2530 BasicRF\ide\srf05_cc2530\iar\temp\per_test\IIC.r51
    *************************************************************************

  FILE NAME : D:\OuYangDong\Project\ÊµÑéÏä½¨Éè\¶àÍøÈÚºÏÊµÑé×°ÖÃ\µÚÈýÕÂ¡¢»ùÓÚÎÞÏß´«¸ÐÍøÂçµÄÊµÑé\3.2 RSSI²É¼¯ÊµÑé\CC2530 BasicRF\ide\srf05_cc2530\iar\temp\per_test\OLED.r51
    *************************************************************************

  FILE NAME : D:\OuYangDong\Project\ÊµÑéÏä½¨Éè\¶àÍøÈÚºÏÊµÑé×°ÖÃ\µÚÈýÕÂ¡¢»ùÓÚÎÞÏß´«¸ÐÍøÂçµÄÊµÑé\3.2 RSSI²É¼¯ÊµÑé\CC2530 BasicRF\ide\srf05_cc2530\iar\temp\per_test\adc.r51
    *************************************************************************

  FILE NAME : D:\OuYangDong\Project\ÊµÑéÏä½¨Éè\¶àÍøÈÚºÏÊµÑé×°ÖÃ\µÚÈýÕÂ¡¢»ùÓÚÎÞÏß´«¸ÐÍøÂçµÄÊµÑé\3.2 RSSI²É¼¯ÊµÑé\CC2530 BasicRF\ide\srf05_cc2530\iar\temp\per_test\basic_rf.r51
  PROGRAM MODULE, NAME : basic_rf

  SEGMENTS IN THE MODULE
  ======================
XDATA_I
  Relative segment, address: XDATA 0000023E - 00000242 (0x5 bytes), align: 0
  Segment part 49.            Intra module refs:   utilPrintLogo
    -------------------------------------------------------------------------
XDATA_I
  Relative segment, address: XDATA 00000243 - 00000247 (0x5 bytes), align: 0
  Segment part 51.            Intra module refs:   utilPrintLogo
    -------------------------------------------------------------------------
XDATA_I
  Relative segment, address: XDATA 00000248 - 0000024C (0x5 bytes), align: 0
  Segment part 53.            Intra module refs:   utilPrintLogo
    -------------------------------------------------------------------------
XDATA_I
  Relative segment, address: XDATA 0000024D - 00000251 (0x5 bytes), align: 0
  Segment part 55.            Intra module refs:   utilPrintLogo
    -------------------------------------------------------------------------
XDATA_I
  Relative segment, address: XDATA 00000252 - 00000256 (0x5 bytes), align: 0
  Segment part 57.            Intra module refs:   utilPrintLogo
    -------------------------------------------------------------------------
XDATA_I
  Relative segment, address: XDATA 00000257 - 0000025B (0x5 bytes), align: 0
  Segment part 59.            Intra module refs:   utilPrintLogo
    -------------------------------------------------------------------------
XDATA_I
  Relative segment, address: XDATA 0000025C - 00000260 (0x5 bytes), align: 0
  Segment part 61.            Intra module refs:   utilPrintLogo
    -------------------------------------------------------------------------
XDATA_I
  Relative segment, address: XDATA 00000261 - 00000265 (0x5 bytes), align: 0
  Segment part 63.            Intra module refs:   utilPrintLogo
    -------------------------------------------------------------------------
XDATA_I
  Relative segment, address: XDATA 00000266 - 0000026A (0x5 bytes), align: 0
  Segment part 65.            Intra module refs:   utilPrintLogo
    -------------------------------------------------------------------------
XDATA_I
  Relative segment, address: XDATA 0000026B - 0000026F (0x5 bytes), align: 0
  Segment part 67.            Intra module refs:   utilPrintLogo
    -------------------------------------------------------------------------
XDATA_I
  Relative segment, address: XDATA 00000270 - 00000274 (0x5 bytes), align: 0
  Segment part 69.            Intra module refs:   utilPrintLogo
    -------------------------------------------------------------------------
XDATA_I
  Relative segment, address: XDATA 00000275 - 00000282 (0xe bytes), align: 0
  Segment part 71.            Intra module refs:   utilPrintLogo
    -------------------------------------------------------------------------
XDATA_I
  Relative segment, address: XDATA 00000283 - 000002A0 (0x1e bytes), align: 0
  Segment part 73.            Intra module refs:   utilPrintLogo
    -------------------------------------------------------------------------
XDATA_I
  Relative segment, address: XDATA 000002A1 - 000002AB (0xb bytes), align: 0
  Segment part 75.            Intra module refs:   main
    -------------------------------------------------------------------------
XDATA_I
  Relative segment, address: XDATA 000002AC - 000002BB (0x10 bytes), align: 0
  Segment part 77.            Intra module refs:   main
    -------------------------------------------------------------------------
XDATA_I
  Relative segment, address: XDATA 000002BC - 000002C7 (0xc bytes), align: 0
  Segment part 79.            Intra module refs:   basicRfInit
                                                   basicRfRxFrmDoneIsr
           LOCAL                   ADDRESS         
           =====                   =======         
           rxi                     000002BC 
    -------------------------------------------------------------------------
XDATA_Z
  Relative segment, address: XDATA 00000101 - 00000107 (0x7 bytes), align: 0
  Segment part 81.            Intra module refs:   appTransmitter
                                                   basicRfInit
                                                   basicRfRxFrmDoneIsr
                                                   basicRfSendPacket
           LOCAL                   ADDRESS         
           =====                   =======         
           txState                 00000101 
    -------------------------------------------------------------------------
XDATA_Z
  Relative segment, address: XDATA 00000108 - 00000109 (0x2 bytes), align: 0
  Segment part 82.            Intra module refs:   ?Subroutine18
                                                   basicRfInit
                                                   basicRfSendPacket
           LOCAL                   ADDRESS         
           =====                   =======         
           pConfig                 00000108 
    -------------------------------------------------------------------------
XDATA_Z
  Relative segment, address: XDATA 0000010A - 0000017C (0x73 bytes), align: 0
  Segment part 83.            Intra module refs:   basicRfSendPacket
           LOCAL                   ADDRESS         
           =====                   =======         
           txMpdu                  0000010A 
    -------------------------------------------------------------------------
XDATA_Z
  Relative segment, address: XDATA 0000017D - 000001FC (0x80 bytes), align: 0
  Segment part 84.            Intra module refs:   ?Subroutine10
                                                   basicRfRxFrmDoneIsr
           LOCAL                   ADDRESS         
           =====                   =======         
           rxMpdu                  0000017D 
    -------------------------------------------------------------------------
<BANKED_CODE> 1 (was BANKED_CODE)
  Relative segment, address: CODE 00000E1B - 00000EF5 (0xdb bytes), align: 0
  Segment part 105.           Intra module refs:   basicRfRxFrmDoneIsr::?relay
           LOCAL                   ADDRESS         
           =====                   =======         
           basicRfRxFrmDoneIsr     00000E1B 
               calls direct, is indirectly called
               ISTACK = 00000000 ( 00000002 )
    -------------------------------------------------------------------------
<BANKED_CODE> 1 (was BANKED_CODE)
  Relative segment, address: CODE 00000EF6 - 00000F03 (0xe bytes), align: 0
  Segment part 107.           Intra module refs:   basicRfRxFrmDoneIsr
           LOCAL                   ADDRESS         
           =====                   =======         
           ?Subroutine10           00000EF6 
    -------------------------------------------------------------------------
<BANKED_CODE> 1 (was BANKED_CODE)
  Relative segment, address: CODE 00000F04 - 00000F82 (0x7f bytes), align: 0
  Segment part 108.           Intra module refs:   basicRfInit::?relay
           ENTRY                   ADDRESS         REF BY
           =====                   =======         ======
           basicRfInit             00000F04 
               calls direct
               XSTACK = 00000010 ( 00000009 )
    -------------------------------------------------------------------------
<BANKED_CODE> 1 (was BANKED_CODE)
  Relative segment, address: CODE 00000F83 - 00001092 (0x110 bytes), align: 0
  Segment part 110.           Intra module refs:   basicRfSendPacket::?relay
           ENTRY                   ADDRESS         REF BY
           =====                   =======         ======
           basicRfSendPacket       00000F83 
               calls direct
               XSTACK = 00000010 ( 0000000B )
               ISTACK = 00000000 ( 00000001 )
    -------------------------------------------------------------------------
<BANKED_CODE> 1 (was BANKED_CODE)
  Relative segment, address: CODE 00001093 - 0000109D (0xb bytes), align: 0
  Segment part 112.           Intra module refs:   basicRfInit
                                                   basicRfSendPacket
           LOCAL                   ADDRESS         
           =====                   =======         
           ?Subroutine9            00001093 
    -------------------------------------------------------------------------
<BANKED_CODE> 1 (was BANKED_CODE)
  Relative segment, address: CODE 0000109E - 000010AA (0xd bytes), align: 0
  Segment part 113.           Intra module refs:   basicRfInit
                                                   basicRfSendPacket
           LOCAL                   ADDRESS         
           =====                   =======         
           ?Subroutine7            0000109E 
    -------------------------------------------------------------------------
<BANKED_CODE> 1 (was BANKED_CODE)
  Relative segment, address: CODE 000010AB - 000010B0 (0x6 bytes), align: 0
  Segment part 114.           Intra module refs:   basicRfSendPacket
           LOCAL                   ADDRESS         
           =====                   =======         
           ?Subroutine6            000010AB 
    -------------------------------------------------------------------------
<BANKED_CODE> 1 (was BANKED_CODE)
  Relative segment, address: CODE 000010B1 - 000010C0 (0x10 bytes), align: 0
  Segment part 115.           Intra module refs:   ?Subroutine6
                                                   basicRfInit
           LOCAL                   ADDRESS         
           =====                   =======         
           ?Subroutine18           000010B1 
    -------------------------------------------------------------------------
SFR_AN
  Relative segment, address: DATA 00000080 - 00000080 (0x1 bytes), align: 0
  Segment part 1. ROOT.       Intra module refs:   HalLcd_HW_Control
                                                   HalLcd_HW_Write
                                                   IIC_Start
                                                   IIC_Stop
                                                   Write_IIC_Byte
                                                   halBoardInit
                                                   halLcdInit
                                                   halLedSet
                                                   halLedToggle
           ENTRY                   ADDRESS         REF BY
           =====                   =======         ======
           _A_P0                   00000080 
           LOCAL                   ADDRESS         
           =====                   =======         
           P0                      00000080 
    -------------------------------------------------------------------------
SFR_AN
  Relative segment, address: DATA 00000089 - 00000089 (0x1 bytes), align: 0
  Segment part 2. ROOT.       Intra module refs:   port0_ISR
           ENTRY                   ADDRESS         REF BY
           =====                   =======         ======
           P0IFG                   00000089 
    -------------------------------------------------------------------------
SFR_AN
  Relative segment, address: DATA 0000008A - 0000008A (0x1 bytes), align: 0
  Segment part 3. ROOT.       Intra module refs:   port1_ISR
           ENTRY                   ADDRESS         REF BY
           =====                   =======         ======
           P1IFG                   0000008A 
    -------------------------------------------------------------------------
SFR_AN
  Relative segment, address: DATA 0000008B - 0000008B (0x1 bytes), align: 0
  Segment part 4. ROOT.       Intra module refs:   port2_ISR
           ENTRY                   ADDRESS         REF BY
           =====                   =======         ======
           P2IFG                   0000008B 
    -------------------------------------------------------------------------
SFR_AN
  Relative segment, address: DATA 0000008F - 0000008F (0x1 bytes), align: 0
  Segment part 5. ROOT.       Intra module refs:   IIC_SDA_INPUT
                                                   halBoardInit
           ENTRY                   ADDRESS         REF BY
           =====                   =======         ======
           P0INP                   0000008F 
    -------------------------------------------------------------------------
SFR_AN
  Relative segment, address: DATA 00000090 - 00000090 (0x1 bytes), align: 0
  Segment part 6. ROOT.       Intra module refs:   HalLcd_HW_Control
                                                   HalLcd_HW_Write
                                                   halBoardInit
                                                   halLcdInit
                                                   halLedSet
                                                   halLedToggle
           ENTRY                   ADDRESS         REF BY
           =====                   =======         ======
           _A_P1                   00000090 
           LOCAL                   ADDRESS         
           =====                   =======         
           P1                      00000090 
    -------------------------------------------------------------------------
SFR_AN
  Relative segment, address: DATA 00000091 - 00000091 (0x1 bytes), align: 0
  Segment part 7. ROOT.       Intra module refs:   basicRfSendPacket
           ENTRY                   ADDRESS         REF BY
           =====                   =======         ======
           RFIRQF1                 00000091 
    -------------------------------------------------------------------------
SFR_AN
  Relative segment, address: DATA 0000009A - 0000009A (0x1 bytes), align: 0
  Segment part 8. ROOT.       Intra module refs:   halRfDisableRxInterrupt
                                                   halRfEnableRxInterrupt
           ENTRY                   ADDRESS         REF BY
           =====                   =======         ======
           IEN2                    0000009A 
    -------------------------------------------------------------------------
SFR_AN
  Relative segment, address: DATA 0000009B - 0000009B (0x1 bytes), align: 0
  Segment part 9. ROOT.       Intra module refs:   rfIsr
           ENTRY                   ADDRESS         REF BY
           =====                   =======         ======
           S1CON                   0000009B 
    -------------------------------------------------------------------------
SFR_AN
  Relative segment, address: DATA 0000009D - 0000009D (0x1 bytes), align: 0
  Segment part 10. ROOT.      Intra module refs:   clockSetMainSrc
           ENTRY                   ADDRESS         REF BY
           =====                   =======         ======
           SLEEPSTA                0000009D 
    -------------------------------------------------------------------------
SFR_AN
  Relative segment, address: DATA 0000009E - 0000009E (0x1 bytes), align: 0
  Segment part 11. ROOT.      Intra module refs:   clockSelect32k
                                                   clockSetMainSrc
                                                   halBoardInit
           ENTRY                   ADDRESS         REF BY
           =====                   =======         ======
           CLKCONSTA               0000009E 
    -------------------------------------------------------------------------
SFR_AN
  Relative segment, address: DATA 000000A8 - 000000A8 (0x1 bytes), align: 0
  Segment part 12. ROOT.      Intra module refs:   appTransmitter
                                                   basicRfInit
                                                   basicRfRxFrmDoneIsr
                                                   halBoardInit
                                                   rfIsr
           ENTRY                   ADDRESS         REF BY
           =====                   =======         ======
           _A_IEN0                 000000A8 
           LOCAL                   ADDRESS         
           =====                   =======         
           IEN0                    000000A8 
    -------------------------------------------------------------------------
SFR_AN
  Relative segment, address: DATA 000000AF - 000000AF (0x1 bytes), align: 0
  Segment part 13. ROOT.      Intra module refs:   appTransmitter
           ENTRY                   ADDRESS         REF BY
           =====                   =======         ======
           T1STAT                  000000AF 
    -------------------------------------------------------------------------
SFR_AN
  Relative segment, address: DATA 000000B8 - 000000B8 (0x1 bytes), align: 0
  Segment part 14. ROOT.      Intra module refs:   appTransmitter
           ENTRY                   ADDRESS         REF BY
           =====                   =======         ======
           _A_IEN1                 000000B8 
           LOCAL                   ADDRESS         
           =====                   =======         
           IEN1                    000000B8 
    -------------------------------------------------------------------------
SFR_AN
  Relative segment, address: DATA 000000BE - 000000BE (0x1 bytes), align: 0
  Segment part 15. ROOT.      Intra module refs:   clockSetMainSrc
           ENTRY                   ADDRESS         REF BY
           =====                   =======         ======
           SLEEPCMD                000000BE 
    -------------------------------------------------------------------------
SFR_AN
  Relative segment, address: DATA 000000C0 - 000000C0 (0x1 bytes), align: 0
  Segment part 16. ROOT.      Intra module refs:   port0_ISR
           ENTRY                   ADDRESS         REF BY
           =====                   =======         ======
           _A_IRCON                000000C0 
           LOCAL                   ADDRESS         
           =====                   =======         
           IRCON                   000000C0 
    -------------------------------------------------------------------------
SFR_AN
  Relative segment, address: DATA 000000C6 - 000000C6 (0x1 bytes), align: 0
  Segment part 17. ROOT.      Intra module refs:   clockSelect32k
                                                   clockSetMainSrc
           ENTRY                   ADDRESS         REF BY
           =====                   =======         ======
           CLKCONCMD               000000C6 
    -------------------------------------------------------------------------
SFR_AN
  Relative segment, address: DATA 000000D9 - 000000D9 (0x1 bytes), align: 0
  Segment part 18. ROOT.      Intra module refs:   basicRfSendPacket
                                                   halRfReadRxBuf
           ENTRY                   ADDRESS         REF BY
           =====                   =======         ======
           RFD                     000000D9 
    -------------------------------------------------------------------------
SFR_AN
  Relative segment, address: DATA 000000DA - 000000DA (0x1 bytes), align: 0
  Segment part 19. ROOT.      Intra module refs:   appTransmitter
           ENTRY                   ADDRESS         REF BY
           =====                   =======         ======
           T1CC0L                  000000DA 
    -------------------------------------------------------------------------
SFR_AN
  Relative segment, address: DATA 000000DB - 000000DB (0x1 bytes), align: 0
  Segment part 20. ROOT.      Intra module refs:   appTransmitter
           ENTRY                   ADDRESS         REF BY
           =====                   =======         ======
           T1CC0H                  000000DB 
    -------------------------------------------------------------------------
SFR_AN
  Relative segment, address: DATA 000000E1 - 000000E1 (0x1 bytes), align: 0
  Segment part 21. ROOT.      Intra module refs:   appTransmitter
                                                   basicRfSendPacket
           ENTRY                   ADDRESS         REF BY
           =====                   =======         ======
           RFST                    000000E1 
    -------------------------------------------------------------------------
SFR_AN
  Relative segment, address: DATA 000000E4 - 000000E4 (0x1 bytes), align: 0
  Segment part 22. ROOT.      Intra module refs:   appTransmitter
           ENTRY                   ADDRESS         REF BY
           =====                   =======         ======
           T1CTL                   000000E4 
    -------------------------------------------------------------------------
SFR_AN
  Relative segment, address: DATA 000000E5 - 000000E5 (0x1 bytes), align: 0
  Segment part 23. ROOT.      Intra module refs:   appTransmitter
           ENTRY                   ADDRESS         REF BY
           =====                   =======         ======
           T1CCTL0                 000000E5 
    -------------------------------------------------------------------------
SFR_AN
  Relative segment, address: DATA 000000E8 - 000000E8 (0x1 bytes), align: 0
  Segment part 24. ROOT.      Intra module refs:   port1_ISR
                                                   port2_ISR
           ENTRY                   ADDRESS         REF BY
           =====                   =======         ======
           _A_IRCON2               000000E8 
           LOCAL                   ADDRESS         
           =====                   =======         
           IRCON2                  000000E8 
    -------------------------------------------------------------------------
SFR_AN
  Relative segment, address: DATA 000000E9 - 000000E9 (0x1 bytes), align: 0
  Segment part 25. ROOT.      Intra module refs:   rfIsr
           ENTRY                   ADDRESS         REF BY
           =====                   =======         ======
           RFIRQF0                 000000E9 
    -------------------------------------------------------------------------
SFR_AN
  Relative segment, address: DATA 000000F1 - 000000F1 (0x1 bytes), align: 0
  Segment part 26. ROOT.      Intra module refs:   halBoardInit
           ENTRY                   ADDRESS         REF BY
           =====                   =======         ======
           PERCFG                  000000F1 
    -------------------------------------------------------------------------
SFR_AN
  Relative segment, address: DATA 000000F3 - 000000F3 (0x1 bytes), align: 0
  Segment part 27. ROOT.      Intra module refs:   IIC_SCL_OUTPUT
                                                   IIC_SDA_INPUT
                                                   IIC_SDA_OUTPUT
                                                   halBoardInit
                                                   halLcdInit
                                                   main
           ENTRY                   ADDRESS         REF BY
           =====                   =======         ======
           P0SEL                   000000F3 
    -------------------------------------------------------------------------
SFR_AN
  Relative segment, address: DATA 000000F4 - 000000F4 (0x1 bytes), align: 0
  Segment part 28. ROOT.      Intra module refs:   halBoardInit
                                                   halLcdInit
           ENTRY                   ADDRESS         REF BY
           =====                   =======         ======
           P1SEL                   000000F4 
    -------------------------------------------------------------------------
SFR_AN
  Relative segment, address: DATA 000000F5 - 000000F5 (0x1 bytes), align: 0
  Segment part 29. ROOT.      Intra module refs:   halBoardInit
           ENTRY                   ADDRESS         REF BY
           =====                   =======         ======
           P2SEL                   000000F5 
    -------------------------------------------------------------------------
SFR_AN
  Relative segment, address: DATA 000000F7 - 000000F7 (0x1 bytes), align: 0
  Segment part 30. ROOT.      Intra module refs:   halBoardInit
           ENTRY                   ADDRESS         REF BY
           =====                   =======         ======
           P2INP                   000000F7 
    -------------------------------------------------------------------------
SFR_AN
  Relative segment, address: DATA 000000F8 - 000000F8 (0x1 bytes), align: 0
  Segment part 31. ROOT.      Intra module refs:   HalLcd_HW_Control
                                                   HalLcd_HW_Write
                                                   halBoardInit
           ENTRY                   ADDRESS         REF BY
           =====                   =======         ======
           _A_U1CSR                000000F8 
           LOCAL                   ADDRESS         
           =====                   =======         
           U1CSR                   000000F8 
    -------------------------------------------------------------------------
SFR_AN
  Relative segment, address: DATA 000000F9 - 000000F9 (0x1 bytes), align: 0
  Segment part 32. ROOT.      Intra module refs:   HalLcd_HW_Control
                                                   HalLcd_HW_Write
           ENTRY                   ADDRESS         REF BY
           =====                   =======         ======
           U1DBUF                  000000F9 
    -------------------------------------------------------------------------
SFR_AN
  Relative segment, address: DATA 000000FA - 000000FA (0x1 bytes), align: 0
  Segment part 33. ROOT.      Intra module refs:   halBoardInit
           ENTRY                   ADDRESS         REF BY
           =====                   =======         ======
           U1BAUD                  000000FA 
    -------------------------------------------------------------------------
SFR_AN
  Relative segment, address: DATA 000000FB - 000000FB (0x1 bytes), align: 0
  Segment part 34. ROOT.      Intra module refs:   halBoardInit
           ENTRY                   ADDRESS         REF BY
           =====                   =======         ======
           U1UCR                   000000FB 
    -------------------------------------------------------------------------
SFR_AN
  Relative segment, address: DATA 000000FC - 000000FC (0x1 bytes), align: 0
  Segment part 35. ROOT.      Intra module refs:   halBoardInit
           ENTRY                   ADDRESS         REF BY
           =====                   =======         ======
           U1GCR                   000000FC 
    -------------------------------------------------------------------------
SFR_AN
  Relative segment, address: DATA 000000FD - 000000FD (0x1 bytes), align: 0
  Segment part 36. ROOT.      Intra module refs:   IIC_SCL_OUTPUT
                                                   IIC_SDA_INPUT
                                                   IIC_SDA_OUTPUT
                                                   halBoardInit
                                                   halLcdInit
                                                   main
           ENTRY                   ADDRESS         REF BY
           =====                   =======         ======
           P0DIR                   000000FD 
    -------------------------------------------------------------------------
SFR_AN
  Relative segment, address: DATA 000000FE - 000000FE (0x1 bytes), align: 0
  Segment part 37. ROOT.      Intra module refs:   halBoardInit
                                                   halLcdInit
           ENTRY                   ADDRESS         REF BY
           =====                   =======         ======
           P1DIR                   000000FE 
    -------------------------------------------------------------------------
SFR_AN
  Relative segment, address: DATA 000000FF - 000000FF (0x1 bytes), align: 0
  Segment part 38. ROOT.      Intra module refs:   halBoardInit
           ENTRY                   ADDRESS         REF BY
           =====                   =======         ======
           P2DIR                   000000FF 
    -------------------------------------------------------------------------
<BANKED_CODE> 1 (was BANKED_CODE)
  Relative segment, address: CODE 000010C1 - 000010F4 (0x34 bytes), align: 0
  Segment part 116.           Intra module refs:   clockSetMainSrc::?relay
           ENTRY                   ADDRESS         REF BY
           =====                   =======         ======
           clockSetMainSrc         000010C1 
    -------------------------------------------------------------------------
<BANKED_CODE> 1 (was BANKED_CODE)
  Relative segment, address: CODE 000010F5 - 0000111D (0x29 bytes), align: 0
  Segment part 118.           Intra module refs:   clockSelect32k::?relay
           ENTRY                   ADDRESS         REF BY
           =====                   =======         ======
           clockSelect32k          000010F5 
    -------------------------------------------------------------------------
<BANKED_CODE> 1 (was BANKED_CODE)
  Relative segment, address: CODE 0000111E - 0000114A (0x2d bytes), align: 0
  Segment part 120.           Intra module refs:   halMcuWaitUs::?relay
           ENTRY                   ADDRESS         REF BY
           =====                   =======         ======
           halMcuWaitUs            0000111E 
               XSTACK = 0000000B ( 00000000 )
    -------------------------------------------------------------------------
<BANKED_CODE> 1 (was BANKED_CODE)
  Relative segment, address: CODE 0000114B - 00001171 (0x27 bytes), align: 0
  Segment part 122.           Intra module refs:   halMcuWaitMs::?relay
           ENTRY                   ADDRESS         REF BY
           =====                   =======         ======
           halMcuWaitMs            0000114B 
               calls direct
               XSTACK = 00000010 ( 00000009 )
    -------------------------------------------------------------------------
XDATA_Z
  Relative segment, address: XDATA 000001FD - 000001FE (0x2 bytes), align: 0
  Segment part 85.            Intra module refs:   basicRfInit
                                                   rfIsr
           LOCAL                   ADDRESS         
           =====                   =======         
           pfISR                   000001FD 
    -------------------------------------------------------------------------
<BANKED_CODE> 1 (was BANKED_CODE)
  Relative segment, address: CODE 00001172 - 00001195 (0x24 bytes), align: 0
  Segment part 124.           Intra module refs:   halRfInit::?relay
           ENTRY                   ADDRESS         REF BY
           =====                   =======         ======
           halRfInit               00001172 
               calls direct
               XSTACK = 00000009 ( 00000000 )
               ISTACK = 00000000 ( 00000002 )
    -------------------------------------------------------------------------
<BANKED_CODE> 1 (was BANKED_CODE)
  Relative segment, address: CODE 00001196 - 000011AE (0x19 bytes), align: 0
  Segment part 126.           Intra module refs:   halRfReadRxBuf::?relay
           ENTRY                   ADDRESS         REF BY
           =====                   =======         ======
           halRfReadRxBuf          00001196 
               ISTACK = 00000000 ( 00000003 )
    -------------------------------------------------------------------------
<BANKED_CODE> 1 (was BANKED_CODE)
  Relative segment, address: CODE 000011AF - 000011BF (0x11 bytes), align: 0
  Segment part 128.           Intra module refs:   halRfDisableRxInterrupt::?relay
           ENTRY                   ADDRESS         REF BY
           =====                   =======         ======
           halRfDisableRxInterrupt
                                   000011AF 
               XSTACK = 0000000B ( 00000000 )
               ISTACK = 00000000 ( 00000002 )
    -------------------------------------------------------------------------
<BANKED_CODE> 1 (was BANKED_CODE)
  Relative segment, address: CODE 000011C0 - 000011D0 (0x11 bytes), align: 0
  Segment part 130.           Intra module refs:   halRfEnableRxInterrupt::?relay
           ENTRY                   ADDRESS         REF BY
           =====                   =======         ======
           halRfEnableRxInterrupt
                                   000011C0 
               XSTACK = 0000000B ( 00000000 )
               ISTACK = 00000000 ( 00000002 )
    -------------------------------------------------------------------------
NEAR_CODE
  Relative segment, address: CODE 00000CB1 - 00000CDF (0x2f bytes), align: 0
  Segment part 197.           Intra module refs:   rfIsr::??INTVEC 131
           ENTRY                   ADDRESS         REF BY
           =====                   =======         ======
           rfIsr                   00000CB1 
               interrupt function
               XSTACK = 00000000 ( 0000000E )
    -------------------------------------------------------------------------
NEAR_CODE
  Relative segment, address: CODE 00000CE0 - 00000CE4 (0x5 bytes), align: 0
  Segment part 198.           Intra module refs:   T1_ISR
                                                   rfIsr
           LOCAL                   ADDRESS         
           =====                   =======         
           ?Subroutine3            00000CE0 
    -------------------------------------------------------------------------
XDATA_Z
  Relative segment, address: XDATA 000001FF - 00000200 (0x2 bytes), align: 0
  Segment part 86.            Intra module refs:   T1_ISR
                                                   appTransmitter
           LOCAL                   ADDRESS         
           =====                   =======         
           fptr                    000001FF 
    -------------------------------------------------------------------------
NEAR_CODE
  Relative segment, address: CODE 00000CE5 - 00000CFD (0x19 bytes), align: 0
  Segment part 199.           Intra module refs:   T1_ISR::??INTVEC 75
           ENTRY                   ADDRESS         REF BY
           =====                   =======         ======
           T1_ISR                  00000CE5 
               interrupt function
               XSTACK = 00000000 ( 0000000E )
    -------------------------------------------------------------------------
<BANKED_CODE> 1 (was BANKED_CODE)
  Relative segment, address: CODE 000011D1 - 000011DC (0xc bytes), align: 0
  Segment part 132.           Intra module refs:   HalLcd_HW_Control::?relay
           LOCAL                   ADDRESS         
           =====                   =======         
           HalLcd_HW_Control       000011D1 
               XSTACK = 00000009 ( 00000000 )
    -------------------------------------------------------------------------
<BANKED_CODE> 1 (was BANKED_CODE)
  Relative segment, address: CODE 000011DD - 000011E5 (0x9 bytes), align: 0
  Segment part 134.           Intra module refs:   HalLcd_HW_Control
                                                   HalLcd_HW_Write
           LOCAL                   ADDRESS         
           =====                   =======         
           ?Subroutine0            000011DD 
    -------------------------------------------------------------------------
<BANKED_CODE> 1 (was BANKED_CODE)
  Relative segment, address: CODE 000011E6 - 000011F3 (0xe bytes), align: 0
  Segment part 135.           Intra module refs:   HalLcd_HW_Write::?relay
           LOCAL                   ADDRESS         
           =====                   =======         
           HalLcd_HW_Write         000011E6 
               XSTACK = 00000009 ( 00000000 )
    -------------------------------------------------------------------------
<BANKED_CODE> 1 (was BANKED_CODE)
  Relative segment, address: CODE 000011F4 - 00001217 (0x24 bytes), align: 0
  Segment part 137.           Intra module refs:   SET_DDRAM_ADDR::?relay
           LOCAL                   ADDRESS         
           =====                   =======         
           SET_DDRAM_ADDR          000011F4 
               calls direct
               XSTACK = 00000009 ( 00000009 )
    -------------------------------------------------------------------------
<BANKED_CODE> 1 (was BANKED_CODE)
  Relative segment, address: CODE 00001218 - 00001290 (0x79 bytes), align: 0
  Segment part 139.           Intra module refs:   halLcdInit::?relay
           ENTRY                   ADDRESS         REF BY
           =====                   =======         ======
           halLcdInit              00001218 
               calls direct
               XSTACK = 00000000 ( 00000009 )
    -------------------------------------------------------------------------
XDATA_Z
  Relative segment, address: XDATA 00000201 - 00000210 (0x10 bytes), align: 0
  Segment part 87.            Intra module refs:   port0_ISR
           LOCAL                   ADDRESS         
           =====                   =======         
           port0_isr_tbl           00000201 
    -------------------------------------------------------------------------
XDATA_Z
  Relative segment, address: XDATA 00000211 - 00000220 (0x10 bytes), align: 0
  Segment part 88.            Intra module refs:   port1_ISR
           LOCAL                   ADDRESS         
           =====                   =======         
           port1_isr_tbl           00000211 
    -------------------------------------------------------------------------
XDATA_Z
  Relative segment, address: XDATA 00000221 - 0000022A (0xa bytes), align: 0
  Segment part 89.            Intra module refs:   port2_ISR
           LOCAL                   ADDRESS         
           =====                   =======         
           port2_isr_tbl           00000221 
    -------------------------------------------------------------------------
NEAR_CODE
  Relative segment, address: CODE 00000CFE - 00000D51 (0x54 bytes), align: 0
  Segment part 200.           Intra module refs:   port0_ISR::??INTVEC 107
           ENTRY                   ADDRESS         REF BY
           =====                   =======         ======
           port0_ISR               00000CFE 
               interrupt function
               XSTACK = 00000000 ( 0000000F )
    -------------------------------------------------------------------------
NEAR_CODE
  Relative segment, address: CODE 00000D52 - 00000D56 (0x5 bytes), align: 0
  Segment part 201.           Intra module refs:   port0_ISR
                                                   port1_ISR
                                                   port2_ISR
           LOCAL                   ADDRESS         
           =====                   =======         
           ?Subroutine4            00000D52 
    -------------------------------------------------------------------------
NEAR_CODE
  Relative segment, address: CODE 00000D57 - 00000D59 (0x3 bytes), align: 0
  Segment part 202.           Intra module refs:   port0_ISR
                                                   port1_ISR
                                                   port2_ISR
           LOCAL                   ADDRESS         
           =====                   =======         
           ?Subroutine19           00000D57 
    -------------------------------------------------------------------------
NEAR_CODE
  Relative segment, address: CODE 00000D5A - 00000D61 (0x8 bytes), align: 0
  Segment part 203.           Intra module refs:   ?Subroutine19
                                                   T1_ISR
                                                   rfIsr
    -------------------------------------------------------------------------
NEAR_CODE
  Relative segment, address: CODE 00000D62 - 00000DB7 (0x56 bytes), align: 0
  Segment part 204.           Intra module refs:   port1_ISR::??INTVEC 123
           ENTRY                   ADDRESS         REF BY
           =====                   =======         ======
           port1_ISR               00000D62 
               interrupt function
               XSTACK = 00000000 ( 0000000F )
    -------------------------------------------------------------------------
NEAR_CODE
  Relative segment, address: CODE 00000DB8 - 00000DC3 (0xc bytes), align: 0
  Segment part 205.           Intra module refs:   port0_ISR
                                                   port1_ISR
                                                   port2_ISR
           LOCAL                   ADDRESS         
           =====                   =======         
           ?Subroutine20           00000DB8 
    -------------------------------------------------------------------------
NEAR_CODE
  Relative segment, address: CODE 00000DC4 - 00000E1A (0x57 bytes), align: 0
  Segment part 206.           Intra module refs:   port2_ISR::??INTVEC 51
           ENTRY                   ADDRESS         REF BY
           =====                   =======         ======
           port2_ISR               00000DC4 
               interrupt function
               XSTACK = 00000000 ( 0000000F )
    -------------------------------------------------------------------------
XDATA_Z
  Relative segment, address: XDATA 0000022B - 0000022B (0x1 bytes), align: 0
  Segment part 90.            Intra module refs:   halLedSet
                                                   halLedToggle
           ENTRY                   ADDRESS         REF BY
           =====                   =======         ======
           led4State               0000022B 
    -------------------------------------------------------------------------
XDATA_Z
  Relative segment, address: XDATA 0000022C - 00000231 (0x6 bytes), align: 0
  Segment part 91.            Intra module refs:   appTransmitter
                                                   main
           LOCAL                   ADDRESS         
           =====                   =======         
           basicRfConfig           0000022C 
    -------------------------------------------------------------------------
XDATA_Z
  Relative segment, address: XDATA 00000232 - 0000023B (0xa bytes), align: 0
  Segment part 92.            Intra module refs:   appTransmitter
           LOCAL                   ADDRESS         
           =====                   =======         
           txPacket                00000232 
    -------------------------------------------------------------------------
XDATA_Z
  Relative segment, address: XDATA 0000023C - 0000023C (0x1 bytes), align: 0
  Segment part 93.            Intra module refs:   appTimerISR
                                                   appTransmitter
                                                   main
           LOCAL                   ADDRESS         
           =====                   =======         
           appState                0000023C 
    -------------------------------------------------------------------------
XDATA_Z
  Relative segment, address: XDATA 0000023D - 0000023D (0x1 bytes), align: 0
  Segment part 94.            Intra module refs:   appTransmitter
                                                   main
           LOCAL                   ADDRESS         
           =====                   =======         
           appStarted              0000023D 
    -------------------------------------------------------------------------
<BANKED_CODE> 1 (was BANKED_CODE)
  Relative segment, address: CODE 00001291 - 0000129B (0xb bytes), align: 0
  Segment part 141.           Intra module refs:   OLED_WrCmd
                                                   OLED_WrDat
           LOCAL                   ADDRESS         
           =====                   =======         
           ?Subroutine2            00001291 
    -------------------------------------------------------------------------
<BANKED_CODE> 1 (was BANKED_CODE)
  Relative segment, address: CODE 0000129C - 000012A0 (0x5 bytes), align: 0
  Segment part 142.           Intra module refs:   ?Subroutine2
                                                   OLED_CLS
                                                   OLED_Fill
                                                   OLED_Set_Pos
                                                   SET_DDRAM_ADDR
                                                   Write_IIC_Byte
                                                   basicRfInit
                                                   halLcdInit
    -------------------------------------------------------------------------
<BANKED_CODE> 1 (was BANKED_CODE)
  Relative segment, address: CODE 000012A1 - 000012C1 (0x21 bytes), align: 0
  Segment part 143.           Intra module refs:   halAssertHandler::?relay
           ENTRY                   ADDRESS         REF BY
           =====                   =======         ======
           halAssertHandler        000012A1 
               calls direct
               XSTACK = 00000010 ( 00000000 )
               ISTACK = 00000000 ( 00000002 )
    -------------------------------------------------------------------------
<BANKED_CODE> 1 (was BANKED_CODE)
  Relative segment, address: CODE 000012C2 - 00001333 (0x72 bytes), align: 0
  Segment part 145.           Intra module refs:   halBoardInit::?relay
           ENTRY                   ADDRESS         REF BY
           =====                   =======         ======
           halBoardInit            000012C2 
               calls direct
               ISTACK = 00000000 ( 00000002 )
    -------------------------------------------------------------------------
<BANKED_CODE> 1 (was BANKED_CODE)
  Relative segment, address: CODE 00001334 - 0000135A (0x27 bytes), align: 0
  Segment part 147.           Intra module refs:   halLedSet::?relay
           ENTRY                   ADDRESS         REF BY
           =====                   =======         ======
           halLedSet               00001334 
               ISTACK = 00000000 ( 00000002 )
    -------------------------------------------------------------------------
<BANKED_CODE> 1 (was BANKED_CODE)
  Relative segment, address: CODE 0000135B - 00001361 (0x7 bytes), align: 0
  Segment part 149.           Intra module refs:   IIC_Start
                                                   IIC_Stop
                                                   OLED_Init
                                                   appTimerISR
                                                   basicRfRxFrmDoneIsr
                                                   halBoardInit
                                                   halLedSet
                                                   halLedToggle
                                                   halRfDisableRxInterrupt
                                                   halRfEnableRxInterrupt
                                                   halRfInit
                                                   halRfReadRxBuf
           LOCAL                   ADDRESS         
           =====                   =======         
           ?Subroutine1            0000135B 
    -------------------------------------------------------------------------
<BANKED_CODE> 1 (was BANKED_CODE)
  Relative segment, address: CODE 00001362 - 0000138F (0x2e bytes), align: 0
  Segment part 150.           Intra module refs:   halLedToggle::?relay
           ENTRY                   ADDRESS         REF BY
           =====                   =======         ======
           halLedToggle            00001362 
               XSTACK = 00000010 ( 00000000 )
               ISTACK = 00000000 ( 00000002 )
    -------------------------------------------------------------------------
<BANKED_CODE> 1 (was BANKED_CODE)
  Relative segment, address: CODE 00001390 - 000014AA (0x11b bytes), align: 0
  Segment part 152.           Intra module refs:   utilPrintLogo::?relay
           ENTRY                   ADDRESS         REF BY
           =====                   =======         ======
           utilPrintLogo           00001390 
               calls direct
               XSTACK = 00000000 ( 0000003A )
               ISTACK = 00000000 ( 00000002 )
    -------------------------------------------------------------------------
<BANKED_CODE> 1 (was BANKED_CODE)
  Relative segment, address: CODE 000014AB - 000014B7 (0xd bytes), align: 0
  Segment part 154.           Intra module refs:   appTimerISR::?relay
           LOCAL                   ADDRESS         
           =====                   =======         
           appTimerISR             000014AB 
               is indirectly called
               ISTACK = 00000000 ( 00000002 )
    -------------------------------------------------------------------------
<BANKED_CODE> 1 (was BANKED_CODE)
  Relative segment, address: CODE 000014B8 - 0000158E (0xd7 bytes), align: 0
  Segment part 156.           Intra module refs:   appTransmitter::?relay
           LOCAL                   ADDRESS         
           =====                   =======         
           appTransmitter          000014B8 
               calls direct
               XSTACK = 00000000 ( 00000010 )
               ISTACK = 00000000 ( 00000001 )
    -------------------------------------------------------------------------
<BANKED_CODE> 1 (was BANKED_CODE)
  Relative segment, address: CODE 0000158F - 0000160F (0x81 bytes), align: 0
  Segment part 158.
           ENTRY                   ADDRESS         REF BY
           =====                   =======         ======
           main                    0000158F        ?call_main (?cmain)
               calls direct
    -------------------------------------------------------------------------
<BANKED_CODE> 1 (was BANKED_CODE)
  Relative segment, address: CODE 00001610 - 00001618 (0x9 bytes), align: 0
  Segment part 160.           Intra module refs:   IIC_SCL_OUTPUT::?relay
           ENTRY                   ADDRESS         REF BY
           =====                   =======         ======
           IIC_SCL_OUTPUT          00001610 
               XSTACK = 00000009 ( 00000000 )
    -------------------------------------------------------------------------
<BANKED_CODE> 1 (was BANKED_CODE)
  Relative segment, address: CODE 00001619 - 00001621 (0x9 bytes), align: 0
  Segment part 162.           Intra module refs:   IIC_SDA_OUTPUT::?relay
           ENTRY                   ADDRESS         REF BY
           =====                   =======         ======
           IIC_SDA_OUTPUT          00001619 
               XSTACK = 00000009 ( 00000000 )
    -------------------------------------------------------------------------
<BANKED_CODE> 1 (was BANKED_CODE)
  Relative segment, address: CODE 00001622 - 0000162D (0xc bytes), align: 0
  Segment part 164.           Intra module refs:   IIC_SDA_INPUT::?relay
           ENTRY                   ADDRESS         REF BY
           =====                   =======         ======
           IIC_SDA_INPUT           00001622 
               XSTACK = 00000009 ( 00000000 )
    -------------------------------------------------------------------------
<BANKED_CODE> 1 (was BANKED_CODE)
  Relative segment, address: CODE 0000162E - 00001642 (0x15 bytes), align: 0
  Segment part 166.           Intra module refs:   IIC_Start::?relay
           ENTRY                   ADDRESS         REF BY
           =====                   =======         ======
           IIC_Start               0000162E 
               calls direct
               XSTACK = 00000009 ( 00000000 )
               ISTACK = 00000000 ( 00000002 )
    -------------------------------------------------------------------------
<BANKED_CODE> 1 (was BANKED_CODE)
  Relative segment, address: CODE 00001643 - 00001657 (0x15 bytes), align: 0
  Segment part 168.           Intra module refs:   IIC_Stop::?relay
           ENTRY                   ADDRESS         REF BY
           =====                   =======         ======
           IIC_Stop                00001643 
               calls direct
               XSTACK = 00000009 ( 00000000 )
               ISTACK = 00000000 ( 00000002 )
    -------------------------------------------------------------------------
<BANKED_CODE> 1 (was BANKED_CODE)
  Relative segment, address: CODE 00001658 - 00001694 (0x3d bytes), align: 0
  Segment part 170.           Intra module refs:   Write_IIC_Byte::?relay
           ENTRY                   ADDRESS         REF BY
           =====                   =======         ======
           Write_IIC_Byte          00001658 
               calls direct
               XSTACK = 00000009 ( 00000009 )
    -------------------------------------------------------------------------
<BANKED_CODE> 1 (was BANKED_CODE)
  Relative segment, address: CODE 00001695 - 000016A1 (0xd bytes), align: 0
  Segment part 172.           Intra module refs:   OLED_WrDat::?relay
           ENTRY                   ADDRESS         REF BY
           =====                   =======         ======
           OLED_WrDat              00001695 
               calls direct
               XSTACK = 00000011 ( 00000009 )
    -------------------------------------------------------------------------
<BANKED_CODE> 1 (was BANKED_CODE)
  Relative segment, address: CODE 000016A2 - 000016AE (0xd bytes), align: 0
  Segment part 174.           Intra module refs:   OLED_WrCmd::?relay
           ENTRY                   ADDRESS         REF BY
           =====                   =======         ======
           OLED_WrCmd              000016A2 
               calls direct
               XSTACK = 00000009 ( 00000009 )
    -------------------------------------------------------------------------
<BANKED_CODE> 1 (was BANKED_CODE)
  Relative segment, address: CODE 000016AF - 000016B9 (0xb bytes), align: 0
  Segment part 176.           Intra module refs:   OLED_WrCmd
                                                   OLED_WrDat
           LOCAL                   ADDRESS         
           =====                   =======         
           ?Subroutine12           000016AF 
    -------------------------------------------------------------------------
<BANKED_CODE> 1 (was BANKED_CODE)
  Relative segment, address: CODE 000016BA - 000016DF (0x26 bytes), align: 0
  Segment part 177.           Intra module refs:   OLED_Set_Pos::?relay
           ENTRY                   ADDRESS         REF BY
           =====                   =======         ======
           OLED_Set_Pos            000016BA 
               calls direct
               XSTACK = 00000011 ( 00000009 )
    -------------------------------------------------------------------------
<BANKED_CODE> 1 (was BANKED_CODE)
  Relative segment, address: CODE 000016E0 - 00001707 (0x28 bytes), align: 0
  Segment part 179.           Intra module refs:   OLED_Fill::?relay
           ENTRY                   ADDRESS         REF BY
[...]
RCODE
  Relative segment, address: CODE 00000A93 - 00000A9E (0xc bytes), align: 0
  Segment part 0.
           ENTRY                   ADDRESS         REF BY
           =====                   =======         ======
           ?XSTORE_R2345           00000A93        appTransmitter (basic_rf)
                                                   basicRfInit (basic_rf)

    -------------------------------------------------------------------------
  LIBRARY MODULE, NAME : ?MOVE_LONG8_XDATA_IDATA

  SEGMENTS IN THE MODULE
  ======================
RCODE
  Relative segment, address: CODE 00000A9F - 00000AAB (0xd bytes), align: 0
  Segment part 0.
           ENTRY                   ADDRESS         REF BY
           =====                   =======         ======
           ?MOVE_LONG8_XDATA_IDATA
                                   00000A9F        ?PUSH_XSTACK_I (?PUSH_XSTACK_I)

    -------------------------------------------------------------------------
  LIBRARY MODULE, NAME : ?MOVE_LONG8_XDATA_XDATA

  SEGMENTS IN THE MODULE
  ======================
RCODE
  Relative segment, address: CODE 00000AAC - 00000ACC (0x21 bytes), align: 0
  Segment part 0.
           ENTRY                   ADDRESS         REF BY
           =====                   =======         ======
           ?MOVE_LONG8_XDATA_XDATA
                                   00000AAC        utilPrintLogo (basic_rf)

    -------------------------------------------------------------------------
  LIBRARY MODULE, NAME : ?S_SHL

  SEGMENTS IN THE MODULE
  ======================
RCODE
  Relative segment, address: CODE 00000ACD - 00000ACF (0x3 bytes), align: 0
  Segment part 0.
           ENTRY                   ADDRESS         REF BY
           =====                   =======         ======
           ?S_SHL                  00000ACD        OLED_P16x16Ch (basic_rf)
                                                   OLED_P8x16Str (basic_rf)
                                                   port0_ISR (basic_rf)
                                                   port1_ISR (basic_rf)
                                                   port2_ISR (basic_rf)
    -------------------------------------------------------------------------
RCODE
  Relative segment, address: CODE 00000AD0 - 00000AD2 (0x3 bytes), align: 0
  Segment part 1.             Intra module refs:   Segment part 2
           ENTRY                   ADDRESS         REF BY
           =====                   =======         ======
           ?S_SHL_REW              00000AD0 
    -------------------------------------------------------------------------
RCODE
  Relative segment, address: CODE 00000AD3 - 00000ADF (0xd bytes), align: 0
  Segment part 2.             Intra module refs:   ?S_SHL
                                                   ?S_SHL_REW

    -------------------------------------------------------------------------
  LIBRARY MODULE, NAME : ?ALLOC_XSTACK8

  SEGMENTS IN THE MODULE
  ======================
RCODE
  Relative segment, address: CODE 00000AE0 - 00000AF5 (0x16 bytes), align: 0
  Segment part 0.
           ENTRY                   ADDRESS         REF BY
           =====                   =======         ======
           ?ALLOC_XSTACK8          00000AE0        OLED_P8x16Str (basic_rf)
                                                   utilPrintLogo (basic_rf)

    -------------------------------------------------------------------------
  LIBRARY MODULE, NAME : ?DEALLOC_XSTACK8

  SEGMENTS IN THE MODULE
  ======================
RCODE
  Relative segment, address: CODE 00000AF6 - 00000B0F (0x1a bytes), align: 0
  Segment part 0.
           ENTRY                   ADDRESS         REF BY
           =====                   =======         ======
           ?DEALLOC_XSTACK8        00000AF6        OLED_P8x16Str (basic_rf)
                                                   utilPrintLogo (basic_rf)

    -------------------------------------------------------------------------
  LIBRARY MODULE, NAME : ?ADD_XSTACK_DISP8

  SEGMENTS IN THE MODULE
  ======================
RCODE
  Relative segment, address: CODE 00000B10 - 00000B2A (0x1b bytes), align: 0
  Segment part 1.
           ENTRY                   ADDRESS         REF BY
           =====                   =======         ======
           ?ADD_XSTACK_DISP0_8     00000B10        ?PUSH_XSTACK_I (?PUSH_XSTACK_I)

    -------------------------------------------------------------------------
  LIBRARY MODULE, NAME : ?XSTACK_DISP8

  SEGMENTS IN THE MODULE
  ======================
RCODE
  Relative segment, address: CODE 00000B2B - 00000B34 (0xa bytes), align: 0
  Segment part 1.
           ENTRY                   ADDRESS         REF BY
           =====                   =======         ======
           ?XSTACK_DISP0_8         00000B2B        strncpy (?strncpy)
                                                   utilPrintLogo (basic_rf)

    -------------------------------------------------------------------------
  LIBRARY MODULE, NAME : ?CALL_IND

  SEGMENTS IN THE MODULE
  ======================
RCODE
  Relative segment, address: CODE 00000B35 - 00000B36 (0x2 bytes), align: 0
  Segment part 0.
           ENTRY                   ADDRESS         REF BY
           =====                   =======         ======
           ?CALL_IND               00000B35        T1_ISR (basic_rf)
                                                   port0_ISR (basic_rf)
                                                   port1_ISR (basic_rf)
                                                   port2_ISR (basic_rf)
                                                   rfIsr (basic_rf)

    -------------------------------------------------------------------------
  LIBRARY MODULE, NAME : ?BANKED_ENTER_XDATA

  SEGMENTS IN THE MODULE
  ======================
RCODE
  Relative segment, address: CODE 00000B37 - 00000BA2 (0x6c bytes), align: 0
  Segment part 1.
           ENTRY                   ADDRESS         REF BY
           =====                   =======         ======
           ?BANKED_ENTER_XDATA     00000B37        OLED_CLS (basic_rf)
                                                   OLED_Fill (basic_rf)
                                                   OLED_P16x16Ch (basic_rf)
                                                   OLED_P8x16Str (basic_rf)
                                                   OLED_Set_Pos (basic_rf)
                                                   OLED_WrCmd (basic_rf)
                                                   OLED_WrDat (basic_rf)
                                                   SET_DDRAM_ADDR (basic_rf)
                                                   Write_IIC_Byte (basic_rf)
                                                   appTransmitter (basic_rf)
                                                   basicRfInit (basic_rf)
                                                   basicRfSendPacket (basic_rf)
                                                   halLcdInit (basic_rf)
                                                   halMcuWaitMs (basic_rf)
                                                   strcat (?strcat)
                                                   strncpy (?strncpy)
                                                   utilPrintLogo (basic_rf)

    -------------------------------------------------------------------------
  LIBRARY MODULE, NAME : ?BANKED_LEAVE_XDATA

  SEGMENTS IN THE MODULE
  ======================
RCODE
  Relative segment, address: CODE 00000BA3 - 00000BE8 (0x46 bytes), align: 0
  Segment part 1.
           ENTRY                   ADDRESS         REF BY
           =====                   =======         ======
           ?BANKED_LEAVE_XDATA     00000BA3        OLED_P16x16Ch (basic_rf)
                                                   OLED_P8x16Str (basic_rf)
                                                   Segment part 142 (basic_rf)
                                                   basicRfSendPacket (basic_rf)
                                                   halMcuWaitMs (basic_rf)
                                                   strcat (?strcat)
                                                   strncpy (?strncpy)
                                                   utilPrintLogo (basic_rf)

    -------------------------------------------------------------------------
  LIBRARY MODULE, NAME : ?INTERRUPT_ENTER_XSP

  SEGMENTS IN THE MODULE
  ======================
RCODE
  Relative segment, address: CODE 00000BE9 - 00000C47 (0x5f bytes), align: 0
  Segment part 1.
           ENTRY                   ADDRESS         REF BY
           =====                   =======         ======
           ?INTERRUPT_ENTER_XSP    00000BE9        T1_ISR (basic_rf)
                                                   port0_ISR (basic_rf)
                                                   port1_ISR (basic_rf)
                                                   port2_ISR (basic_rf)
                                                   rfIsr (basic_rf)

    -------------------------------------------------------------------------
  LIBRARY MODULE, NAME : ?INTERRUPT_LEAVE_XSP

  SEGMENTS IN THE MODULE
  ======================
RCODE
  Relative segment, address: CODE 00000C48 - 00000C9F (0x58 bytes), align: 0
  Segment part 1.
           ENTRY                   ADDRESS         REF BY
           =====                   =======         ======
           ?INTERRUPT_LEAVE_XSP    00000C48        ?Subroutine3 (basic_rf)
                                                   ?Subroutine4 (basic_rf)

    -------------------------------------------------------------------------
  LIBRARY MODULE, NAME : ?PUSH_XSTACK_I

  SEGMENTS IN THE MODULE
  ======================
RCODE
  Relative segment, address: CODE 00000CA0 - 00000CA3 (0x4 bytes), align: 0
  Segment part 2.
           ENTRY                   ADDRESS         REF BY
           =====                   =======         ======
           ?PUSH_XSTACK_I_TWO      00000CA0        utilPrintLogo (basic_rf)
    -------------------------------------------------------------------------
RCODE
  Relative segment, address: CODE 00000CA4 - 00000CB0 (0xd bytes), align: 0
  Segment part 4.             Intra module refs:   ?PUSH_XSTACK_I_TWO
           ENTRY                   ADDRESS         REF BY
           =====                   =======         ======
           ?PUSH_XSTACK_I          00000CA4 

    -------------------------------------------------------------------------
  LIBRARY MODULE, NAME : ?strcat

  SEGMENTS IN THE MODULE
  ======================
<BANKED_CODE> 1 (was BANKED_CODE)
  Relative segment, address: CODE 00001965 - 0000199A (0x36 bytes), align: 0
  Segment part 6.             Intra module refs:   strcat::?relay
           ENTRY                   ADDRESS         REF BY
           =====                   =======         ======
           strcat                  00001965 
               XSTACK = 00000000 ( 00000009 )
               ISTACK = 00000000 ( 00000001 )
    -------------------------------------------------------------------------
BANK_RELAYS
  Relative segment, address: CODE 00000A34 - 00000A39 (0x6 bytes), align: 0
  Segment part 7.
           ENTRY                   ADDRESS         REF BY
           =====                   =======         ======
           strcat::?relay          00000A34        utilPrintLogo (basic_rf)

    -------------------------------------------------------------------------
  LIBRARY MODULE, NAME : ?strlen

  SEGMENTS IN THE MODULE
  ======================
<BANKED_CODE> 1 (was BANKED_CODE)
  Relative segment, address: CODE 0000199B - 000019B8 (0x1e bytes), align: 0
  Segment part 6.             Intra module refs:   strlen::?relay
           ENTRY                   ADDRESS         REF BY
           =====                   =======         ======
           strlen                  0000199B 
               ISTACK = 00000000 ( 00000002 )
    -------------------------------------------------------------------------
BANK_RELAYS
  Relative segment, address: CODE 00000A3A - 00000A3F (0x6 bytes), align: 0
  Segment part 7.
           ENTRY                   ADDRESS         REF BY
           =====                   =======         ======
           strlen::?relay          00000A3A        utilPrintLogo (basic_rf)

    -------------------------------------------------------------------------
  LIBRARY MODULE, NAME : ?strncpy

  SEGMENTS IN THE MODULE
  ======================
<BANKED_CODE> 1 (was BANKED_CODE)
  Relative segment, address: CODE 00001902 - 00001964 (0x63 bytes), align: 0
  Segment part 6.             Intra module refs:   strncpy::?relay
           ENTRY                   ADDRESS         REF BY
           =====                   =======         ======
           strncpy                 00001902 
               XSTACK = 00000002 ( 0000000A )
               ISTACK = 00000000 ( 00000001 )
    -------------------------------------------------------------------------
BANK_RELAYS
  Relative segment, address: CODE 00000A40 - 00000A45 (0x6 bytes), align: 0
  Segment part 7.
           ENTRY                   ADDRESS         REF BY
           =====                   =======         ======
           strncpy::?relay         00000A40        utilPrintLogo (basic_rf)

    -------------------------------------------------------------------------
  LIBRARY MODULE, NAME : ?low_level_init

  SEGMENTS IN THE MODULE
  ======================
CSTART
  Relative segment, address: CODE 00000113 - 00000115 (0x3 bytes), align: 0
  Segment part 6. ROOT.
           ENTRY                   ADDRESS         REF BY
           =====                   =======         ======
           __low_level_init        00000113        __low_level_init_call (?cmain)




                ****************************************
                *                                      *
                *            MODULE SUMMARY            *
                *                                      *
                ****************************************

Module                    CODE      DATA      XDATA  IDATA    BIT
------                    ----      ----      -----  -----    ---
                         (Rel)  (Rel)  (Abs)  (Rel)  (Rel)  (Rel)
?ADD_XSTACK_DISP8           27
?ALLOC_XSTACK8              22
?BANKED_CODE_SUPPORT        30
?BANKED_ENTER_XDATA        108
?BANKED_LEAVE_XDATA         70
?CALL_IND                    2
?DEALLOC_XSTACK8            26
?INTERRUPT_ENTER_XSP        95
?INTERRUPT_LEAVE_XSP        88
?L_ADD_TO_X                 19
?L_MOV_X                    15
?MOVE_LONG8_XDATA_IDATA     13
?MOVE_LONG8_XDATA_XDATA     33
?PUSH_XSTACK_I              17
?S_SHL                      19
?UL_GE_X                    31
?XLOAD_R2345                12
?XSTACK_DISP8               10
?XSTORE_R2345               12
?cexit                       5
?cmain                      88
?low_level_init              3
?strcat                     60
?strlen                     36
?strncpy                   105
CSTARTUP                    18
  + common                   3
VIRTUAL_REGISTERS                   2                           8
basic_rf                 5 487            38  2 435
  + common                 134
N/A (command line)                 16           256     64
N/A (alignment)
----------               -----     --     --  -----     --      -
Total:                   6 451     18     38  2 691     64      8
  + common                 134


                ****************************************
                *                                      *
                *      SEGMENTS IN ADDRESS ORDER       *
                *                                      *
                ****************************************


SEGMENT              SPACE    START ADDRESS   END ADDRESS     SIZE  TYPE  ALIGN
=======              =====    =============   ===========     ====  ====  =====
INTVEC               CODE          00000000 - 00000085          86   com    0
CSTART               CODE          00000086 - 00000115          90   rel    0
IDATA_ID             CODE               00000116                     dse    0
BIT_ID               CODE               00000116                     dse    0
BDATA_ID             CODE               00000116                     dse    0
IXDATA_ID            CODE               00000116                     dse    0
PDATA_ID             CODE               00000116                     dse    0
DATA_ID              CODE               00000116                     dse    0
XDATA_ID             CODE          00000116 - 0000095B         846   rel    0
BANK_RELAYS          CODE          0000095C - 00000A45          EA   rel    0
RCODE                CODE          00000A46 - 00000CB0         26B   rel    0
DIFUNCT              CODE               00000CB1                     dse    0
CODE_C               CODE               00000CB1                     dse    0
CODE_N               CODE               00000CB1                     dse    0
NEAR_CODE            CODE          00000CB1 - 00000E1A         16A   rel    0
<BANKED_CODE> 1      CODE          00000E1B - 000019B8         B9E   rel    0
REGISTERS            DATA          00000000 - 00000007           8   rel    0
VREG                 DATA          00000008 - 0000000F           8   rel    0
PSP                  DATA               00000010                     dse    0
XSP                  DATA          00000010 - 00000011           2   rel    0
BREG                 BIT        00000020.0  -  00000020.7        8   rel    0
SFR_AN               DATA          00000080 - 00000080           1   rel    0
                     DATA          00000089 - 0000008B           3 
                     DATA          0000008F - 00000091           3 
                     DATA          0000009A - 0000009B           2 
                     DATA          0000009D - 0000009E           2 
                     DATA          000000A8 - 000000A8           1 
                     DATA          000000AF - 000000AF           1 
                     DATA          000000B8 - 000000B8           1 
                     DATA          000000BE - 000000BE           1 
                     DATA          000000C0 - 000000C0           1 
                     DATA          000000C6 - 000000C6           1 
                     DATA          000000D9 - 000000DB           3 
                     DATA          000000E1 - 000000E1           1 
                     DATA          000000E4 - 000000E5           2 
                     DATA          000000E8 - 000000E9           2 
                     DATA          000000F1 - 000000F1           1 
                     DATA          000000F3 - 000000F5           3 
                     DATA          000000F7 - 000000FF           9 
XSTACK               XDATA         00000001 - 00000100         100   rel    0
XDATA_Z              XDATA         00000101 - 0000023D         13D   rel    0
XDATA_I              XDATA         0000023E - 00000A83         846   rel    0
ISTACK               IDATA         000000C0 - 000000FF          40   rel    0

                ****************************************
                *                                      *
                *        END OF CROSS REFERENCE        *
                *                                      *
                ****************************************

 6 585 bytes of CODE  memory
    18 bytes of DATA  memory (+ 38 absolute )
 2 691 bytes of XDATA memory
    64 bytes of IDATA memory
     8 bits  of BIT   memory

Errors: none
Warnings: none

