<html>
<body>
<pre>
<h1>礦ision Build Log</h1>
<h2>Tool Versions:</h2>
IDE-Version: μVision V5.29.0.0
Copyright (C) 2019 ARM Ltd and ARM Germany GmbH. All rights reserved.
License Information: tang BaCheng, BaCheng, LIC=EXJII-TL0FM-6QZ0X-HXF9W-24WUN-VBSA2
 
Tool Versions:
Toolchain:       MDK-ARM Plus  Version: 5.29.0.0
Toolchain Path:  C:\Keil_v5\ARM\ARMCC\Bin
C Compiler:      Armcc.exe V5.06 update 6 (build 750)
Assembler:       Armasm.exe V5.06 update 6 (build 750)
Linker/Locator:  ArmLink.exe V5.06 update 6 (build 750)
Library Manager: ArmAr.exe V5.06 update 6 (build 750)
Hex Converter:   FromElf.exe V5.06 update 6 (build 750)
CPU DLL:         SARMCM3.DLL V5.29.0.0
Dialog DLL:      DCM.DLL V1.17.3.0
Target DLL:      STLink\ST-LINKIII-KEIL_SWO.dll V3.0.7.0
Dialog DLL:      TCM.DLL V1.36.5.0
 
<h2>Project:</h2>
E:\aiotcode-master\多网融合实验装置\4.综合应用实验\IPV4_LORA\IPV4\IPV4_TCP_Client\USER\IPV4_TCP_Client.uvprojx
Project File Date:  08/11/2020

<h2>Output:</h2>
*** Using Compiler 'V5.06 update 6 (build 750)', folder: 'C:\Keil_v5\ARM\ARMCC\Bin'
Build target 'IPv4'
compiling stm32f1xx_it.c...
compiling stm32f1xx_hal_msp.c...
assembling startup_stm32f103xe.s...
compiling system_stm32f1xx.c...
compiling main.c...
compiling stm32f1xx_hal_cortex.c...
compiling stm32f1xx_hal.c...
compiling stm32f1xx_hal_gpio_ex.c...
compiling stm32f1xx_hal_gpio.c...
compiling stm32f1xx_hal_pwr.c...
compiling stm32f1xx_hal_rcc_ex.c...
compiling stm32f1xx_hal_uart.c...
compiling stm32f1xx_hal_rcc.c...
compiling stm32f1xx_hal_usart.c...
compiling stm32f1xx_hal_adc_ex.c...
compiling stm32f1xx_hal_dma.c...
compiling stm32f1xx_hal_adc.c...
compiling stm32f1xx_hal_spi.c...
compiling delay.c...
compiling stm32f1xx_hal_tim_ex.c...
compiling stm32f1xx_hal_tim.c...
compiling memb.c...
..\HARDWARE\uip_1_0\lib\memb.c(100): warning:  #68-D: integer conversion resulted in a change of sign
    return -1;
..\HARDWARE\uip_1_0\lib\memb.c: 1 warning, 0 errors
compiling USART.c...
compiling RS485.c...
compiling timer.c...
compiling _timer.c...
compiling psock.c...
..\HARDWARE\uip_1_0\uip\psock.c(189): warning:  #513-D: a value of type "const char *" cannot be assigned to an entity of type "const u8_t *"
    s->sendptr = buf;
..\HARDWARE\uip_1_0\uip\psock.c(180): warning:  #550-D: variable "PT_YIELD_FLAG"  was set but never used
    PT_BEGIN(&s->psockpt);
..\HARDWARE\uip_1_0\uip\psock.c(219): warning:  #550-D: variable "PT_YIELD_FLAG"  was set but never used
    PT_BEGIN(&s->psockpt);
..\HARDWARE\uip_1_0\uip\psock.c(277): warning:  #167-D: argument of type "char *" is incompatible with parameter of type "u8_t *"
    buf_setup(&psock->buf, psock->bufptr, psock->bufsize);
..\HARDWARE\uip_1_0\uip\psock.c(275): warning:  #550-D: variable "PT_YIELD_FLAG"  was set but never used
    PT_BEGIN(&psock->psockpt);
..\HARDWARE\uip_1_0\uip\psock.c(304): warning:  #167-D: argument of type "char *" is incompatible with parameter of type "u8_t *"
    buf_setup(&psock->buf, psock->bufptr, psock->bufsize);
..\HARDWARE\uip_1_0\uip\psock.c(302): warning:  #550-D: variable "PT_YIELD_FLAG"  was set but never used
    PT_BEGIN(&psock->psockpt);
..\HARDWARE\uip_1_0\uip\psock.c(335): warning:  #167-D: argument of type "char *" is incompatible with parameter of type "u8_t *"
    buf_setup(&psock->buf, buffer, buffersize);
..\HARDWARE\uip_1_0\uip\psock.c: 8 warnings, 0 errors
compiling uip_arp.c...
compiling uip.c...
compiling uip-fw.c...
compiling uiplib.c...
compiling uip-split.c...
compiling uip-neighbor.c...
compiling httpd.c...
..\HARDWARE\uip_1_0\apps\webserver\httpd.c(97): warning:  #550-D: variable "PT_YIELD_FLAG"  was set but never used
    PSOCK_BEGIN(&s->sout);
..\HARDWARE\uip_1_0\apps\webserver\httpd.c(111): warning:  #550-D: variable "PT_YIELD_FLAG"  was set but never used
    PSOCK_BEGIN(&s->sout);
..\HARDWARE\uip_1_0\apps\webserver\httpd.c(132): warning:  #550-D: variable "PT_YIELD_FLAG"  was set but never used
    PT_BEGIN(&s->scriptpt);
..\HARDWARE\uip_1_0\apps\webserver\httpd.c(192): warning:  #550-D: variable "PT_YIELD_FLAG"  was set but never used
    PSOCK_BEGIN(&s->sout);
..\HARDWARE\uip_1_0\apps\webserver\httpd.c(227): warning:  #550-D: variable "PT_YIELD_FLAG"  was set but never used
    PT_BEGIN(&s->outputpt);
..\HARDWARE\uip_1_0\apps\webserver\httpd.c(263): warning:  #550-D: variable "PT_YIELD_FLAG"  was set but never used
    PSOCK_BEGIN(&s->sin);
..\HARDWARE\uip_1_0\apps\webserver\httpd.c: 6 warnings, 0 errors
compiling http-strings.c...
compiling clock-arch.c...
compiling httpd-cgi.c...
..\HARDWARE\uip_1_0\apps\webserver\httpd-cgi.c(67): warning:  #550-D: variable "PT_YIELD_FLAG"  was set but never used
    PSOCK_BEGIN(&s->sout);
..\HARDWARE\uip_1_0\apps\webserver\httpd-cgi.c(95): warning:  #550-D: variable "PT_YIELD_FLAG"  was set but never used
    PSOCK_BEGIN(&s->sout);
..\HARDWARE\uip_1_0\apps\webserver\httpd-cgi.c(167): warning:  #550-D: variable "PT_YIELD_FLAG"  was set but never used
    PSOCK_BEGIN(&s->sout);
..\HARDWARE\uip_1_0\apps\webserver\httpd-cgi.c(189): warning:  #550-D: variable "PT_YIELD_FLAG"  was set but never used
    PSOCK_BEGIN(&s->sout);
..\HARDWARE\uip_1_0\apps\webserver\httpd-cgi.c: 4 warnings, 0 errors
compiling httpd-fs.c...
compiling uIP_App.c...
..\HARDWARE\uip_1_0\unix\uIP_App.c(150): warning:  #177-D: variable "ipaddr"  was declared but never referenced
  	uip_ipaddr_t ipaddr;	
..\HARDWARE\uip_1_0\unix\uIP_App.c: 1 warning, 0 errors
compiling tapdev.c...
compiling uIP_AppCall.c...
..\HARDWARE\uip_1_0\unix\uIP_AppCall.c(121): warning:  #177-D: function "connected"  was declared but never referenced
  static void connected(void)
..\HARDWARE\uip_1_0\unix\uIP_AppCall.c(248): warning:  #177-D: function "newdata"  was declared but never referenced
  static void newdata(void)
..\HARDWARE\uip_1_0\unix\uIP_AppCall.c(296): warning:  #177-D: function "senddata"  was declared but never referenced
  static void senddata(void)
..\HARDWARE\uip_1_0\unix\uIP_AppCall.c(34): warning:  #177-D: variable "CRCValue"  was declared but never referenced
  static uint16_t CRCValue;
..\HARDWARE\uip_1_0\unix\uIP_AppCall.c(35): warning:  #177-D: variable "OpenGateCmdFromPC"  was declared but never referenced
  static uint8_t  OpenGateCmdFromPC = 0x01;
..\HARDWARE\uip_1_0\unix\uIP_AppCall.c: 5 warnings, 0 errors
compiling enc28j60.c...
..\HARDWARE\ENC28J60\enc28j60.c(212): warning:  #177-D: variable "sta"  was declared but never referenced
        static uint8_t sta;
..\HARDWARE\ENC28J60\enc28j60.c: 1 warning, 0 errors
compiling spi_enc28j60.c...
compiling ip_arp_udp_tcp.c...
..\HARDWARE\ENC28J60\ip_arp_udp_tcp.c(428): warning:  #1293-D: assignment in condition
      while ((c = pgm_read_byte(progmem_s++))) 
..\HARDWARE\ENC28J60\ip_arp_udp_tcp.c: 1 warning, 0 errors
compiling web_server.c...
..\HARDWARE\ENC28J60\web_server.c(83): warning:  #68-D: integer conversion resulted in a change of sign
          return(-1);	//密码错误 
..\HARDWARE\ENC28J60\web_server.c(102): warning:  #68-D: integer conversion resulted in a change of sign
      return(-2);
..\HARDWARE\ENC28J60\web_server.c(259): warning:  #514-D: pointless comparison of unsigned integer with a negative constant
                if (cmd==-1)
..\HARDWARE\ENC28J60\web_server.c(299): warning:  #167-D: argument of type "unsigned char *" is incompatible with parameter of type "char *"
            make_udp_reply_from_request(buf,buf1,payloadlen,myudpport);          
..\HARDWARE\ENC28J60\web_server.c(304): warning:  #111-D: statement is unreachable
            return (0);
..\HARDWARE\ENC28J60\web_server.c(294): warning:  #177-D: label "ANSWER"  was declared but never referenced
            ANSWER:
..\HARDWARE\ENC28J60\web_server.c: 6 warnings, 0 errors
linking...
Program Size: Code=16108 RO-data=384 RW-data=204 ZI-data=5148  
FromELF: creating hex file...
"..\OBJ\Template.axf" - 0 Error(s), 33 Warning(s).

<h2>Software Packages used:</h2>

Package Vendor: Keil
                http://www.keil.com/pack/Keil.STM32F1xx_DFP.2.3.0.pack
                Keil.STM32F1xx_DFP.2.3.0
                STMicroelectronics STM32F1 Series Device Support, Drivers and Examples

<h2>Collection of Component include folders:</h2>
  .\RTE\_IPv4
  C:\Keil_v5\ARM\PACK\Keil\STM32F1xx_DFP\2.3.0\Device\Include

<h2>Collection of Component Files used:</h2>
Build Time Elapsed:  00:01:44
</pre>
</body>
</html>
